<html>
<body>
<pre>
<h1>礦ision Build Log</h1>
<h2>Tool Versions:</h2>
IDE-Version: μVision V5.34.0.0
Copyright (C) 2021 ARM Ltd and ARM Germany GmbH. All rights reserved.
License Information: 1 gyy123, 1, LIC=BUURY-I5CUT-JJ76S-LR70B-S64J6-BNQQL
 
Tool Versions:
Toolchain:       MDK-ARM Plus  Version: 5.24.1
Toolchain Path:  D:\keil5\keil5_MDK\keil5_MDK_32\ARM\ARMCC\Bin
C Compiler:      Armcc.exe V5.06 update 5 (build 528)
Assembler:       Armasm.exe V5.06 update 5 (build 528)
Linker/Locator:  ArmLink.exe V5.06 update 5 (build 528)
Library Manager: ArmAr.exe V5.06 update 5 (build 528)
Hex Converter:   FromElf.exe V5.06 update 5 (build 528)
CPU DLL:         SARMCM3.DLL V5.24.1
Dialog DLL:      DCM.DLL V1.16.0.0
Target DLL:      CMSIS_AGDI.dll V1.28.3.0
Dialog DLL:      TCM.DLL V1.32.0.0
 
<h2>Project:</h2>
D:\AAA位置标定项目\STM32F4_Test\IIC_Test\MDK-ARM\IIC_Test.uvprojx
Project File Date:  09/03/2024

<h2>Output:</h2>
*** Using Compiler 'V5.06 update 5 (build 528)', folder: 'D:\keil5\keil5_MDK\keil5_MDK_32\ARM\ARMCC\Bin'
Rebuild target 'IIC_Test'
assembling startup_stm32f407xx.s...
compiling bmi088.c...
compiling bmi08g.c...
compiling bmi08a.c...
compiling stm32f4xx_hal_i2c_ex.c...
compiling gpio.c...
compiling position.c...
..\BMI088\position.c(103): warning:  #550-D: variable "speed_xyz_drift"  was set but never used
      static Vector3 speed_xyz_drift;
..\BMI088\position.c: 1 warning, 0 errors
compiling stm32f4xx_it.c...
compiling usart.c...
compiling imu.c...
..\BMI088\imu.c(111): warning:  #1035-D: single-precision operand implicitly converted to double-precision
      c = 1.0 + 2.0 * cosf(
_PI_F / 4.0) * ohm + ohm * ohm;
..\BMI088\imu.c(121): warning:  #1035-D: single-precision operand implicitly converted to double-precision
          My_Filter._a21 = (1.0 - 2.0 * cosf(
_PI_F / 4.0) * ohm + ohm * ohm) / c;
..\BMI088\imu.c: 2 warnings, 0 errors
compiling stm32f4xx_hal_rcc.c...
compiling tim.c...
compiling i2c.c...
compiling stm32f4xx_hal_msp.c...
compiling main.c...
../Core/Src/main.c(315): warning:  #177-D: variable "result"  was declared but never referenced
  	 uint16_t* result = NULL;
../Core/Src/main.c: 1 warning, 0 errors
compiling stm32f4xx_hal_i2c.c...
compiling stm32f4xx_hal_pwr_ex.c...
compiling stm32f4xx_hal_flash_ramfunc.c...
compiling stm32f4xx_hal_flash_ex.c...
compiling stm32f4xx_hal_rcc_ex.c...
compiling stm32f4xx_hal_cortex.c...
compiling stm32f4xx_hal_pwr.c...
compiling stm32f4xx_hal_gpio.c...
compiling stm32f4xx_hal.c...
compiling stm32f4xx_hal_dma.c...
compiling stm32f4xx_hal_exti.c...
compiling stm32f4xx_hal_flash.c...
compiling stm32f4xx_hal_dma_ex.c...
compiling eMPL_outputs.c...
compiling hal_outputs.c...
compiling mlmath.c...
compiling data_builder.c...
compiling ml_math_func.c...
compiling mpl.c...
compiling start_manager.c...
compiling results_holder.c...
compiling message_layer.c...
compiling storage_manager.c...
compiling delay.c...
compiling system_stm32f4xx.c...
compiling sys.c...
compiling myiic.c...
compiling mpu9250.c...
compiling stm32f4xx_hal_tim_ex.c...
compiling log_stm32.c...
compiling stm32f4xx_hal_uart.c...
compiling inv_mpu_dmp_motion_driver.c...
compiling vl53l0x_api.c...
compiling inv_mpu.c...
compiling stm32f4xx_hal_tim.c...
compiling vl53l0x_i2c.c...
compiling vl53l0x_platform.c...
compiling vl53l0x_api_ranging.c...
compiling vl53l0x_api_calibration.c...
compiling vl53l0x_api_strings.c...
compiling vl53l0x.c...
compiling vl53l0x_gen.c...
compiling vl53l0x_cali.c...
compiling vl53l0x_api_core.c...
linking...
Program Size: Code=73268 RO-data=4228 RW-data=1076 ZI-data=9124  
FromELF: creating hex file...
After Build - User command #1: D:\AAA位置标定项目\STM32F4_Test\IIC_Test\MDK-ARM\Keil5_disp_size_bar_v0.3.exe
[Keil5_disp_size_bar V0.3]: start find map file
[Keil5_disp_size_bar V0.3]: Found:D:\AAA位置标定项目\STM32F4_Test\IIC_Test\MDK-ARM\IIC_Test\IIC_Test.map
[Keil5_disp_size_bar V0.3]: found end
ram:
   64 KB   ram1:|____________________|  0.00 % (    0.00 KB /    64.00 KB) [65536 B]
  128 KB   ram2:|■___________________|  7.78 % (    9.96 KB /   128.00 KB) [120872 B]
flash:
  512 KB flash1:|■■__________________| 14.78 % (   75.68 KB /   512.00 KB) [446792 B]
 
"IIC_Test\IIC_Test.axf" - 0 Error(s), 4 Warning(s).

<h2>Software Packages used:</h2>

Package Vendor: ARM
                https://www.keil.com/pack/ARM.CMSIS.6.1.0.pack
                ARM.CMSIS.6.1.0
                CMSIS (Common Microcontroller Software Interface Standard)
   * Component: CORE Version: 6.1.0

Package Vendor: Keil
                https://www.keil.com/pack/Keil.STM32F4xx_DFP.2.17.1.pack
                Keil.STM32F4xx_DFP.2.17.1
                STMicroelectronics STM32F4 Series Device Support, Drivers and Examples

<h2>Collection of Component include folders:</h2>
  .\RTE\_IIC_Test
  D:\keil5\keil5_MDK\keil5_MDK_32\ARM\PACK\ARM\CMSIS\6.1.0\CMSIS\Core\Include
  D:\keil5\keil5_MDK\keil5_MDK_32\ARM\PACK\Keil\STM32F4xx_DFP\2.17.1\Drivers\CMSIS\Device\ST\STM32F4xx\Include

<h2>Collection of Component Files used:</h2>

   * Component: ARM::CMSIS:CORE:6.1.0
Build Time Elapsed:  00:00:12
</pre>
</body>
</html>
