<html>
<body>
<pre>
<h1>礦ision Build Log</h1>
<h2>Tool Versions:</h2>
IDE-Version: μVision V5.34.0.0
Copyright (C) 2021 ARM Ltd and ARM Germany GmbH. All rights reserved.
License Information: 1 gyy123, 1, LIC=BUURY-I5CUT-JJ76S-LR70B-S64J6-BNQQL
 
Tool Versions:
Toolchain:       MDK-ARM Plus  Version: 5.24.1
Toolchain Path:  D:\keil5\keil5_MDK\keil5_MDK_32\ARM\ARMCC\Bin
C Compiler:      Armcc.exe V5.06 update 5 (build 528)
Assembler:       Armasm.exe V5.06 update 5 (build 528)
Linker/Locator:  ArmLink.exe V5.06 update 5 (build 528)
Library Manager: ArmAr.exe V5.06 update 5 (build 528)
Hex Converter:   FromElf.exe V5.06 update 5 (build 528)
CPU DLL:         SARMCM3.DLL V5.24.1
Dialog DLL:      DCM.DLL V1.16.0.0
Target DLL:      CMSIS_AGDI.dll V1.28.3.0
Dialog DLL:      TCM.DLL V1.32.0.0
 
<h2>Project:</h2>
d:\AAA位置标定项目\STM32F4_Test\IIC_Test\MDK-ARM\IIC_Test.uvprojx
Project File Date:  08/22/2024

<h2>Output:</h2>
*** Using Compiler 'V5.06 update 5 (build 528)', folder: 'D:\keil5\keil5_MDK\keil5_MDK_32\ARM\ARMCC\Bin'
Rebuild target 'IIC_Test'
compiling bmi088.c...
assembling startup_stm32f407xx.s...
compiling bmi08a.c...
compiling bmi08g.c...
compiling stm32f4xx_hal_msp.c...
compiling stm32f4xx_hal_i2c_ex.c...
compiling usart.c...
compiling gpio.c...
compiling stm32f4xx_it.c...
compiling tim.c...
compiling position.c...
..\BMI088\position.c(103): warning:  #550-D: variable "speed_xyz_drift"  was set but never used
      static Vector3 speed_xyz_drift;
..\BMI088\position.c: 1 warning, 0 errors
compiling imu.c...
..\BMI088\imu.c(111): warning:  #1035-D: single-precision operand implicitly converted to double-precision
      c = 1.0 + 2.0 * cosf(
_PI_F / 4.0) * ohm + ohm * ohm;
..\BMI088\imu.c(121): warning:  #1035-D: single-precision operand implicitly converted to double-precision
          My_Filter._a21 = (1.0 - 2.0 * cosf(
_PI_F / 4.0) * ohm + ohm * ohm) / c;
..\BMI088\imu.c: 2 warnings, 0 errors
compiling i2c.c...
compiling stm32f4xx_hal_rcc.c...
compiling main.c...
compiling stm32f4xx_hal_i2c.c...
compiling stm32f4xx_hal_flash_ex.c...
compiling stm32f4xx_hal_pwr.c...
compiling stm32f4xx_hal_flash_ramfunc.c...
compiling stm32f4xx_hal_pwr_ex.c...
compiling stm32f4xx_hal_cortex.c...
compiling stm32f4xx_hal.c...
compiling stm32f4xx_hal_flash.c...
compiling stm32f4xx_hal_rcc_ex.c...
compiling stm32f4xx_hal_gpio.c...
compiling stm32f4xx_hal_dma_ex.c...
compiling stm32f4xx_hal_dma.c...
compiling stm32f4xx_hal_exti.c...
compiling system_stm32f4xx.c...
compiling stm32f4xx_hal_tim_ex.c...
compiling stm32f4xx_hal_uart.c...
compiling stm32f4xx_hal_tim.c...
linking...
Program Size: Code=21732 RO-data=780 RW-data=192 ZI-data=2192  
FromELF: creating hex file...
"IIC_Test\IIC_Test.axf" - 0 Error(s), 3 Warning(s).

<h2>Software Packages used:</h2>

Package Vendor: ARM
                https://www.keil.com/pack/ARM.CMSIS.6.1.0.pack
                ARM.CMSIS.6.1.0
                CMSIS (Common Microcontroller Software Interface Standard)
   * Component: CORE Version: 6.1.0

Package Vendor: Keil
                https://www.keil.com/pack/Keil.STM32F4xx_DFP.2.17.1.pack
                Keil.STM32F4xx_DFP.2.17.1
                STMicroelectronics STM32F4 Series Device Support, Drivers and Examples

<h2>Collection of Component include folders:</h2>
  .\RTE\_IIC_Test
  D:\keil5\keil5_MDK\keil5_MDK_32\ARM\PACK\ARM\CMSIS\6.1.0\CMSIS\Core\Include
  D:\keil5\keil5_MDK\keil5_MDK_32\ARM\PACK\Keil\STM32F4xx_DFP\2.17.1\Drivers\CMSIS\Device\ST\STM32F4xx\Include

<h2>Collection of Component Files used:</h2>

   * Component: ARM::CMSIS:CORE:6.1.0
Build Time Elapsed:  00:00:08
</pre>
</body>
</html>
