Component: ARM Compiler 5.06 update 5 (build 528) Tool: armlink [4d35e2]

==============================================================================

Section Cross References

    startup_stm32f407xx.o(RESET) refers to startup_stm32f407xx.o(STACK) for __initial_sp
    startup_stm32f407xx.o(RESET) refers to startup_stm32f407xx.o(.text) for Reset_Handler
    startup_stm32f407xx.o(RESET) refers to stm32f4xx_it.o(i.NMI_Handler) for NMI_Handler
    startup_stm32f407xx.o(RESET) refers to stm32f4xx_it.o(i.HardFault_Handler) for HardFault_Handler
    startup_stm32f407xx.o(RESET) refers to stm32f4xx_it.o(i.MemManage_Handler) for MemManage_Handler
    startup_stm32f407xx.o(RESET) refers to stm32f4xx_it.o(i.BusFault_Handler) for BusFault_Handler
    startup_stm32f407xx.o(RESET) refers to stm32f4xx_it.o(i.UsageFault_Handler) for UsageFault_Handler
    startup_stm32f407xx.o(RESET) refers to stm32f4xx_it.o(i.SVC_Handler) for SVC_Handler
    startup_stm32f407xx.o(RESET) refers to stm32f4xx_it.o(i.DebugMon_Handler) for DebugMon_Handler
    startup_stm32f407xx.o(RESET) refers to stm32f4xx_it.o(i.PendSV_Handler) for PendSV_Handler
    startup_stm32f407xx.o(RESET) refers to stm32f4xx_it.o(i.SysTick_Handler) for SysTick_Handler
    startup_stm32f407xx.o(RESET) refers to stm32f4xx_it.o(i.TIM2_IRQHandler) for TIM2_IRQHandler
    startup_stm32f407xx.o(.text) refers to system_stm32f4xx.o(i.SystemInit) for SystemInit
    startup_stm32f407xx.o(.text) refers to entry.o(.ARM.Collect$$$$00000000) for __main
    main.o(i.HAL_TIM_PeriodElapsedCallback) refers to bmi08a.o(i.bmi08a_get_data) for bmi08a_get_data
    main.o(i.HAL_TIM_PeriodElapsedCallback) refers to imu.o(i.ACC_XYZ_Window_Filter) for ACC_XYZ_Window_Filter
    main.o(i.HAL_TIM_PeriodElapsedCallback) refers to dflti.o(.text) for __aeabi_i2d
    main.o(i.HAL_TIM_PeriodElapsedCallback) refers to dmul.o(.text) for __aeabi_dmul
    main.o(i.HAL_TIM_PeriodElapsedCallback) refers to d2f.o(.text) for __aeabi_d2f
    main.o(i.HAL_TIM_PeriodElapsedCallback) refers to bmi08g.o(i.bmi08g_get_data) for bmi08g_get_data
    main.o(i.HAL_TIM_PeriodElapsedCallback) refers to f2d.o(.text) for __aeabi_f2d
    main.o(i.HAL_TIM_PeriodElapsedCallback) refers to ddiv.o(.text) for __aeabi_ddiv
    main.o(i.HAL_TIM_PeriodElapsedCallback) refers to imu.o(i.Single_Window_Filter) for Single_Window_Filter
    main.o(i.HAL_TIM_PeriodElapsedCallback) refers to imu.o(i.LPF2_Calculate) for LPF2_Calculate
    main.o(i.HAL_TIM_PeriodElapsedCallback) refers to fabs.o(i.__hardfp_fabs) for __hardfp_fabs
    main.o(i.HAL_TIM_PeriodElapsedCallback) refers to cdcmple.o(.text) for __aeabi_cdcmple
    main.o(i.HAL_TIM_PeriodElapsedCallback) refers to dadd.o(.text) for __aeabi_dadd
    main.o(i.HAL_TIM_PeriodElapsedCallback) refers to stm32f4xx_hal_gpio.o(i.HAL_GPIO_TogglePin) for HAL_GPIO_TogglePin
    main.o(i.HAL_TIM_PeriodElapsedCallback) refers to tim.o(.bss) for htim2
    main.o(i.HAL_TIM_PeriodElapsedCallback) refers to main.o(.data) for .data
    main.o(i.HAL_TIM_PeriodElapsedCallback) refers to imu.o(.data) for gyro_z1
    main.o(i.HAL_TIM_PeriodElapsedCallback) refers to imu.o(.data) for accel_x
    main.o(i.HAL_TIM_PeriodElapsedCallback) refers to imu.o(.data) for accel_y
    main.o(i.HAL_TIM_PeriodElapsedCallback) refers to imu.o(.data) for accel_z
    main.o(i.HAL_TIM_PeriodElapsedCallback) refers to main.o(.bss) for .bss
    main.o(i.HAL_TIM_PeriodElapsedCallback) refers to imu.o(.data) for gyro_x
    main.o(i.HAL_TIM_PeriodElapsedCallback) refers to imu.o(.data) for gyro_y
    main.o(i.HAL_TIM_PeriodElapsedCallback) refers to imu.o(.data) for gyro_z
    main.o(i.HAL_TIM_PeriodElapsedCallback) refers to imu.o(.data) for Yaw
    main.o(i.SystemClock_Config) refers to memseta.o(.text) for __aeabi_memclr4
    main.o(i.SystemClock_Config) refers to stm32f4xx_hal_rcc.o(i.HAL_RCC_OscConfig) for HAL_RCC_OscConfig
    main.o(i.SystemClock_Config) refers to stm32f4xx_hal_rcc.o(i.HAL_RCC_ClockConfig) for HAL_RCC_ClockConfig
    main.o(i.fputc) refers to stm32f4xx_hal_uart.o(i.HAL_UART_Transmit) for HAL_UART_Transmit
    main.o(i.fputc) refers to usart.o(.bss) for huart1
    main.o(i.main) refers to stm32f4xx_hal.o(i.HAL_Init) for HAL_Init
    main.o(i.main) refers to main.o(i.SystemClock_Config) for SystemClock_Config
    main.o(i.main) refers to gpio.o(i.MX_GPIO_Init) for MX_GPIO_Init
    main.o(i.main) refers to i2c.o(i.MX_I2C1_Init) for MX_I2C1_Init
    main.o(i.main) refers to imu.o(i.LPF2_ParamSet) for LPF2_ParamSet
    main.o(i.main) refers to usart.o(i.MX_USART1_UART_Init) for MX_USART1_UART_Init
    main.o(i.main) refers to tim.o(i.MX_TIM2_Init) for MX_TIM2_Init
    main.o(i.main) refers to stm32f4xx_hal_tim.o(i.HAL_TIM_Base_Start_IT) for HAL_TIM_Base_Start_IT
    main.o(i.main) refers to bmi088.o(i.bmi088_init) for bmi088_init
    main.o(i.main) refers to printfa.o(i.__0printf) for __2printf
    main.o(i.main) refers to bmi08a.o(i.bmi08a_get_regs) for bmi08a_get_regs
[...]
    ../clib/microlib/malloc/malloc.c         0x00000000   Number         0  mallocra.o ABSOLUTE
    ../clib/microlib/malloc/mvars.c          0x00000000   Number         0  mvars.o ABSOLUTE
    ../clib/microlib/printf/printf.c         0x00000000   Number         0  printf8.o ABSOLUTE
    ../clib/microlib/printf/printf.c         0x00000000   Number         0  printf2.o ABSOLUTE
    ../clib/microlib/printf/printf.c         0x00000000   Number         0  printf3.o ABSOLUTE
    ../clib/microlib/printf/printf.c         0x00000000   Number         0  printf4.o ABSOLUTE
    ../clib/microlib/printf/printf.c         0x00000000   Number         0  printf5.o ABSOLUTE
    ../clib/microlib/printf/printf.c         0x00000000   Number         0  printf6.o ABSOLUTE
    ../clib/microlib/printf/printf.c         0x00000000   Number         0  printf7.o ABSOLUTE
    ../clib/microlib/printf/printf.c         0x00000000   Number         0  printf0.o ABSOLUTE
    ../clib/microlib/printf/printf.c         0x00000000   Number         0  printf1.o ABSOLUTE
    ../clib/microlib/printf/printf.c         0x00000000   Number         0  printfb.o ABSOLUTE
    ../clib/microlib/printf/printf.c         0x00000000   Number         0  printfa.o ABSOLUTE
    ../clib/microlib/printf/stubs.s          0x00000000   Number         0  stubs.o ABSOLUTE
    ../clib/microlib/stdio/streams.c         0x00000000   Number         0  stdout.o ABSOLUTE
    ../clib/microlib/string/memcpy.c         0x00000000   Number         0  memcpyb.o ABSOLUTE
    ../clib/microlib/string/memcpy.c         0x00000000   Number         0  memcpya.o ABSOLUTE
    ../clib/microlib/string/memset.c         0x00000000   Number         0  memseta.o ABSOLUTE
    ../clib/microlib/stubs.s                 0x00000000   Number         0  iusefp.o ABSOLUTE
    ../fplib/microlib/d2f.c                  0x00000000   Number         0  d2f.o ABSOLUTE
    ../fplib/microlib/f2d.c                  0x00000000   Number         0  f2d.o ABSOLUTE
    ../fplib/microlib/fpadd.c                0x00000000   Number         0  dadd.o ABSOLUTE
    ../fplib/microlib/fpdiv.c                0x00000000   Number         0  ddiv.o ABSOLUTE
    ../fplib/microlib/fpepilogue.c           0x00000000   Number         0  fepilogue.o ABSOLUTE
    ../fplib/microlib/fpepilogue.c           0x00000000   Number         0  depilogue.o ABSOLUTE
    ../fplib/microlib/fpfix.c                0x00000000   Number         0  dfixi.o ABSOLUTE
    ../fplib/microlib/fpfix.c                0x00000000   Number         0  dfixul.o ABSOLUTE
    ../fplib/microlib/fpflt.c                0x00000000   Number         0  dflti.o ABSOLUTE
    ../fplib/microlib/fpflt.c                0x00000000   Number         0  dfltui.o ABSOLUTE
    ../fplib/microlib/fpmul.c                0x00000000   Number         0  dmul.o ABSOLUTE
    ../fplib/microlib/fpneg.c                0x00000000   Number         0  dneg.o ABSOLUTE
    ../fplib/microlib/fpsqrt.c               0x00000000   Number         0  dsqrt.o ABSOLUTE
    ../mathlib/asinf.c                       0x00000000   Number         0  asinf_x.o ABSOLUTE
    ../mathlib/asinf.c                       0x00000000   Number         0  asinf.o ABSOLUTE
    ../mathlib/atan2f.c                      0x00000000   Number         0  atan2f_x.o ABSOLUTE
    ../mathlib/atan2f.c                      0x00000000   Number         0  atan2f.o ABSOLUTE
    ../mathlib/cos.c                         0x00000000   Number         0  cos_x.o ABSOLUTE
    ../mathlib/cos.c                         0x00000000   Number         0  cos.o ABSOLUTE
    ../mathlib/cos_i.c                       0x00000000   Number         0  cos_i.o ABSOLUTE
    ../mathlib/cosf.c                        0x00000000   Number         0  cosf_x.o ABSOLUTE
    ../mathlib/cosf.c                        0x00000000   Number         0  cosf.o ABSOLUTE
    ../mathlib/dunder.c                      0x00000000   Number         0  dunder.o ABSOLUTE
    ../mathlib/fabs.c                        0x00000000   Number         0  fabs.o ABSOLUTE
    ../mathlib/fpclassify.c                  0x00000000   Number         0  fpclassify.o ABSOLUTE
    ../mathlib/fpclassifyf.c                 0x00000000   Number         0  fpclassifyf.o ABSOLUTE
    ../mathlib/funder.c                      0x00000000   Number         0  funder.o ABSOLUTE
    ../mathlib/poly.c                        0x00000000   Number         0  poly.o ABSOLUTE
    ../mathlib/rred.c                        0x00000000   Number         0  rred.o ABSOLUTE
    ../mathlib/rredf.c                       0x00000000   Number         0  rredf.o ABSOLUTE
    ../mathlib/sin.c                         0x00000000   Number         0  sin.o ABSOLUTE
    ../mathlib/sin.c                         0x00000000   Number         0  sin_x.o ABSOLUTE
    ../mathlib/sin_i.c                       0x00000000   Number         0  sin_i.o ABSOLUTE
    ../mathlib/sin_i.c                       0x00000000   Number         0  sin_i_x.o ABSOLUTE
    ../mathlib/sqrt.c                        0x00000000   Number         0  sqrt_x.o ABSOLUTE
    ../mathlib/sqrt.c                        0x00000000   Number         0  sqrt.o ABSOLUTE
    ../mathlib/sqrtf.c                       0x00000000   Number         0  sqrtf.o ABSOLUTE
    ../mathlib/sqrtf.c                       0x00000000   Number         0  sqrtf_x.o ABSOLUTE
    ../mathlib/tanf.c                        0x00000000   Number         0  tanf_x.o ABSOLUTE
    ../mathlib/tanf.c                        0x00000000   Number         0  tanf.o ABSOLUTE
    ..\BMI088\bmi088.c                       0x00000000   Number         0  bmi088.o ABSOLUTE
    ..\BMI088\bmi08a.c                       0x00000000   Number         0  bmi08a.o ABSOLUTE
    ..\BMI088\bmi08g.c                       0x00000000   Number         0  bmi08g.o ABSOLUTE
    ..\BMI088\imu.c                          0x00000000   Number         0  imu.o ABSOLUTE
    ..\BMI088\position.c                     0x00000000   Number         0  position.o ABSOLUTE
    ..\Core\Src\gpio.c                       0x00000000   Number         0  gpio.o ABSOLUTE
    ..\Core\Src\i2c.c                        0x00000000   Number         0  i2c.o ABSOLUTE
    ..\Core\Src\main.c                       0x00000000   Number         0  main.o ABSOLUTE
    ..\Core\Src\stm32f4xx_hal_msp.c          0x00000000   Number         0  stm32f4xx_hal_msp.o ABSOLUTE
    ..\Core\Src\stm32f4xx_it.c               0x00000000   Number         0  stm32f4xx_it.o ABSOLUTE
    ..\Core\Src\system_stm32f4xx.c           0x00000000   Number         0  system_stm32f4xx.o ABSOLUTE
    ..\Core\Src\tim.c                        0x00000000   Number         0  tim.o ABSOLUTE
    ..\Core\Src\usart.c                      0x00000000   Number         0  usart.o ABSOLUTE
    ..\Drivers\STM32F4xx_HAL_Driver\Src\stm32f4xx_hal.c 0x00000000   Number         0  stm32f4xx_hal.o ABSOLUTE
    ..\Drivers\STM32F4xx_HAL_Driver\Src\stm32f4xx_hal_cortex.c 0x00000000   Number         0  stm32f4xx_hal_cortex.o ABSOLUTE
    ..\Drivers\STM32F4xx_HAL_Driver\Src\stm32f4xx_hal_dma.c 0x00000000   Number         0  stm32f4xx_hal_dma.o ABSOLUTE
    ..\Drivers\STM32F4xx_HAL_Driver\Src\stm32f4xx_hal_dma_ex.c 0x00000000   Number         0  stm32f4xx_hal_dma_ex.o ABSOLUTE
    ..\Drivers\STM32F4xx_HAL_Driver\Src\stm32f4xx_hal_exti.c 0x00000000   Number         0  stm32f4xx_hal_exti.o ABSOLUTE
    ..\Drivers\STM32F4xx_HAL_Driver\Src\stm32f4xx_hal_flash.c 0x00000000   Number         0  stm32f4xx_hal_flash.o ABSOLUTE
    ..\Drivers\STM32F4xx_HAL_Driver\Src\stm32f4xx_hal_flash_ex.c 0x00000000   Number         0  stm32f4xx_hal_flash_ex.o ABSOLUTE
    ..\Drivers\STM32F4xx_HAL_Driver\Src\stm32f4xx_hal_flash_ramfunc.c 0x00000000   Number         0  stm32f4xx_hal_flash_ramfunc.o ABSOLUTE
    ..\Drivers\STM32F4xx_HAL_Driver\Src\stm32f4xx_hal_gpio.c 0x00000000   Number         0  stm32f4xx_hal_gpio.o ABSOLUTE
    ..\Drivers\STM32F4xx_HAL_Driver\Src\stm32f4xx_hal_i2c.c 0x00000000   Number         0  stm32f4xx_hal_i2c.o ABSOLUTE
    ..\Drivers\STM32F4xx_HAL_Driver\Src\stm32f4xx_hal_i2c_ex.c 0x00000000   Number         0  stm32f4xx_hal_i2c_ex.o ABSOLUTE
    ..\Drivers\STM32F4xx_HAL_Driver\Src\stm32f4xx_hal_pwr.c 0x00000000   Number         0  stm32f4xx_hal_pwr.o ABSOLUTE
    ..\Drivers\STM32F4xx_HAL_Driver\Src\stm32f4xx_hal_pwr_ex.c 0x00000000   Number         0  stm32f4xx_hal_pwr_ex.o ABSOLUTE
    ..\Drivers\STM32F4xx_HAL_Driver\Src\stm32f4xx_hal_rcc.c 0x00000000   Number         0  stm32f4xx_hal_rcc.o ABSOLUTE
    ..\Drivers\STM32F4xx_HAL_Driver\Src\stm32f4xx_hal_rcc_ex.c 0x00000000   Number         0  stm32f4xx_hal_rcc_ex.o ABSOLUTE
    ..\Drivers\STM32F4xx_HAL_Driver\Src\stm32f4xx_hal_tim.c 0x00000000   Number         0  stm32f4xx_hal_tim.o ABSOLUTE
    ..\Drivers\STM32F4xx_HAL_Driver\Src\stm32f4xx_hal_tim_ex.c 0x00000000   Number         0  stm32f4xx_hal_tim_ex.o ABSOLUTE
    ..\Drivers\STM32F4xx_HAL_Driver\Src\stm32f4xx_hal_uart.c 0x00000000   Number         0  stm32f4xx_hal_uart.o ABSOLUTE
    ..\\BMI088\\imu.c                        0x00000000   Number         0  imu.o ABSOLUTE
    ..\\BMI088\\position.c                   0x00000000   Number         0  position.o ABSOLUTE
    cdcmple.s                                0x00000000   Number         0  cdcmple.o ABSOLUTE
    cdrcmple.s                               0x00000000   Number         0  cdrcmple.o ABSOLUTE
    dc.s                                     0x00000000   Number         0  dc.o ABSOLUTE
    handlers.s                               0x00000000   Number         0  handlers.o ABSOLUTE
    init.s                                   0x00000000   Number         0  init.o ABSOLUTE
    startup_stm32f407xx.s                    0x00000000   Number         0  startup_stm32f407xx.o ABSOLUTE
    RESET                                    0x08000000   Section      392  startup_stm32f407xx.o(RESET)
    .ARM.Collect$$$$00000000                 0x08000188   Section        0  entry.o(.ARM.Collect$$$$00000000)
    .ARM.Collect$$$$00000001                 0x08000188   Section        4  entry2.o(.ARM.Collect$$$$00000001)
    .ARM.Collect$$$$00000004                 0x0800018c   Section        4  entry5.o(.ARM.Collect$$$$00000004)
    .ARM.Collect$$$$00000008                 0x08000190   Section        0  entry7b.o(.ARM.Collect$$$$00000008)
    .ARM.Collect$$$$0000000A                 0x08000190   Section        0  entry8b.o(.ARM.Collect$$$$0000000A)
    .ARM.Collect$$$$0000000B                 0x08000190   Section        8  entry9a.o(.ARM.Collect$$$$0000000B)
    .ARM.Collect$$$$0000000D                 0x08000198   Section        0  entry10a.o(.ARM.Collect$$$$0000000D)
    .ARM.Collect$$$$0000000F                 0x08000198   Section        0  entry11a.o(.ARM.Collect$$$$0000000F)
    .ARM.Collect$$$$00002712                 0x08000198   Section        4  entry2.o(.ARM.Collect$$$$00002712)
    __lit__00000000                          0x08000198   Data           4  entry2.o(.ARM.Collect$$$$00002712)
    .text                                    0x0800019c   Section       36  startup_stm32f407xx.o(.text)
    $v0                                      0x0800019c   Number         0  startup_stm32f407xx.o(.text)
    .text                                    0x080001c0   Section        0  uldiv.o(.text)
    .text                                    0x08000222   Section        0  memseta.o(.text)
    .text                                    0x08000246   Section        0  dadd.o(.text)
    .text                                    0x08000394   Section        0  dmul.o(.text)
    .text                                    0x08000478   Section        0  ddiv.o(.text)
    .text                                    0x08000556   Section        0  dflti.o(.text)
    .text                                    0x08000578   Section        0  f2d.o(.text)
    .text                                    0x080005a0   Section       48  cdcmple.o(.text)
    .text                                    0x080005d0   Section        0  d2f.o(.text)
    .text                                    0x08000608   Section        0  uidiv.o(.text)
    .text                                    0x08000634   Section        0  llshl.o(.text)
    .text                                    0x08000652   Section        0  llushr.o(.text)
    .text                                    0x08000672   Section        0  llsshr.o(.text)
    .text                                    0x08000696   Section        0  iusefp.o(.text)
    .text                                    0x08000696   Section        0  fepilogue.o(.text)
    .text                                    0x08000704   Section        0  depilogue.o(.text)
    .text                                    0x080007be   Section        0  dfixul.o(.text)
    .text                                    0x080007f0   Section       48  cdrcmple.o(.text)
    .text                                    0x08000820   Section       36  init.o(.text)
    i.ACC_XYZ_Window_Filter                  0x08000844   Section        0  imu.o(i.ACC_XYZ_Window_Filter)
    i.AHRS                                   0x08000914   Section        0  imu.o(i.AHRS)
    i.BusFault_Handler                       0x08000afc   Section        0  stm32f4xx_it.o(i.BusFault_Handler)
    i.DebugMon_Handler                       0x08000afe   Section        0  stm32f4xx_it.o(i.DebugMon_Handler)
    i.Error_Handler                          0x08000b00   Section        0  main.o(i.Error_Handler)
    i.HAL_Delay                              0x08000b04   Section        0  stm32f4xx_hal.o(i.HAL_Delay)
    i.HAL_GPIO_Init                          0x08000b28   Section        0  stm32f4xx_hal_gpio.o(i.HAL_GPIO_Init)
    i.HAL_GPIO_TogglePin                     0x08000d18   Section        0  stm32f4xx_hal_gpio.o(i.HAL_GPIO_TogglePin)
    i.HAL_GPIO_WritePin                      0x08000d28   Section        0  stm32f4xx_hal_gpio.o(i.HAL_GPIO_WritePin)
    i.HAL_GetTick                            0x08000d34   Section        0  stm32f4xx_hal.o(i.HAL_GetTick)
    i.HAL_I2C_GetState                       0x08000d40   Section        0  stm32f4xx_hal_i2c.o(i.HAL_I2C_GetState)
    i.HAL_I2C_Init                           0x08000d48   Section        0  stm32f4xx_hal_i2c.o(i.HAL_I2C_Init)
    i.HAL_I2C_Mem_Read                       0x08000ed0   Section        0  stm32f4xx_hal_i2c.o(i.HAL_I2C_Mem_Read)
    i.HAL_I2C_Mem_Write                      0x080010d4   Section        0  stm32f4xx_hal_i2c.o(i.HAL_I2C_Mem_Write)
    i.HAL_I2C_MspInit                        0x08001204   Section        0  i2c.o(i.HAL_I2C_MspInit)
    i.HAL_IncTick                            0x0800126c   Section        0  stm32f4xx_hal.o(i.HAL_IncTick)
    i.HAL_Init                               0x0800127c   Section        0  stm32f4xx_hal.o(i.HAL_Init)
    i.HAL_InitTick                           0x080012b0   Section        0  stm32f4xx_hal.o(i.HAL_InitTick)
    i.HAL_MspInit                            0x080012f0   Section        0  stm32f4xx_hal_msp.o(i.HAL_MspInit)
    i.HAL_NVIC_EnableIRQ                     0x08001320   Section        0  stm32f4xx_hal_cortex.o(i.HAL_NVIC_EnableIRQ)
    i.HAL_NVIC_SetPriority                   0x0800133c   Section        0  stm32f4xx_hal_cortex.o(i.HAL_NVIC_SetPriority)
    i.HAL_NVIC_SetPriorityGrouping           0x0800137c   Section        0  stm32f4xx_hal_cortex.o(i.HAL_NVIC_SetPriorityGrouping)
    i.HAL_RCC_ClockConfig                    0x080013a0   Section        0  stm32f4xx_hal_rcc.o(i.HAL_RCC_ClockConfig)
    i.HAL_RCC_GetPCLK1Freq                   0x080014d4   Section        0  stm32f4xx_hal_rcc.o(i.HAL_RCC_GetPCLK1Freq)
    i.HAL_RCC_GetPCLK2Freq                   0x080014f4   Section        0  stm32f4xx_hal_rcc.o(i.HAL_RCC_GetPCLK2Freq)
    i.HAL_RCC_GetSysClockFreq                0x08001514   Section        0  stm32f4xx_hal_rcc.o(i.HAL_RCC_GetSysClockFreq)
    i.HAL_RCC_OscConfig                      0x08001578   Section        0  stm32f4xx_hal_rcc.o(i.HAL_RCC_OscConfig)
    i.HAL_SYSTICK_Config                     0x080018e4   Section        0  stm32f4xx_hal_cortex.o(i.HAL_SYSTICK_Config)
    i.HAL_TIMEx_BreakCallback                0x0800190c   Section        0  stm32f4xx_hal_tim_ex.o(i.HAL_TIMEx_BreakCallback)
    i.HAL_TIMEx_CommutCallback               0x0800190e   Section        0  stm32f4xx_hal_tim_ex.o(i.HAL_TIMEx_CommutCallback)
    i.HAL_TIMEx_MasterConfigSynchronization  0x08001910   Section        0  stm32f4xx_hal_tim_ex.o(i.HAL_TIMEx_MasterConfigSynchronization)
    i.HAL_TIM_Base_Init                      0x080019a0   Section        0  stm32f4xx_hal_tim.o(i.HAL_TIM_Base_Init)
    i.HAL_TIM_Base_MspInit                   0x080019fc   Section        0  tim.o(i.HAL_TIM_Base_MspInit)
    i.HAL_TIM_Base_Start_IT                  0x08001a34   Section        0  stm32f4xx_hal_tim.o(i.HAL_TIM_Base_Start_IT)
    i.HAL_TIM_ConfigClockSource              0x08001ab4   Section        0  stm32f4xx_hal_tim.o(i.HAL_TIM_ConfigClockSource)
    i.HAL_TIM_IC_CaptureCallback             0x08001b90   Section        0  stm32f4xx_hal_tim.o(i.HAL_TIM_IC_CaptureCallback)
    i.HAL_TIM_IRQHandler                     0x08001b92   Section        0  stm32f4xx_hal_tim.o(i.HAL_TIM_IRQHandler)
    i.HAL_TIM_OC_DelayElapsedCallback        0x08001cc2   Section        0  stm32f4xx_hal_tim.o(i.HAL_TIM_OC_DelayElapsedCallback)
    i.HAL_TIM_PWM_PulseFinishedCallback      0x08001cc4   Section        0  stm32f4xx_hal_tim.o(i.HAL_TIM_PWM_PulseFinishedCallback)
    i.HAL_TIM_PeriodElapsedCallback          0x08001cc8   Section        0  main.o(i.HAL_TIM_PeriodElapsedCallback)
    i.HAL_TIM_TriggerCallback                0x08001fe4   Section        0  stm32f4xx_hal_tim.o(i.HAL_TIM_TriggerCallback)
    i.HAL_UART_Init                          0x08001fe6   Section        0  stm32f4xx_hal_uart.o(i.HAL_UART_Init)
    i.HAL_UART_MspInit                       0x0800204c   Section        0  usart.o(i.HAL_UART_MspInit)
    i.HAL_UART_Transmit                      0x080020b8   Section        0  stm32f4xx_hal_uart.o(i.HAL_UART_Transmit)
    i.HardFault_Handler                      0x08002158   Section        0  stm32f4xx_it.o(i.HardFault_Handler)
    i.I2C_IsAcknowledgeFailed                0x0800215a   Section        0  stm32f4xx_hal_i2c.o(i.I2C_IsAcknowledgeFailed)
    I2C_IsAcknowledgeFailed                  0x0800215b   Thumb Code    46  stm32f4xx_hal_i2c.o(i.I2C_IsAcknowledgeFailed)
    i.I2C_RequestMemoryRead                  0x08002188   Section        0  stm32f4xx_hal_i2c.o(i.I2C_RequestMemoryRead)
    I2C_RequestMemoryRead                    0x08002189   Thumb Code   246  stm32f4xx_hal_i2c.o(i.I2C_RequestMemoryRead)
    i.I2C_RequestMemoryWrite                 0x08002284   Section        0  stm32f4xx_hal_i2c.o(i.I2C_RequestMemoryWrite)
    I2C_RequestMemoryWrite                   0x08002285   Thumb Code   162  stm32f4xx_hal_i2c.o(i.I2C_RequestMemoryWrite)
    i.I2C_WaitOnBTFFlagUntilTimeout          0x0800232c   Section        0  stm32f4xx_hal_i2c.o(i.I2C_WaitOnBTFFlagUntilTimeout)
    I2C_WaitOnBTFFlagUntilTimeout            0x0800232d   Thumb Code    86  stm32f4xx_hal_i2c.o(i.I2C_WaitOnBTFFlagUntilTimeout)
    i.I2C_WaitOnFlagUntilTimeout             0x08002384   Section        0  stm32f4xx_hal_i2c.o(i.I2C_WaitOnFlagUntilTimeout)
    I2C_WaitOnFlagUntilTimeout               0x08002385   Thumb Code   144  stm32f4xx_hal_i2c.o(i.I2C_WaitOnFlagUntilTimeout)
    i.I2C_WaitOnMasterAddressFlagUntilTimeout 0x08002414   Section        0  stm32f4xx_hal_i2c.o(i.I2C_WaitOnMasterAddressFlagUntilTimeout)
    I2C_WaitOnMasterAddressFlagUntilTimeout  0x08002415   Thumb Code   188  stm32f4xx_hal_i2c.o(i.I2C_WaitOnMasterAddressFlagUntilTimeout)
    i.I2C_WaitOnRXNEFlagUntilTimeout         0x080024d0   Section        0  stm32f4xx_hal_i2c.o(i.I2C_WaitOnRXNEFlagUntilTimeout)
    I2C_WaitOnRXNEFlagUntilTimeout           0x080024d1   Thumb Code   112  stm32f4xx_hal_i2c.o(i.I2C_WaitOnRXNEFlagUntilTimeout)
    i.I2C_WaitOnTXEFlagUntilTimeout          0x08002540   Section        0  stm32f4xx_hal_i2c.o(i.I2C_WaitOnTXEFlagUntilTimeout)
    I2C_WaitOnTXEFlagUntilTimeout            0x08002541   Thumb Code    86  stm32f4xx_hal_i2c.o(i.I2C_WaitOnTXEFlagUntilTimeout)
    i.LPF2_Calculate                         0x08002598   Section        0  imu.o(i.LPF2_Calculate)
    i.LPF2_ParamSet                          0x0800260c   Section        0  imu.o(i.LPF2_ParamSet)
    i.MX_GPIO_Init                           0x08002770   Section        0  gpio.o(i.MX_GPIO_Init)
    i.MX_I2C1_Init                           0x080027dc   Section        0  i2c.o(i.MX_I2C1_Init)
    i.MX_TIM2_Init                           0x0800281c   Section        0  tim.o(i.MX_TIM2_Init)
    i.MX_USART1_UART_Init                    0x08002880   Section        0  usart.o(i.MX_USART1_UART_Init)
    i.MemManage_Handler                      0x080028b8   Section        0  stm32f4xx_it.o(i.MemManage_Handler)
    i.NMI_Handler                            0x080028ba   Section        0  stm32f4xx_it.o(i.NMI_Handler)
    i.PendSV_Handler                         0x080028bc   Section        0  stm32f4xx_it.o(i.PendSV_Handler)
    i.SVC_Handler                            0x080028be   Section        0  stm32f4xx_it.o(i.SVC_Handler)
    i.Single_Window_Filter                   0x080028c0   Section        0  imu.o(i.Single_Window_Filter)
    i.SysTick_Handler                        0x080028f4   Section        0  stm32f4xx_it.o(i.SysTick_Handler)
    i.SystemClock_Config                     0x080028f8   Section        0  main.o(i.SystemClock_Config)
    i.SystemInit                             0x0800298c   Section        0  system_stm32f4xx.o(i.SystemInit)
    i.TIM2_IRQHandler                        0x0800299c   Section        0  stm32f4xx_it.o(i.TIM2_IRQHandler)
    i.TIM_Base_SetConfig                     0x080029a8   Section        0  stm32f4xx_hal_tim.o(i.TIM_Base_SetConfig)
    i.TIM_ETR_SetConfig                      0x08002a80   Section        0  stm32f4xx_hal_tim.o(i.TIM_ETR_SetConfig)
    i.TIM_ITRx_SetConfig                     0x08002a94   Section        0  stm32f4xx_hal_tim.o(i.TIM_ITRx_SetConfig)
    TIM_ITRx_SetConfig                       0x08002a95   Thumb Code    16  stm32f4xx_hal_tim.o(i.TIM_ITRx_SetConfig)
    i.TIM_TI1_ConfigInputStage               0x08002aa4   Section        0  stm32f4xx_hal_tim.o(i.TIM_TI1_ConfigInputStage)
    TIM_TI1_ConfigInputStage                 0x08002aa5   Thumb Code    34  stm32f4xx_hal_tim.o(i.TIM_TI1_ConfigInputStage)
    i.TIM_TI2_ConfigInputStage               0x08002ac6   Section        0  stm32f4xx_hal_tim.o(i.TIM_TI2_ConfigInputStage)
    TIM_TI2_ConfigInputStage                 0x08002ac7   Thumb Code    36  stm32f4xx_hal_tim.o(i.TIM_TI2_ConfigInputStage)
    i.UART_EndRxTransfer                     0x08002aea   Section        0  stm32f4xx_hal_uart.o(i.UART_EndRxTransfer)
    UART_EndRxTransfer                       0x08002aeb   Thumb Code    78  stm32f4xx_hal_uart.o(i.UART_EndRxTransfer)
    i.UART_SetConfig                         0x08002b38   Section        0  stm32f4xx_hal_uart.o(i.UART_SetConfig)
    UART_SetConfig                           0x08002b39   Thumb Code   258  stm32f4xx_hal_uart.o(i.UART_SetConfig)
    i.UART_WaitOnFlagUntilTimeout            0x08002c44   Section        0  stm32f4xx_hal_uart.o(i.UART_WaitOnFlagUntilTimeout)
    UART_WaitOnFlagUntilTimeout              0x08002c45   Thumb Code   114  stm32f4xx_hal_uart.o(i.UART_WaitOnFlagUntilTimeout)
    i.UsageFault_Handler                     0x08002cb6   Section        0  stm32f4xx_it.o(i.UsageFault_Handler)
    i.__0printf                              0x08002cb8   Section        0  printfa.o(i.__0printf)
    i.__ARM_fpclassifyf                      0x08002cd8   Section        0  fpclassifyf.o(i.__ARM_fpclassifyf)
    i.__NVIC_SetPriority                     0x08002cfe   Section        0  stm32f4xx_hal_cortex.o(i.__NVIC_SetPriority)
    __NVIC_SetPriority                       0x08002cff   Thumb Code    32  stm32f4xx_hal_cortex.o(i.__NVIC_SetPriority)
    i.__hardfp_asinf                         0x08002d20   Section        0  asinf.o(i.__hardfp_asinf)
    i.__hardfp_atan2f                        0x08002e4c   Section        0  atan2f.o(i.__hardfp_atan2f)
    i.__hardfp_cosf                          0x0800309c   Section        0  cosf.o(i.__hardfp_cosf)
    i.__hardfp_fabs                          0x080031ec   Section        0  fabs.o(i.__hardfp_fabs)
    i.__hardfp_tanf                          0x08003200   Section        0  tanf.o(i.__hardfp_tanf)
    i.__mathlib_flt_infnan                   0x0800337c   Section        0  funder.o(i.__mathlib_flt_infnan)
    i.__mathlib_flt_infnan2                  0x08003382   Section        0  funder.o(i.__mathlib_flt_infnan2)
    i.__mathlib_flt_invalid                  0x08003388   Section        0  funder.o(i.__mathlib_flt_invalid)
    i.__mathlib_flt_underflow                0x08003398   Section        0  funder.o(i.__mathlib_flt_underflow)
    i.__mathlib_rredf2                       0x080033a8   Section        0  rredf.o(i.__mathlib_rredf2)
    i.__scatterload_copy                     0x080034fc   Section       14  handlers.o(i.__scatterload_copy)
    i.__scatterload_null                     0x0800350a   Section        2  handlers.o(i.__scatterload_null)
    i.__scatterload_zeroinit                 0x0800350c   Section       14  handlers.o(i.__scatterload_zeroinit)
    i.__set_errno                            0x0800351c   Section        0  errno.o(i.__set_errno)
    i._fp_digits                             0x08003528   Section        0  printfa.o(i._fp_digits)
    _fp_digits                               0x08003529   Thumb Code   366  printfa.o(i._fp_digits)
    i._printf_core                           0x080036ac   Section        0  printfa.o(i._printf_core)
    _printf_core                             0x080036ad   Thumb Code  1744  printfa.o(i._printf_core)
    i._printf_post_padding                   0x08003d88   Section        0  printfa.o(i._printf_post_padding)
    _printf_post_padding                     0x08003d89   Thumb Code    36  printfa.o(i._printf_post_padding)
    i._printf_pre_padding                    0x08003dac   Section        0  printfa.o(i._printf_pre_padding)
    _printf_pre_padding                      0x08003dad   Thumb Code    46  printfa.o(i._printf_pre_padding)
    i.bmi088_init                            0x08003dda   Section        0  bmi088.o(i.bmi088_init)
    i.bmi08a_get_data                        0x08003df2   Section        0  bmi08a.o(i.bmi08a_get_data)
    i.bmi08a_get_meas_conf                   0x08003e44   Section        0  bmi08a.o(i.bmi08a_get_meas_conf)
    i.bmi08a_get_power_mode                  0x08003e7c   Section        0  bmi08a.o(i.bmi08a_get_power_mode)
    i.bmi08a_get_regs                        0x08003ea0   Section        0  bmi08a.o(i.bmi08a_get_regs)
    i.bmi08a_init                            0x08003ed6   Section        0  bmi08a.o(i.bmi08a_init)
    i.bmi08a_set_meas_conf                   0x08003f26   Section        0  bmi08a.o(i.bmi08a_set_meas_conf)
    i.bmi08a_set_power_mode                  0x08003fae   Section        0  bmi08a.o(i.bmi08a_set_power_mode)
    i.bmi08a_soft_reset                      0x0800400a   Section        0  bmi08a.o(i.bmi08a_soft_reset)
    i.bmi08g_get_data                        0x0800404a   Section        0  bmi08g.o(i.bmi08g_get_data)
    i.bmi08g_get_regs                        0x0800409c   Section        0  bmi08g.o(i.bmi08g_get_regs)
    i.bmi08g_init                            0x080040d2   Section        0  bmi08g.o(i.bmi08g_init)
    i.bmi08g_set_meas_conf                   0x08004104   Section        0  bmi08g.o(i.bmi08g_set_meas_conf)
    i.bmi08g_set_power_mode                  0x0800418e   Section        0  bmi08g.o(i.bmi08g_set_power_mode)
    i.fputc                                  0x080041f0   Section        0  main.o(i.fputc)
    i.free                                   0x0800420c   Section        0  malloc.o(i.free)
    i.get_regs                               0x0800425c   Section        0  bmi08a.o(i.get_regs)
    get_regs                                 0x0800425d   Thumb Code    96  bmi08a.o(i.get_regs)
    i.get_regs                               0x080042bc   Section        0  bmi08g.o(i.get_regs)
    get_regs                                 0x080042bd   Thumb Code    36  bmi08g.o(i.get_regs)
    i.invSqrt                                0x080042e0   Section        0  imu.o(i.invSqrt)
    invSqrt                                  0x080042e1   Thumb Code    40  imu.o(i.invSqrt)
    i.main                                   0x0800430c   Section        0  main.o(i.main)
    i.malloc                                 0x0800452c   Section        0  malloc.o(i.malloc)
    i.null_ptr_check                         0x08004598   Section        0  bmi08a.o(i.null_ptr_check)
    null_ptr_check                           0x08004599   Thumb Code    24  bmi08a.o(i.null_ptr_check)
    i.null_ptr_check                         0x080045b0   Section        0  bmi08g.o(i.null_ptr_check)
    null_ptr_check                           0x080045b1   Thumb Code    24  bmi08g.o(i.null_ptr_check)
    i.set_regs                               0x080045c8   Section        0  bmi08a.o(i.set_regs)
    set_regs                                 0x080045c9   Thumb Code    36  bmi08a.o(i.set_regs)
    i.set_regs                               0x080045ec   Section        0  bmi08g.o(i.set_regs)
    set_regs                                 0x080045ed   Thumb Code    36  bmi08g.o(i.set_regs)
    i.sqrtf                                  0x08004610   Section        0  sqrtf.o(i.sqrtf)
    i.stm32_i2c_read                         0x08004650   Section        0  main.o(i.stm32_i2c_read)
    i.stm32_i2c_write                        0x08004670   Section        0  main.o(i.stm32_i2c_write)
    .constdata                               0x08004698   Section       16  system_stm32f4xx.o(.constdata)
    .constdata                               0x080046a8   Section        8  system_stm32f4xx.o(.constdata)
    .constdata                               0x080046b0   Section       32  rredf.o(.constdata)
    twooverpi                                0x080046b0   Data          32  rredf.o(.constdata)
    .data                                    0x20000000   Section       84  main.o(.data)
    Yaw_turn                                 0x20000001   Data           1  main.o(.data)
    count                                    0x20000008   Data           4  main.o(.data)
    count_delay                              0x2000000c   Data           4  main.o(.data)
    gyro_bias_z                              0x20000010   Data           4  main.o(.data)
    count1                                   0x20000014   Data           4  main.o(.data)
    gyro_ave_bias_z                          0x20000028   Data           8  main.o(.data)
    .data                                    0x20000054   Section       52  imu.o(.data)
    exInt                                    0x2000005c   Data           4  imu.o(.data)
    eyInt                                    0x20000060   Data           4  imu.o(.data)
    ezInt                                    0x20000064   Data           4  imu.o(.data)
    index                                    0x20000068   Data           4  imu.o(.data)
    index                                    0x2000006c   Data           4  imu.o(.data)
    .data                                    0x20000088   Section        4  imu.o(.data)
    .data                                    0x2000008c   Section        4  imu.o(.data)
    .data                                    0x20000090   Section        4  imu.o(.data)
    .data                                    0x20000098   Section        8  imu.o(.data)
    .data                                    0x200000a0   Section        4  imu.o(.data)
    .data                                    0x200000a4   Section        4  imu.o(.data)
    .data                                    0x200000a8   Section        4  imu.o(.data)
    .data                                    0x200000ac   Section        4  imu.o(.data)
    .data                                    0x200000b0   Section       12  stm32f4xx_hal.o(.data)
    .data                                    0x200000bc   Section        4  system_stm32f4xx.o(.data)
    .data                                    0x200000c0   Section        4  stdout.o(.data)
    .data                                    0x200000c4   Section        4  mvars.o(.data)
    .data                                    0x200000c8   Section        4  mvars.o(.data)
    .data                                    0x200000cc   Section        4  errno.o(.data)
    _errno                                   0x200000cc   Data           4  errno.o(.data)
    .bss                                     0x200000d0   Section       12  main.o(.bss)
    .bss                                     0x200000dc   Section      588  imu.o(.bss)
    filter_buf_x                             0x200000dc   Data          84  imu.o(.bss)
    filter_buf_y                             0x20000130   Data          84  imu.o(.bss)
    filter_buf_z                             0x20000184   Data          84  imu.o(.bss)
    filter_buf_x                             0x200001d8   Data          84  imu.o(.bss)
    filter_buf_y                             0x2000022c   Data          84  imu.o(.bss)
    filter_buf_z                             0x20000280   Data          84  imu.o(.bss)
    filter_buf                               0x200002d4   Data          52  imu.o(.bss)
    .bss                                     0x20000328   Section       84  i2c.o(.bss)
    .bss                                     0x2000037c   Section       72  tim.o(.bss)
    .bss                                     0x200003c4   Section       72  usart.o(.bss)
    HEAP                                     0x20000410   Section      512  startup_stm32f407xx.o(HEAP)
    STACK                                    0x20000610   Section     1024  startup_stm32f407xx.o(STACK)

    Global Symbols

    Symbol Name                              Value     Ov Type        Size  Object(Section)

    BuildAttributes$$THM_ISAv4$E$P$D$K$B$S$7EM$VFPi3$EXTD16$VFPS$VFMA$PE$A:L22UL41UL21$X:L11$S22US41US21$IEEE1$IW$USESV6$~STKCKD$USESV7$~SHL$OTIME$ROPI$IEEEX$EBA8$MICROLIB$REQ8$PRES8$EABIv2 0x00000000   Number         0  anon$$obj.o ABSOLUTE
    __ARM_use_no_argv                        0x00000000   Number         0  main.o ABSOLUTE
    _printf_a                                0x00000000   Number         0  stubs.o ABSOLUTE
    _printf_c                                0x00000000   Number         0  stubs.o ABSOLUTE
    _printf_charcount                        0x00000000   Number         0  stubs.o ABSOLUTE
    _printf_d                                0x00000000   Number         0  stubs.o ABSOLUTE
    _printf_e                                0x00000000   Number         0  stubs.o ABSOLUTE
    _printf_f                                0x00000000   Number         0  stubs.o ABSOLUTE
    _printf_flags                            0x00000000   Number         0  stubs.o ABSOLUTE
    _printf_fp_dec                           0x00000000   Number         0  stubs.o ABSOLUTE
    _printf_fp_hex                           0x00000000   Number         0  stubs.o ABSOLUTE
    _printf_g                                0x00000000   Number         0  stubs.o ABSOLUTE
    _printf_i                                0x00000000   Number         0  stubs.o ABSOLUTE
    _printf_int_dec                          0x00000000   Number         0  stubs.o ABSOLUTE
    _printf_l                                0x00000000   Number         0  stubs.o ABSOLUTE
    _printf_lc                               0x00000000   Number         0  stubs.o ABSOLUTE
    _printf_ll                               0x00000000   Number         0  stubs.o ABSOLUTE
    _printf_lld                              0x00000000   Number         0  stubs.o ABSOLUTE
    _printf_lli                              0x00000000   Number         0  stubs.o ABSOLUTE
    _printf_llo                              0x00000000   Number         0  stubs.o ABSOLUTE
    _printf_llu                              0x00000000   Number         0  stubs.o ABSOLUTE
    _printf_llx                              0x00000000   Number         0  stubs.o ABSOLUTE
    _printf_longlong_dec                     0x00000000   Number         0  stubs.o ABSOLUTE
    _printf_longlong_hex                     0x00000000   Number         0  stubs.o ABSOLUTE
    _printf_longlong_oct                     0x00000000   Number         0  stubs.o ABSOLUTE
    _printf_ls                               0x00000000   Number         0  stubs.o ABSOLUTE
    _printf_mbtowc                           0x00000000   Number         0  stubs.o ABSOLUTE
    _printf_n                                0x00000000   Number         0  stubs.o ABSOLUTE
    _printf_o                                0x00000000   Number         0  stubs.o ABSOLUTE
    _printf_p                                0x00000000   Number         0  stubs.o ABSOLUTE
    _printf_percent                          0x00000000   Number         0  stubs.o ABSOLUTE
    _printf_pre_padding                      0x00000000   Number         0  stubs.o ABSOLUTE
    _printf_return_value                     0x00000000   Number         0  stubs.o ABSOLUTE
    _printf_s                                0x00000000   Number         0  stubs.o ABSOLUTE
    _printf_sizespec                         0x00000000   Number         0  stubs.o ABSOLUTE
    _printf_str                              0x00000000   Number         0  stubs.o ABSOLUTE
    _printf_truncate_signed                  0x00000000   Number         0  stubs.o ABSOLUTE
    _printf_truncate_unsigned                0x00000000   Number         0  stubs.o ABSOLUTE
    _printf_u                                0x00000000   Number         0  stubs.o ABSOLUTE
    _printf_wc                               0x00000000   Number         0  stubs.o ABSOLUTE
    _printf_wctomb                           0x00000000   Number         0  stubs.o ABSOLUTE
    _printf_widthprec                        0x00000000   Number         0  stubs.o ABSOLUTE
    _printf_x                                0x00000000   Number         0  stubs.o ABSOLUTE
    __cpp_initialize__aeabi_                  - Undefined Weak Reference
    __cxa_finalize                            - Undefined Weak Reference
    __decompress                              - Undefined Weak Reference
    _clock_init                               - Undefined Weak Reference
    _microlib_exit                            - Undefined Weak Reference
    __Vectors_Size                           0x00000188   Number         0  startup_stm32f407xx.o ABSOLUTE
    __Vectors                                0x08000000   Data           4  startup_stm32f407xx.o(RESET)
    __Vectors_End                            0x08000188   Data           0  startup_stm32f407xx.o(RESET)
    __main                                   0x08000189   Thumb Code     0  entry.o(.ARM.Collect$$$$00000000)
    _main_stk                                0x08000189   Thumb Code     0  entry2.o(.ARM.Collect$$$$00000001)
    _main_scatterload                        0x0800018d   Thumb Code     0  entry5.o(.ARM.Collect$$$$00000004)
    __main_after_scatterload                 0x08000191   Thumb Code     0  entry5.o(.ARM.Collect$$$$00000004)
    _main_clock                              0x08000191   Thumb Code     0  entry7b.o(.ARM.Collect$$$$00000008)
    _main_cpp_init                           0x08000191   Thumb Code     0  entry8b.o(.ARM.Collect$$$$0000000A)
    _main_init                               0x08000191   Thumb Code     0  entry9a.o(.ARM.Collect$$$$0000000B)
    __rt_final_cpp                           0x08000199   Thumb Code     0  entry10a.o(.ARM.Collect$$$$0000000D)
    __rt_final_exit                          0x08000199   Thumb Code     0  entry11a.o(.ARM.Collect$$$$0000000F)
    Reset_Handler                            0x0800019d   Thumb Code     8  startup_stm32f407xx.o(.text)
    ADC_IRQHandler                           0x080001b7   Thumb Code     0  startup_stm32f407xx.o(.text)
    CAN1_RX0_IRQHandler                      0x080001b7   Thumb Code     0  startup_stm32f407xx.o(.text)
    CAN1_RX1_IRQHandler                      0x080001b7   Thumb Code     0  startup_stm32f407xx.o(.text)
    CAN1_SCE_IRQHandler                      0x080001b7   Thumb Code     0  startup_stm32f407xx.o(.text)
    CAN1_TX_IRQHandler                       0x080001b7   Thumb Code     0  startup_stm32f407xx.o(.text)
    CAN2_RX0_IRQHandler                      0x080001b7   Thumb Code     0  startup_stm32f407xx.o(.text)
    CAN2_RX1_IRQHandler                      0x080001b7   Thumb Code     0  startup_stm32f407xx.o(.text)
    CAN2_SCE_IRQHandler                      0x080001b7   Thumb Code     0  startup_stm32f407xx.o(.text)
    CAN2_TX_IRQHandler                       0x080001b7   Thumb Code     0  startup_stm32f407xx.o(.text)
    DCMI_IRQHandler                          0x080001b7   Thumb Code     0  startup_stm32f407xx.o(.text)
    DMA1_Stream0_IRQHandler                  0x080001b7   Thumb Code     0  startup_stm32f407xx.o(.text)
    DMA1_Stream1_IRQHandler                  0x080001b7   Thumb Code     0  startup_stm32f407xx.o(.text)
    DMA1_Stream2_IRQHandler                  0x080001b7   Thumb Code     0  startup_stm32f407xx.o(.text)
    DMA1_Stream3_IRQHandler                  0x080001b7   Thumb Code     0  startup_stm32f407xx.o(.text)
    DMA1_Stream4_IRQHandler                  0x080001b7   Thumb Code     0  startup_stm32f407xx.o(.text)
    DMA1_Stream5_IRQHandler                  0x080001b7   Thumb Code     0  startup_stm32f407xx.o(.text)
    DMA1_Stream6_IRQHandler                  0x080001b7   Thumb Code     0  startup_stm32f407xx.o(.text)
    DMA1_Stream7_IRQHandler                  0x080001b7   Thumb Code     0  startup_stm32f407xx.o(.text)
    DMA2_Stream0_IRQHandler                  0x080001b7   Thumb Code     0  startup_stm32f407xx.o(.text)
    DMA2_Stream1_IRQHandler                  0x080001b7   Thumb Code     0  startup_stm32f407xx.o(.text)
    DMA2_Stream2_IRQHandler                  0x080001b7   Thumb Code     0  startup_stm32f407xx.o(.text)
    DMA2_Stream3_IRQHandler                  0x080001b7   Thumb Code     0  startup_stm32f407xx.o(.text)
    DMA2_Stream4_IRQHandler                  0x080001b7   Thumb Code     0  startup_stm32f407xx.o(.text)
    DMA2_Stream5_IRQHandler                  0x080001b7   Thumb Code     0  startup_stm32f407xx.o(.text)
    DMA2_Stream6_IRQHandler                  0x080001b7   Thumb Code     0  startup_stm32f407xx.o(.text)
    DMA2_Stream7_IRQHandler                  0x080001b7   Thumb Code     0  startup_stm32f407xx.o(.text)
    ETH_IRQHandler                           0x080001b7   Thumb Code     0  startup_stm32f407xx.o(.text)
    ETH_WKUP_IRQHandler                      0x080001b7   Thumb Code     0  startup_stm32f407xx.o(.text)
    EXTI0_IRQHandler                         0x080001b7   Thumb Code     0  startup_stm32f407xx.o(.text)
    EXTI15_10_IRQHandler                     0x080001b7   Thumb Code     0  startup_stm32f407xx.o(.text)
    EXTI1_IRQHandler                         0x080001b7   Thumb Code     0  startup_stm32f407xx.o(.text)
    EXTI2_IRQHandler                         0x080001b7   Thumb Code     0  startup_stm32f407xx.o(.text)
    EXTI3_IRQHandler                         0x080001b7   Thumb Code     0  startup_stm32f407xx.o(.text)
    EXTI4_IRQHandler                         0x080001b7   Thumb Code     0  startup_stm32f407xx.o(.text)
    EXTI9_5_IRQHandler                       0x080001b7   Thumb Code     0  startup_stm32f407xx.o(.text)
    FLASH_IRQHandler                         0x080001b7   Thumb Code     0  startup_stm32f407xx.o(.text)
    FMC_IRQHandler                           0x080001b7   Thumb Code     0  startup_stm32f407xx.o(.text)
    FPU_IRQHandler                           0x080001b7   Thumb Code     0  startup_stm32f407xx.o(.text)
    HASH_RNG_IRQHandler                      0x080001b7   Thumb Code     0  startup_stm32f407xx.o(.text)
    I2C1_ER_IRQHandler                       0x080001b7   Thumb Code     0  startup_stm32f407xx.o(.text)
    I2C1_EV_IRQHandler                       0x080001b7   Thumb Code     0  startup_stm32f407xx.o(.text)
    I2C2_ER_IRQHandler                       0x080001b7   Thumb Code     0  startup_stm32f407xx.o(.text)
    I2C2_EV_IRQHandler                       0x080001b7   Thumb Code     0  startup_stm32f407xx.o(.text)
    I2C3_ER_IRQHandler                       0x080001b7   Thumb Code     0  startup_stm32f407xx.o(.text)
    I2C3_EV_IRQHandler                       0x080001b7   Thumb Code     0  startup_stm32f407xx.o(.text)
    OTG_FS_IRQHandler                        0x080001b7   Thumb Code     0  startup_stm32f407xx.o(.text)
    OTG_FS_WKUP_IRQHandler                   0x080001b7   Thumb Code     0  startup_stm32f407xx.o(.text)
    OTG_HS_EP1_IN_IRQHandler                 0x080001b7   Thumb Code     0  startup_stm32f407xx.o(.text)
    OTG_HS_EP1_OUT_IRQHandler                0x080001b7   Thumb Code     0  startup_stm32f407xx.o(.text)
    OTG_HS_IRQHandler                        0x080001b7   Thumb Code     0  startup_stm32f407xx.o(.text)
    OTG_HS_WKUP_IRQHandler                   0x080001b7   Thumb Code     0  startup_stm32f407xx.o(.text)
    PVD_IRQHandler                           0x080001b7   Thumb Code     0  startup_stm32f407xx.o(.text)
    RCC_IRQHandler                           0x080001b7   Thumb Code     0  startup_stm32f407xx.o(.text)
    RTC_Alarm_IRQHandler                     0x080001b7   Thumb Code     0  startup_stm32f407xx.o(.text)
    RTC_WKUP_IRQHandler                      0x080001b7   Thumb Code     0  startup_stm32f407xx.o(.text)
    SDIO_IRQHandler                          0x080001b7   Thumb Code     0  startup_stm32f407xx.o(.text)
    SPI1_IRQHandler                          0x080001b7   Thumb Code     0  startup_stm32f407xx.o(.text)
    SPI2_IRQHandler                          0x080001b7   Thumb Code     0  startup_stm32f407xx.o(.text)
    SPI3_IRQHandler                          0x080001b7   Thumb Code     0  startup_stm32f407xx.o(.text)
    TAMP_STAMP_IRQHandler                    0x080001b7   Thumb Code     0  startup_stm32f407xx.o(.text)
    TIM1_BRK_TIM9_IRQHandler                 0x080001b7   Thumb Code     0  startup_stm32f407xx.o(.text)
    TIM1_CC_IRQHandler                       0x080001b7   Thumb Code     0  startup_stm32f407xx.o(.text)
    TIM1_TRG_COM_TIM11_IRQHandler            0x080001b7   Thumb Code     0  startup_stm32f407xx.o(.text)
    TIM1_UP_TIM10_IRQHandler                 0x080001b7   Thumb Code     0  startup_stm32f407xx.o(.text)
    TIM3_IRQHandler                          0x080001b7   Thumb Code     0  startup_stm32f407xx.o(.text)
    TIM4_IRQHandler                          0x080001b7   Thumb Code     0  startup_stm32f407xx.o(.text)
    TIM5_IRQHandler                          0x080001b7   Thumb Code     0  startup_stm32f407xx.o(.text)
    TIM6_DAC_IRQHandler                      0x080001b7   Thumb Code     0  startup_stm32f407xx.o(.text)
    TIM7_IRQHandler                          0x080001b7   Thumb Code     0  startup_stm32f407xx.o(.text)
    TIM8_BRK_TIM12_IRQHandler                0x080001b7   Thumb Code     0  startup_stm32f407xx.o(.text)
    TIM8_CC_IRQHandler                       0x080001b7   Thumb Code     0  startup_stm32f407xx.o(.text)
    TIM8_TRG_COM_TIM14_IRQHandler            0x080001b7   Thumb Code     0  startup_stm32f407xx.o(.text)
    TIM8_UP_TIM13_IRQHandler                 0x080001b7   Thumb Code     0  startup_stm32f407xx.o(.text)
    UART4_IRQHandler                         0x080001b7   Thumb Code     0  startup_stm32f407xx.o(.text)
    UART5_IRQHandler                         0x080001b7   Thumb Code     0  startup_stm32f407xx.o(.text)
    USART1_IRQHandler                        0x080001b7   Thumb Code     0  startup_stm32f407xx.o(.text)
    USART2_IRQHandler                        0x080001b7   Thumb Code     0  startup_stm32f407xx.o(.text)
    USART3_IRQHandler                        0x080001b7   Thumb Code     0  startup_stm32f407xx.o(.text)
    USART6_IRQHandler                        0x080001b7   Thumb Code     0  startup_stm32f407xx.o(.text)
    WWDG_IRQHandler                          0x080001b7   Thumb Code     0  startup_stm32f407xx.o(.text)
    __aeabi_uldivmod                         0x080001c1   Thumb Code    98  uldiv.o(.text)
    __aeabi_memset                           0x08000223   Thumb Code    14  memseta.o(.text)
    __aeabi_memset4                          0x08000223   Thumb Code     0  memseta.o(.text)
    __aeabi_memset8                          0x08000223   Thumb Code     0  memseta.o(.text)
    __aeabi_memclr                           0x08000231   Thumb Code     4  memseta.o(.text)
    __aeabi_memclr4                          0x08000231   Thumb Code     0  memseta.o(.text)
    __aeabi_memclr8                          0x08000231   Thumb Code     0  memseta.o(.text)
    _memset$wrapper                          0x08000235   Thumb Code    18  memseta.o(.text)
    __aeabi_dadd                             0x08000247   Thumb Code   322  dadd.o(.text)
    __aeabi_dsub                             0x08000389   Thumb Code     6  dadd.o(.text)
    __aeabi_drsub                            0x0800038f   Thumb Code     6  dadd.o(.text)
    __aeabi_dmul                             0x08000395   Thumb Code   228  dmul.o(.text)
    __aeabi_ddiv                             0x08000479   Thumb Code   222  ddiv.o(.text)
    __aeabi_i2d                              0x08000557   Thumb Code    34  dflti.o(.text)
    __aeabi_f2d                              0x08000579   Thumb Code    38  f2d.o(.text)
    __aeabi_cdcmpeq                          0x080005a1   Thumb Code     0  cdcmple.o(.text)
    __aeabi_cdcmple                          0x080005a1   Thumb Code    48  cdcmple.o(.text)
    __aeabi_d2f                              0x080005d1   Thumb Code    56  d2f.o(.text)
    __aeabi_uidiv                            0x08000609   Thumb Code     0  uidiv.o(.text)
    __aeabi_uidivmod                         0x08000609   Thumb Code    44  uidiv.o(.text)
    __aeabi_llsl                             0x08000635   Thumb Code    30  llshl.o(.text)
    _ll_shift_l                              0x08000635   Thumb Code     0  llshl.o(.text)
    __aeabi_llsr                             0x08000653   Thumb Code    32  llushr.o(.text)
    _ll_ushift_r                             0x08000653   Thumb Code     0  llushr.o(.text)
    __aeabi_lasr                             0x08000673   Thumb Code    36  llsshr.o(.text)
    _ll_sshift_r                             0x08000673   Thumb Code     0  llsshr.o(.text)
    __I$use$fp                               0x08000697   Thumb Code     0  iusefp.o(.text)
    _float_round                             0x08000697   Thumb Code    18  fepilogue.o(.text)
    _float_epilogue                          0x080006a9   Thumb Code    92  fepilogue.o(.text)
    _double_round                            0x08000705   Thumb Code    30  depilogue.o(.text)
    _double_epilogue                         0x08000723   Thumb Code   156  depilogue.o(.text)
    __aeabi_d2ulz                            0x080007bf   Thumb Code    48  dfixul.o(.text)
    __aeabi_cdrcmple                         0x080007f1   Thumb Code    48  cdrcmple.o(.text)
    __scatterload                            0x08000821   Thumb Code    28  init.o(.text)
    __scatterload_rt2                        0x08000821   Thumb Code     0  init.o(.text)
    ACC_XYZ_Window_Filter                    0x08000845   Thumb Code   194  imu.o(i.ACC_XYZ_Window_Filter)
    AHRS                                     0x08000915   Thumb Code   474  imu.o(i.AHRS)
    BusFault_Handler                         0x08000afd   Thumb Code     2  stm32f4xx_it.o(i.BusFault_Handler)
    DebugMon_Handler                         0x08000aff   Thumb Code     2  stm32f4xx_it.o(i.DebugMon_Handler)
    Error_Handler                            0x08000b01   Thumb Code     4  main.o(i.Error_Handler)
    HAL_Delay                                0x08000b05   Thumb Code    32  stm32f4xx_hal.o(i.HAL_Delay)
    HAL_GPIO_Init                            0x08000b29   Thumb Code   450  stm32f4xx_hal_gpio.o(i.HAL_GPIO_Init)
    HAL_GPIO_TogglePin                       0x08000d19   Thumb Code    16  stm32f4xx_hal_gpio.o(i.HAL_GPIO_TogglePin)
    HAL_GPIO_WritePin                        0x08000d29   Thumb Code    10  stm32f4xx_hal_gpio.o(i.HAL_GPIO_WritePin)
    HAL_GetTick                              0x08000d35   Thumb Code     6  stm32f4xx_hal.o(i.HAL_GetTick)
    HAL_I2C_GetState                         0x08000d41   Thumb Code     6  stm32f4xx_hal_i2c.o(i.HAL_I2C_GetState)
    HAL_I2C_Init                             0x08000d49   Thumb Code   376  stm32f4xx_hal_i2c.o(i.HAL_I2C_Init)
    HAL_I2C_Mem_Read                         0x08000ed1   Thumb Code   502  stm32f4xx_hal_i2c.o(i.HAL_I2C_Mem_Read)
    HAL_I2C_Mem_Write                        0x080010d5   Thumb Code   294  stm32f4xx_hal_i2c.o(i.HAL_I2C_Mem_Write)
    HAL_I2C_MspInit                          0x08001205   Thumb Code    92  i2c.o(i.HAL_I2C_MspInit)
    HAL_IncTick                              0x0800126d   Thumb Code    12  stm32f4xx_hal.o(i.HAL_IncTick)
    HAL_Init                                 0x0800127d   Thumb Code    48  stm32f4xx_hal.o(i.HAL_Init)
    HAL_InitTick                             0x080012b1   Thumb Code    54  stm32f4xx_hal.o(i.HAL_InitTick)
    HAL_MspInit                              0x080012f1   Thumb Code    42  stm32f4xx_hal_msp.o(i.HAL_MspInit)
    HAL_NVIC_EnableIRQ                       0x08001321   Thumb Code    26  stm32f4xx_hal_cortex.o(i.HAL_NVIC_EnableIRQ)
    HAL_NVIC_SetPriority                     0x0800133d   Thumb Code    60  stm32f4xx_hal_cortex.o(i.HAL_NVIC_SetPriority)
    HAL_NVIC_SetPriorityGrouping             0x0800137d   Thumb Code    26  stm32f4xx_hal_cortex.o(i.HAL_NVIC_SetPriorityGrouping)
    HAL_RCC_ClockConfig                      0x080013a1   Thumb Code   288  stm32f4xx_hal_rcc.o(i.HAL_RCC_ClockConfig)
    HAL_RCC_GetPCLK1Freq                     0x080014d5   Thumb Code    20  stm32f4xx_hal_rcc.o(i.HAL_RCC_GetPCLK1Freq)
    HAL_RCC_GetPCLK2Freq                     0x080014f5   Thumb Code    20  stm32f4xx_hal_rcc.o(i.HAL_RCC_GetPCLK2Freq)
    HAL_RCC_GetSysClockFreq                  0x08001515   Thumb Code    88  stm32f4xx_hal_rcc.o(i.HAL_RCC_GetSysClockFreq)
    HAL_RCC_OscConfig                        0x08001579   Thumb Code   856  stm32f4xx_hal_rcc.o(i.HAL_RCC_OscConfig)
    HAL_SYSTICK_Config                       0x080018e5   Thumb Code    40  stm32f4xx_hal_cortex.o(i.HAL_SYSTICK_Config)
    HAL_TIMEx_BreakCallback                  0x0800190d   Thumb Code     2  stm32f4xx_hal_tim_ex.o(i.HAL_TIMEx_BreakCallback)
    HAL_TIMEx_CommutCallback                 0x0800190f   Thumb Code     2  stm32f4xx_hal_tim_ex.o(i.HAL_TIMEx_CommutCallback)
    HAL_TIMEx_MasterConfigSynchronization    0x08001911   Thumb Code   116  stm32f4xx_hal_tim_ex.o(i.HAL_TIMEx_MasterConfigSynchronization)
    HAL_TIM_Base_Init                        0x080019a1   Thumb Code    90  stm32f4xx_hal_tim.o(i.HAL_TIM_Base_Init)
    HAL_TIM_Base_MspInit                     0x080019fd   Thumb Code    50  tim.o(i.HAL_TIM_Base_MspInit)
    HAL_TIM_Base_Start_IT                    0x08001a35   Thumb Code   100  stm32f4xx_hal_tim.o(i.HAL_TIM_Base_Start_IT)
    HAL_TIM_ConfigClockSource                0x08001ab5   Thumb Code   220  stm32f4xx_hal_tim.o(i.HAL_TIM_ConfigClockSource)
    HAL_TIM_IC_CaptureCallback               0x08001b91   Thumb Code     2  stm32f4xx_hal_tim.o(i.HAL_TIM_IC_CaptureCallback)
    HAL_TIM_IRQHandler                       0x08001b93   Thumb Code   304  stm32f4xx_hal_tim.o(i.HAL_TIM_IRQHandler)
    HAL_TIM_OC_DelayElapsedCallback          0x08001cc3   Thumb Code     2  stm32f4xx_hal_tim.o(i.HAL_TIM_OC_DelayElapsedCallback)
    HAL_TIM_PWM_PulseFinishedCallback        0x08001cc5   Thumb Code     2  stm32f4xx_hal_tim.o(i.HAL_TIM_PWM_PulseFinishedCallback)
    HAL_TIM_PeriodElapsedCallback            0x08001cc9   Thumb Code   674  main.o(i.HAL_TIM_PeriodElapsedCallback)
    HAL_TIM_TriggerCallback                  0x08001fe5   Thumb Code     2  stm32f4xx_hal_tim.o(i.HAL_TIM_TriggerCallback)
    HAL_UART_Init                            0x08001fe7   Thumb Code   100  stm32f4xx_hal_uart.o(i.HAL_UART_Init)
    HAL_UART_MspInit                         0x0800204d   Thumb Code    94  usart.o(i.HAL_UART_MspInit)
    HAL_UART_Transmit                        0x080020b9   Thumb Code   160  stm32f4xx_hal_uart.o(i.HAL_UART_Transmit)
    HardFault_Handler                        0x08002159   Thumb Code     2  stm32f4xx_it.o(i.HardFault_Handler)
    LPF2_Calculate                           0x08002599   Thumb Code   112  imu.o(i.LPF2_Calculate)
    LPF2_ParamSet                            0x0800260d   Thumb Code   324  imu.o(i.LPF2_ParamSet)
    MX_GPIO_Init                             0x08002771   Thumb Code   100  gpio.o(i.MX_GPIO_Init)
    MX_I2C1_Init                             0x080027dd   Thumb Code    50  i2c.o(i.MX_I2C1_Init)
    MX_TIM2_Init                             0x0800281d   Thumb Code    96  tim.o(i.MX_TIM2_Init)
    MX_USART1_UART_Init                      0x08002881   Thumb Code    48  usart.o(i.MX_USART1_UART_Init)
    MemManage_Handler                        0x080028b9   Thumb Code     2  stm32f4xx_it.o(i.MemManage_Handler)
    NMI_Handler                              0x080028bb   Thumb Code     2  stm32f4xx_it.o(i.NMI_Handler)
    PendSV_Handler                           0x080028bd   Thumb Code     2  stm32f4xx_it.o(i.PendSV_Handler)
    SVC_Handler                              0x080028bf   Thumb Code     2  stm32f4xx_it.o(i.SVC_Handler)
    Single_Window_Filter                     0x080028c1   Thumb Code    44  imu.o(i.Single_Window_Filter)
    SysTick_Handler                          0x080028f5   Thumb Code     4  stm32f4xx_it.o(i.SysTick_Handler)
    SystemClock_Config                       0x080028f9   Thumb Code   140  main.o(i.SystemClock_Config)
    SystemInit                               0x0800298d   Thumb Code    12  system_stm32f4xx.o(i.SystemInit)
    TIM2_IRQHandler                          0x0800299d   Thumb Code     6  stm32f4xx_it.o(i.TIM2_IRQHandler)
    TIM_Base_SetConfig                       0x080029a9   Thumb Code   170  stm32f4xx_hal_tim.o(i.TIM_Base_SetConfig)
    TIM_ETR_SetConfig                        0x08002a81   Thumb Code    20  stm32f4xx_hal_tim.o(i.TIM_ETR_SetConfig)
    UsageFault_Handler                       0x08002cb7   Thumb Code     2  stm32f4xx_it.o(i.UsageFault_Handler)
    __0printf                                0x08002cb9   Thumb Code    22  printfa.o(i.__0printf)
    __1printf                                0x08002cb9   Thumb Code     0  printfa.o(i.__0printf)
    __2printf                                0x08002cb9   Thumb Code     0  printfa.o(i.__0printf)
    __c89printf                              0x08002cb9   Thumb Code     0  printfa.o(i.__0printf)
    printf                                   0x08002cb9   Thumb Code     0  printfa.o(i.__0printf)
    __ARM_fpclassifyf                        0x08002cd9   Thumb Code    38  fpclassifyf.o(i.__ARM_fpclassifyf)
    __hardfp_asinf                           0x08002d21   Thumb Code   258  asinf.o(i.__hardfp_asinf)
    __hardfp_atan2f                          0x08002e4d   Thumb Code   502  atan2f.o(i.__hardfp_atan2f)
    __hardfp_cosf                            0x0800309d   Thumb Code   280  cosf.o(i.__hardfp_cosf)
    __hardfp_fabs                            0x080031ed   Thumb Code    20  fabs.o(i.__hardfp_fabs)
    __hardfp_tanf                            0x08003201   Thumb Code   322  tanf.o(i.__hardfp_tanf)
    __mathlib_flt_infnan                     0x0800337d   Thumb Code     6  funder.o(i.__mathlib_flt_infnan)
    __mathlib_flt_infnan2                    0x08003383   Thumb Code     6  funder.o(i.__mathlib_flt_infnan2)
    __mathlib_flt_invalid                    0x08003389   Thumb Code    10  funder.o(i.__mathlib_flt_invalid)
    __mathlib_flt_underflow                  0x08003399   Thumb Code    10  funder.o(i.__mathlib_flt_underflow)
    __mathlib_rredf2                         0x080033a9   Thumb Code   316  rredf.o(i.__mathlib_rredf2)
    __scatterload_copy                       0x080034fd   Thumb Code    14  handlers.o(i.__scatterload_copy)
    __scatterload_null                       0x0800350b   Thumb Code     2  handlers.o(i.__scatterload_null)
    __scatterload_zeroinit                   0x0800350d   Thumb Code    14  handlers.o(i.__scatterload_zeroinit)
    __set_errno                              0x0800351d   Thumb Code     6  errno.o(i.__set_errno)
    bmi088_init                              0x08003ddb   Thumb Code    24  bmi088.o(i.bmi088_init)
    bmi08a_get_data                          0x08003df3   Thumb Code    82  bmi08a.o(i.bmi08a_get_data)
    bmi08a_get_meas_conf                     0x08003e45   Thumb Code    56  bmi08a.o(i.bmi08a_get_meas_conf)
    bmi08a_get_power_mode                    0x08003e7d   Thumb Code    36  bmi08a.o(i.bmi08a_get_power_mode)
    bmi08a_get_regs                          0x08003ea1   Thumb Code    54  bmi08a.o(i.bmi08a_get_regs)
    bmi08a_init                              0x08003ed7   Thumb Code    80  bmi08a.o(i.bmi08a_init)
    bmi08a_set_meas_conf                     0x08003f27   Thumb Code   136  bmi08a.o(i.bmi08a_set_meas_conf)
    bmi08a_set_power_mode                    0x08003faf   Thumb Code    92  bmi08a.o(i.bmi08a_set_power_mode)
    bmi08a_soft_reset                        0x0800400b   Thumb Code    64  bmi08a.o(i.bmi08a_soft_reset)
    bmi08g_get_data                          0x0800404b   Thumb Code    82  bmi08g.o(i.bmi08g_get_data)
    bmi08g_get_regs                          0x0800409d   Thumb Code    54  bmi08g.o(i.bmi08g_get_regs)
    bmi08g_init                              0x080040d3   Thumb Code    50  bmi08g.o(i.bmi08g_init)
    bmi08g_set_meas_conf                     0x08004105   Thumb Code   138  bmi08g.o(i.bmi08g_set_meas_conf)
    bmi08g_set_power_mode                    0x0800418f   Thumb Code    98  bmi08g.o(i.bmi08g_set_power_mode)
    fputc                                    0x080041f1   Thumb Code    24  main.o(i.fputc)
    free                                     0x0800420d   Thumb Code    76  malloc.o(i.free)
    main                                     0x0800430d   Thumb Code   350  main.o(i.main)
    malloc                                   0x0800452d   Thumb Code    92  malloc.o(i.malloc)
    sqrtf                                    0x08004611   Thumb Code    62  sqrtf.o(i.sqrtf)
    stm32_i2c_read                           0x08004651   Thumb Code    26  main.o(i.stm32_i2c_read)
    stm32_i2c_write                          0x08004671   Thumb Code    36  main.o(i.stm32_i2c_write)
    AHBPrescTable                            0x08004698   Data          16  system_stm32f4xx.o(.constdata)
    APBPrescTable                            0x080046a8   Data           8  system_stm32f4xx.o(.constdata)
    Region$$Table$$Base                      0x080046d0   Number         0  anon$$obj.o(Region$$Table)
    Region$$Table$$Limit                     0x080046f0   Number         0  anon$$obj.o(Region$$Table)
    data                                     0x20000000   Data           1  main.o(.data)
    rslt                                     0x20000002   Data           1  main.o(.data)
    t                                        0x20000004   Data           4  main.o(.data)
    user_accel_bmi088                        0x20000018   Data           6  main.o(.data)
    user_gyro_bmi088                         0x2000001e   Data           6  main.o(.data)
    dev                                      0x20000030   Data          36  main.o(.data)
    Kp                                       0x20000054   Data           4  imu.o(.data)
    Ki                                       0x20000058   Data           4  imu.o(.data)
    Pitch                                    0x20000070   Data           4  imu.o(.data)
    Roll                                     0x20000074   Data           4  imu.o(.data)
    quart                                    0x20000078   Data          16  imu.o(.data)
    gyro_x                                   0x20000088   Data           4  imu.o(.data)
    gyro_y                                   0x2000008c   Data           4  imu.o(.data)
    gyro_z                                   0x20000090   Data           4  imu.o(.data)
    gyro_z1                                  0x20000098   Data           8  imu.o(.data)
    accel_x                                  0x200000a0   Data           4  imu.o(.data)
    accel_y                                  0x200000a4   Data           4  imu.o(.data)
    accel_z                                  0x200000a8   Data           4  imu.o(.data)
    Yaw                                      0x200000ac   Data           4  imu.o(.data)
    uwTickFreq                               0x200000b0   Data           1  stm32f4xx_hal.o(.data)
    uwTickPrio                               0x200000b4   Data           4  stm32f4xx_hal.o(.data)
    uwTick                                   0x200000b8   Data           4  stm32f4xx_hal.o(.data)
    SystemCoreClock                          0x200000bc   Data           4  system_stm32f4xx.o(.data)
    __stdout                                 0x200000c0   Data           4  stdout.o(.data)
    __microlib_freelist                      0x200000c4   Data           4  mvars.o(.data)
    __microlib_freelist_initialised          0x200000c8   Data           4  mvars.o(.data)
    V3                                       0x200000d0   Data          12  main.o(.bss)
    My_Filter                                0x20000308   Data          32  imu.o(.bss)
    hi2c1                                    0x20000328   Data          84  i2c.o(.bss)
    htim2                                    0x2000037c   Data          72  tim.o(.bss)
    huart1                                   0x200003c4   Data          72  usart.o(.bss)
    __heap_base                              0x20000410   Data           0  startup_stm32f407xx.o(HEAP)
    __heap_limit                             0x20000610   Data           0  startup_stm32f407xx.o(HEAP)
    __initial_sp                             0x20000a10   Data           0  startup_stm32f407xx.o(STACK)



==============================================================================

Memory Map of the image

  Image Entry point : 0x08000189

  Load Region LR_IROM1 (Base: 0x08000000, Size: 0x000047c0, Max: 0x00080000, ABSOLUTE)

    Execution Region ER_IROM1 (Exec base: 0x08000000, Load base: 0x08000000, Size: 0x000046f0, Max: 0x00080000, ABSOLUTE)

    Exec Addr    Load Addr    Size         Type   Attr      Idx    E Section Name        Object

    0x08000000   0x08000000   0x00000188   Data   RO            3    RESET               startup_stm32f407xx.o
    0x08000188   0x08000188   0x00000000   Code   RO         4072  * .ARM.Collect$$$$00000000  mc_w.l(entry.o)
    0x08000188   0x08000188   0x00000004   Code   RO         4441    .ARM.Collect$$$$00000001  mc_w.l(entry2.o)
    0x0800018c   0x0800018c   0x00000004   Code   RO         4444    .ARM.Collect$$$$00000004  mc_w.l(entry5.o)
    0x08000190   0x08000190   0x00000000   Code   RO         4446    .ARM.Collect$$$$00000008  mc_w.l(entry7b.o)
    0x08000190   0x08000190   0x00000000   Code   RO         4448    .ARM.Collect$$$$0000000A  mc_w.l(entry8b.o)
    0x08000190   0x08000190   0x00000008   Code   RO         4449    .ARM.Collect$$$$0000000B  mc_w.l(entry9a.o)
    0x08000198   0x08000198   0x00000000   Code   RO         4451    .ARM.Collect$$$$0000000D  mc_w.l(entry10a.o)
    0x08000198   0x08000198   0x00000000   Code   RO         4453    .ARM.Collect$$$$0000000F  mc_w.l(entry11a.o)
    0x08000198   0x08000198   0x00000004   Code   RO         4442    .ARM.Collect$$$$00002712  mc_w.l(entry2.o)
    0x0800019c   0x0800019c   0x00000024   Code   RO            4    .text               startup_stm32f407xx.o
    0x080001c0   0x080001c0   0x00000062   Code   RO         4075    .text               mc_w.l(uldiv.o)
    0x08000222   0x08000222   0x00000024   Code   RO         4077    .text               mc_w.l(memseta.o)
    0x08000246   0x08000246   0x0000014e   Code   RO         4368    .text               mf_w.l(dadd.o)
    0x08000394   0x08000394   0x000000e4   Code   RO         4370    .text               mf_w.l(dmul.o)
    0x08000478   0x08000478   0x000000de   Code   RO         4372    .text               mf_w.l(ddiv.o)
    0x08000556   0x08000556   0x00000022   Code   RO         4374    .text               mf_w.l(dflti.o)
    0x08000578   0x08000578   0x00000026   Code   RO         4376    .text               mf_w.l(f2d.o)
    0x0800059e   0x0800059e   0x00000002   PAD
    0x080005a0   0x080005a0   0x00000030   Code   RO         4378    .text               mf_w.l(cdcmple.o)
    0x080005d0   0x080005d0   0x00000038   Code   RO         4380    .text               mf_w.l(d2f.o)
    0x08000608   0x08000608   0x0000002c   Code   RO         4456    .text               mc_w.l(uidiv.o)
    0x08000634   0x08000634   0x0000001e   Code   RO         4458    .text               mc_w.l(llshl.o)
    0x08000652   0x08000652   0x00000020   Code   RO         4460    .text               mc_w.l(llushr.o)
    0x08000672   0x08000672   0x00000024   Code   RO         4462    .text               mc_w.l(llsshr.o)
    0x08000696   0x08000696   0x00000000   Code   RO         4477    .text               mc_w.l(iusefp.o)
    0x08000696   0x08000696   0x0000006e   Code   RO         4478    .text               mf_w.l(fepilogue.o)
    0x08000704   0x08000704   0x000000ba   Code   RO         4480    .text               mf_w.l(depilogue.o)
    0x080007be   0x080007be   0x00000030   Code   RO         4486    .text               mf_w.l(dfixul.o)
    0x080007ee   0x080007ee   0x00000002   PAD
    0x080007f0   0x080007f0   0x00000030   Code   RO         4488    .text               mf_w.l(cdrcmple.o)
    0x08000820   0x08000820   0x00000024   Code   RO         4494    .text               mc_w.l(init.o)
    0x08000844   0x08000844   0x000000d0   Code   RO          219    i.ACC_XYZ_Window_Filter  imu.o
    0x08000914   0x08000914   0x000001e8   Code   RO          220    i.AHRS              imu.o
    0x08000afc   0x08000afc   0x00000002   Code   RO          800    i.BusFault_Handler  stm32f4xx_it.o
    0x08000afe   0x08000afe   0x00000002   Code   RO          801    i.DebugMon_Handler  stm32f4xx_it.o
    0x08000b00   0x08000b00   0x00000004   Code   RO           13    i.Error_Handler     main.o
    0x08000b04   0x08000b04   0x00000024   Code   RO         2360    i.HAL_Delay         stm32f4xx_hal.o
    0x08000b28   0x08000b28   0x000001f0   Code   RO         1828    i.HAL_GPIO_Init     stm32f4xx_hal_gpio.o
    0x08000d18   0x08000d18   0x00000010   Code   RO         1831    i.HAL_GPIO_TogglePin  stm32f4xx_hal_gpio.o
    0x08000d28   0x08000d28   0x0000000a   Code   RO         1832    i.HAL_GPIO_WritePin  stm32f4xx_hal_gpio.o
    0x08000d32   0x08000d32   0x00000002   PAD
    0x08000d34   0x08000d34   0x0000000c   Code   RO         2366    i.HAL_GetTick       stm32f4xx_hal.o
    0x08000d40   0x08000d40   0x00000006   Code   RO         1028    i.HAL_I2C_GetState  stm32f4xx_hal_i2c.o
    0x08000d46   0x08000d46   0x00000002   PAD
    0x08000d48   0x08000d48   0x00000188   Code   RO         1029    i.HAL_I2C_Init      stm32f4xx_hal_i2c.o
    0x08000ed0   0x08000ed0   0x00000204   Code   RO         1047    i.HAL_I2C_Mem_Read  stm32f4xx_hal_i2c.o
    0x080010d4   0x080010d4   0x00000130   Code   RO         1050    i.HAL_I2C_Mem_Write  stm32f4xx_hal_i2c.o
    0x08001204   0x08001204   0x00000068   Code   RO          331    i.HAL_I2C_MspInit   i2c.o
    0x0800126c   0x0800126c   0x00000010   Code   RO         2372    i.HAL_IncTick       stm32f4xx_hal.o
    0x0800127c   0x0800127c   0x00000034   Code   RO         2373    i.HAL_Init          stm32f4xx_hal.o
    0x080012b0   0x080012b0   0x00000040   Code   RO         2374    i.HAL_InitTick      stm32f4xx_hal.o
    0x080012f0   0x080012f0   0x00000030   Code   RO          882    i.HAL_MspInit       stm32f4xx_hal_msp.o
    0x08001320   0x08001320   0x0000001a   Code   RO         2218    i.HAL_NVIC_EnableIRQ  stm32f4xx_hal_cortex.o
    0x0800133a   0x0800133a   0x00000002   PAD
    0x0800133c   0x0800133c   0x00000040   Code   RO         2224    i.HAL_NVIC_SetPriority  stm32f4xx_hal_cortex.o
    0x0800137c   0x0800137c   0x00000024   Code   RO         2225    i.HAL_NVIC_SetPriorityGrouping  stm32f4xx_hal_cortex.o
    0x080013a0   0x080013a0   0x00000134   Code   RO         1474    i.HAL_RCC_ClockConfig  stm32f4xx_hal_rcc.o
    0x080014d4   0x080014d4   0x00000020   Code   RO         1481    i.HAL_RCC_GetPCLK1Freq  stm32f4xx_hal_rcc.o
    0x080014f4   0x080014f4   0x00000020   Code   RO         1482    i.HAL_RCC_GetPCLK2Freq  stm32f4xx_hal_rcc.o
    0x08001514   0x08001514   0x00000064   Code   RO         1483    i.HAL_RCC_GetSysClockFreq  stm32f4xx_hal_rcc.o
    0x08001578   0x08001578   0x0000036c   Code   RO         1486    i.HAL_RCC_OscConfig  stm32f4xx_hal_rcc.o
    0x080018e4   0x080018e4   0x00000028   Code   RO         2229    i.HAL_SYSTICK_Config  stm32f4xx_hal_cortex.o
    0x0800190c   0x0800190c   0x00000002   Code   RO         3317    i.HAL_TIMEx_BreakCallback  stm32f4xx_hal_tim_ex.o
    0x0800190e   0x0800190e   0x00000002   Code   RO         3318    i.HAL_TIMEx_CommutCallback  stm32f4xx_hal_tim_ex.o
    0x08001910   0x08001910   0x00000090   Code   RO         3336    i.HAL_TIMEx_MasterConfigSynchronization  stm32f4xx_hal_tim_ex.o
    0x080019a0   0x080019a0   0x0000005a   Code   RO         2613    i.HAL_TIM_Base_Init  stm32f4xx_hal_tim.o
    0x080019fa   0x080019fa   0x00000002   PAD
    0x080019fc   0x080019fc   0x00000038   Code   RO          373    i.HAL_TIM_Base_MspInit  tim.o
    0x08001a34   0x08001a34   0x00000080   Code   RO         2618    i.HAL_TIM_Base_Start_IT  stm32f4xx_hal_tim.o
    0x08001ab4   0x08001ab4   0x000000dc   Code   RO         2622    i.HAL_TIM_ConfigClockSource  stm32f4xx_hal_tim.o
    0x08001b90   0x08001b90   0x00000002   Code   RO         2647    i.HAL_TIM_IC_CaptureCallback  stm32f4xx_hal_tim.o
    0x08001b92   0x08001b92   0x00000130   Code   RO         2661    i.HAL_TIM_IRQHandler  stm32f4xx_hal_tim.o
    0x08001cc2   0x08001cc2   0x00000002   Code   RO         2664    i.HAL_TIM_OC_DelayElapsedCallback  stm32f4xx_hal_tim.o
    0x08001cc4   0x08001cc4   0x00000002   Code   RO         2691    i.HAL_TIM_PWM_PulseFinishedCallback  stm32f4xx_hal_tim.o
    0x08001cc6   0x08001cc6   0x00000002   PAD
    0x08001cc8   0x08001cc8   0x0000031c   Code   RO           14    i.HAL_TIM_PeriodElapsedCallback  main.o
    0x08001fe4   0x08001fe4   0x00000002   Code   RO         2704    i.HAL_TIM_TriggerCallback  stm32f4xx_hal_tim.o
    0x08001fe6   0x08001fe6   0x00000064   Code   RO         3614    i.HAL_UART_Init     stm32f4xx_hal_uart.o
    0x0800204a   0x0800204a   0x00000002   PAD
    0x0800204c   0x0800204c   0x0000006c   Code   RO          415    i.HAL_UART_MspInit  usart.o
    0x080020b8   0x080020b8   0x000000a0   Code   RO         3622    i.HAL_UART_Transmit  stm32f4xx_hal_uart.o
    0x08002158   0x08002158   0x00000002   Code   RO          802    i.HardFault_Handler  stm32f4xx_it.o
    0x0800215a   0x0800215a   0x0000002e   Code   RO         1072    i.I2C_IsAcknowledgeFailed  stm32f4xx_hal_i2c.o
    0x08002188   0x08002188   0x000000fc   Code   RO         1082    i.I2C_RequestMemoryRead  stm32f4xx_hal_i2c.o
    0x08002284   0x08002284   0x000000a8   Code   RO         1083    i.I2C_RequestMemoryWrite  stm32f4xx_hal_i2c.o
    0x0800232c   0x0800232c   0x00000056   Code   RO         1087    i.I2C_WaitOnBTFFlagUntilTimeout  stm32f4xx_hal_i2c.o
    0x08002382   0x08002382   0x00000002   PAD
    0x08002384   0x08002384   0x00000090   Code   RO         1088    i.I2C_WaitOnFlagUntilTimeout  stm32f4xx_hal_i2c.o
    0x08002414   0x08002414   0x000000bc   Code   RO         1089    i.I2C_WaitOnMasterAddressFlagUntilTimeout  stm32f4xx_hal_i2c.o
    0x080024d0   0x080024d0   0x00000070   Code   RO         1090    i.I2C_WaitOnRXNEFlagUntilTimeout  stm32f4xx_hal_i2c.o
    0x08002540   0x08002540   0x00000056   Code   RO         1091    i.I2C_WaitOnTXEFlagUntilTimeout  stm32f4xx_hal_i2c.o
    0x08002596   0x08002596   0x00000002   PAD
    0x08002598   0x08002598   0x00000074   Code   RO          222    i.LPF2_Calculate    imu.o
    0x0800260c   0x0800260c   0x00000164   Code   RO          223    i.LPF2_ParamSet     imu.o
    0x08002770   0x08002770   0x0000006c   Code   RO          306    i.MX_GPIO_Init      gpio.o
    0x080027dc   0x080027dc   0x00000040   Code   RO          332    i.MX_I2C1_Init      i2c.o
    0x0800281c   0x0800281c   0x00000064   Code   RO          374    i.MX_TIM2_Init      tim.o
    0x08002880   0x08002880   0x00000038   Code   RO          416    i.MX_USART1_UART_Init  usart.o
    0x080028b8   0x080028b8   0x00000002   Code   RO          803    i.MemManage_Handler  stm32f4xx_it.o
    0x080028ba   0x080028ba   0x00000002   Code   RO          804    i.NMI_Handler       stm32f4xx_it.o
    0x080028bc   0x080028bc   0x00000002   Code   RO          805    i.PendSV_Handler    stm32f4xx_it.o
    0x080028be   0x080028be   0x00000002   Code   RO          806    i.SVC_Handler       stm32f4xx_it.o
    0x080028c0   0x080028c0   0x00000034   Code   RO          224    i.Single_Window_Filter  imu.o
    0x080028f4   0x080028f4   0x00000004   Code   RO          807    i.SysTick_Handler   stm32f4xx_it.o
    0x080028f8   0x080028f8   0x00000094   Code   RO           15    i.SystemClock_Config  main.o
    0x0800298c   0x0800298c   0x00000010   Code   RO         3948    i.SystemInit        system_stm32f4xx.o
    0x0800299c   0x0800299c   0x0000000c   Code   RO          808    i.TIM2_IRQHandler   stm32f4xx_it.o
    0x080029a8   0x080029a8   0x000000d8   Code   RO         2706    i.TIM_Base_SetConfig  stm32f4xx_hal_tim.o
    0x08002a80   0x08002a80   0x00000014   Code   RO         2717    i.TIM_ETR_SetConfig  stm32f4xx_hal_tim.o
    0x08002a94   0x08002a94   0x00000010   Code   RO         2718    i.TIM_ITRx_SetConfig  stm32f4xx_hal_tim.o
    0x08002aa4   0x08002aa4   0x00000022   Code   RO         2724    i.TIM_TI1_ConfigInputStage  stm32f4xx_hal_tim.o
    0x08002ac6   0x08002ac6   0x00000024   Code   RO         2726    i.TIM_TI2_ConfigInputStage  stm32f4xx_hal_tim.o
    0x08002aea   0x08002aea   0x0000004e   Code   RO         3637    i.UART_EndRxTransfer  stm32f4xx_hal_uart.o
    0x08002b38   0x08002b38   0x0000010c   Code   RO         3640    i.UART_SetConfig    stm32f4xx_hal_uart.o
    0x08002c44   0x08002c44   0x00000072   Code   RO         3643    i.UART_WaitOnFlagUntilTimeout  stm32f4xx_hal_uart.o
    0x08002cb6   0x08002cb6   0x00000002   Code   RO          809    i.UsageFault_Handler  stm32f4xx_it.o
    0x08002cb8   0x08002cb8   0x00000020   Code   RO         4312    i.__0printf         mc_w.l(printfa.o)
    0x08002cd8   0x08002cd8   0x00000026   Code   RO         4399    i.__ARM_fpclassifyf  m_wm.l(fpclassifyf.o)
    0x08002cfe   0x08002cfe   0x00000020   Code   RO         2231    i.__NVIC_SetPriority  stm32f4xx_hal_cortex.o
    0x08002d1e   0x08002d1e   0x00000002   PAD
    0x08002d20   0x08002d20   0x0000012c   Code   RO         3982    i.__hardfp_asinf    m_wm.l(asinf.o)
    0x08002e4c   0x08002e4c   0x00000250   Code   RO         3994    i.__hardfp_atan2f   m_wm.l(atan2f.o)
    0x0800309c   0x0800309c   0x00000150   Code   RO         4018    i.__hardfp_cosf     m_wm.l(cosf.o)
    0x080031ec   0x080031ec   0x00000014   Code   RO         4030    i.__hardfp_fabs     m_wm.l(fabs.o)
    0x08003200   0x08003200   0x0000017c   Code   RO         4060    i.__hardfp_tanf     m_wm.l(tanf.o)
    0x0800337c   0x0800337c   0x00000006   Code   RO         4402    i.__mathlib_flt_infnan  m_wm.l(funder.o)
    0x08003382   0x08003382   0x00000006   Code   RO         4403    i.__mathlib_flt_infnan2  m_wm.l(funder.o)
    0x08003388   0x08003388   0x00000010   Code   RO         4404    i.__mathlib_flt_invalid  m_wm.l(funder.o)
    0x08003398   0x08003398   0x00000010   Code   RO         4407    i.__mathlib_flt_underflow  m_wm.l(funder.o)
    0x080033a8   0x080033a8   0x00000154   Code   RO         4420    i.__mathlib_rredf2  m_wm.l(rredf.o)
    0x080034fc   0x080034fc   0x0000000e   Code   RO         4502    i.__scatterload_copy  mc_w.l(handlers.o)
    0x0800350a   0x0800350a   0x00000002   Code   RO         4503    i.__scatterload_null  mc_w.l(handlers.o)
    0x0800350c   0x0800350c   0x0000000e   Code   RO         4504    i.__scatterload_zeroinit  mc_w.l(handlers.o)
    0x0800351a   0x0800351a   0x00000002   PAD
    0x0800351c   0x0800351c   0x0000000c   Code   RO         4472    i.__set_errno       mc_w.l(errno.o)
    0x08003528   0x08003528   0x00000184   Code   RO         4319    i._fp_digits        mc_w.l(printfa.o)
    0x080036ac   0x080036ac   0x000006dc   Code   RO         4320    i._printf_core      mc_w.l(printfa.o)
    0x08003d88   0x08003d88   0x00000024   Code   RO         4321    i._printf_post_padding  mc_w.l(printfa.o)
    0x08003dac   0x08003dac   0x0000002e   Code   RO         4322    i._printf_pre_padding  mc_w.l(printfa.o)
    0x08003dda   0x08003dda   0x00000018   Code   RO          753    i.bmi088_init       bmi088.o
    0x08003df2   0x08003df2   0x00000052   Code   RO          454    i.bmi08a_get_data   bmi08a.o
    0x08003e44   0x08003e44   0x00000038   Code   RO          460    i.bmi08a_get_meas_conf  bmi08a.o
    0x08003e7c   0x08003e7c   0x00000024   Code   RO          461    i.bmi08a_get_power_mode  bmi08a.o
    0x08003ea0   0x08003ea0   0x00000036   Code   RO          462    i.bmi08a_get_regs   bmi08a.o
    0x08003ed6   0x08003ed6   0x00000050   Code   RO          466    i.bmi08a_init       bmi08a.o
    0x08003f26   0x08003f26   0x00000088   Code   RO          473    i.bmi08a_set_meas_conf  bmi08a.o
    0x08003fae   0x08003fae   0x0000005c   Code   RO          474    i.bmi08a_set_power_mode  bmi08a.o
    0x0800400a   0x0800400a   0x00000040   Code   RO          476    i.bmi08a_soft_reset  bmi08a.o
    0x0800404a   0x0800404a   0x00000052   Code   RO          657    i.bmi08g_get_data   bmi08g.o
    0x0800409c   0x0800409c   0x00000036   Code   RO          660    i.bmi08g_get_regs   bmi08g.o
    0x080040d2   0x080040d2   0x00000032   Code   RO          661    i.bmi08g_init       bmi08g.o
    0x08004104   0x08004104   0x0000008a   Code   RO          664    i.bmi08g_set_meas_conf  bmi08g.o
    0x0800418e   0x0800418e   0x00000062   Code   RO          665    i.bmi08g_set_power_mode  bmi08g.o
    0x080041f0   0x080041f0   0x0000001c   Code   RO           16    i.fputc             main.o
    0x0800420c   0x0800420c   0x00000050   Code   RO         4340    i.free              mc_w.l(malloc.o)
    0x0800425c   0x0800425c   0x00000060   Code   RO          480    i.get_regs          bmi08a.o
    0x080042bc   0x080042bc   0x00000024   Code   RO          668    i.get_regs          bmi08g.o
    0x080042e0   0x080042e0   0x0000002c   Code   RO          225    i.invSqrt           imu.o
    0x0800430c   0x0800430c   0x00000220   Code   RO           17    i.main              main.o
    0x0800452c   0x0800452c   0x0000006c   Code   RO         4341    i.malloc            mc_w.l(malloc.o)
    0x08004598   0x08004598   0x00000018   Code   RO          482    i.null_ptr_check    bmi08a.o
    0x080045b0   0x080045b0   0x00000018   Code   RO          669    i.null_ptr_check    bmi08g.o
    0x080045c8   0x080045c8   0x00000024   Code   RO          484    i.set_regs          bmi08a.o
    0x080045ec   0x080045ec   0x00000024   Code   RO          671    i.set_regs          bmi08g.o
    0x08004610   0x08004610   0x0000003e   Code   RO         4431    i.sqrtf             m_wm.l(sqrtf.o)
    0x0800464e   0x0800464e   0x00000002   PAD
    0x08004650   0x08004650   0x00000020   Code   RO           18    i.stm32_i2c_read    main.o
    0x08004670   0x08004670   0x00000028   Code   RO           19    i.stm32_i2c_write   main.o
    0x08004698   0x08004698   0x00000010   Data   RO         3949    .constdata          system_stm32f4xx.o
    0x080046a8   0x080046a8   0x00000008   Data   RO         3950    .constdata          system_stm32f4xx.o
    0x080046b0   0x080046b0   0x00000020   Data   RO         4421    .constdata          m_wm.l(rredf.o)
    0x080046d0   0x080046d0   0x00000020   Data   RO         4500    Region$$Table       anon$$obj.o


    Execution Region RW_IRAM2 (Exec base: 0x10000000, Load base: 0x080047c0, Size: 0x00000000, Max: 0x00010000, ABSOLUTE)

    **** No section assigned to this execution region ****


    Execution Region RW_IRAM1 (Exec base: 0x20000000, Load base: 0x080046f0, Size: 0x00000a10, Max: 0x00020000, ABSOLUTE)

    Exec Addr    Load Addr    Size         Type   Attr      Idx    E Section Name        Object

    0x20000000   0x080046f0   0x00000054   Data   RW           21    .data               main.o
    0x20000054   0x08004744   0x00000034   Data   RW          227    .data               imu.o
    0x20000088   0x08004778   0x00000004   Data   RW          233    .data               imu.o
    0x2000008c   0x0800477c   0x00000004   Data   RW          234    .data               imu.o
    0x20000090   0x08004780   0x00000004   Data   RW          235    .data               imu.o
    0x20000094   0x08004784   0x00000004   PAD
    0x20000098   0x08004788   0x00000008   Data   RW          236    .data               imu.o
    0x200000a0   0x08004790   0x00000004   Data   RW          237    .data               imu.o
    0x200000a4   0x08004794   0x00000004   Data   RW          238    .data               imu.o
    0x200000a8   0x08004798   0x00000004   Data   RW          239    .data               imu.o
    0x200000ac   0x0800479c   0x00000004   Data   RW          240    .data               imu.o
    0x200000b0   0x080047a0   0x0000000c   Data   RW         2380    .data               stm32f4xx_hal.o
    0x200000bc   0x080047ac   0x00000004   Data   RW         3951    .data               system_stm32f4xx.o
    0x200000c0   0x080047b0   0x00000004   Data   RW         4455    .data               mc_w.l(stdout.o)
    0x200000c4   0x080047b4   0x00000004   Data   RW         4468    .data               mc_w.l(mvars.o)
    0x200000c8   0x080047b8   0x00000004   Data   RW         4469    .data               mc_w.l(mvars.o)
    0x200000cc   0x080047bc   0x00000004   Data   RW         4473    .data               mc_w.l(errno.o)
    0x200000d0        -       0x0000000c   Zero   RW           20    .bss                main.o
    0x200000dc        -       0x0000024c   Zero   RW          226    .bss                imu.o
    0x20000328        -       0x00000054   Zero   RW          333    .bss                i2c.o
    0x2000037c        -       0x00000048   Zero   RW          375    .bss                tim.o
    0x200003c4        -       0x00000048   Zero   RW          417    .bss                usart.o
    0x2000040c   0x080047c0   0x00000004   PAD
    0x20000410        -       0x00000200   Zero   RW            2    HEAP                startup_stm32f407xx.o
    0x20000610        -       0x00000400   Zero   RW            1    STACK               startup_stm32f407xx.o


==============================================================================

Image component sizes


      Code (inc. data)   RO Data    RW Data    ZI Data      Debug   Object Name

        24          0          0          0          0       1091   bmi088.o
       756          0          0          0          0      10636   bmi08a.o
       518          0          0          0          0       6669   bmi08g.o
       108          8          0          0          0        927   gpio.o
       168         26          0          0         84       1701   i2c.o
      1264         76          0         88        588      11907   imu.o
      1592        338          0         84         12     721055   main.o
        36          8        392          0       1536        840   startup_stm32f407xx.o
       180         28          0         12          0       9453   stm32f4xx_hal.o
       198         14          0          0          0      33875   stm32f4xx_hal_cortex.o
       522         46          0          0          0       2861   stm32f4xx_hal_gpio.o
      2300         52          0          0          0      13865   stm32f4xx_hal_i2c.o
        48          6          0          0          0        870   stm32f4xx_hal_msp.o
      1348         76          0          0          0       5276   stm32f4xx_hal_rcc.o
      1072         74          0          0          0      10417   stm32f4xx_hal_tim.o
       148         28          0          0          0       2513   stm32f4xx_hal_tim_ex.o
       720         10          0          0          0       4880   stm32f4xx_hal_uart.o
        32          6          0          0          0       4696   stm32f4xx_it.o
        16          4         24          4          0       1147   system_stm32f4xx.o
       156         10          0          0         72       1718   tim.o
       164         22          0          0         72       1742   usart.o

    ----------------------------------------------------------------------
     11388        832        448        192       2368     848139   Object Totals
         0          0         32          0          0          0   (incl. Generated)
        18          0          0          4          4          0   (incl. Padding)

    ----------------------------------------------------------------------

      Code (inc. data)   RO Data    RW Data    ZI Data      Debug   Library Member Name

       300         42          0          0          0        176   asinf.o
       592         90          0          0          0        184   atan2f.o
       336         56          0          0          0        136   cosf.o
        20          0          0          0          0        124   fabs.o
        38          0          0          0          0        116   fpclassifyf.o
        44         12          0          0          0        464   funder.o
       340         24         32          0          0        160   rredf.o
        62          0          0          0          0        136   sqrtf.o
       380         58          0          0          0        200   tanf.o
         0          0          0          0          0          0   entry.o
         0          0          0          0          0          0   entry10a.o
         0          0          0          0          0          0   entry11a.o
         8          4          0          0          0          0   entry2.o
         4          0          0          0          0          0   entry5.o
         0          0          0          0          0          0   entry7b.o
         0          0          0          0          0          0   entry8b.o
         8          4          0          0          0          0   entry9a.o
        12          6          0          4          0         68   errno.o
        30          0          0          0          0          0   handlers.o
        36          8          0          0          0         68   init.o
         0          0          0          0          0          0   iusefp.o
        30          0          0          0          0         68   llshl.o
        36          0          0          0          0         68   llsshr.o
        32          0          0          0          0         68   llushr.o
       188         20          0          0          0        160   malloc.o
        36          0          0          0          0        108   memseta.o
         0          0          0          8          0          0   mvars.o
      2258         90          0          0          0        452   printfa.o
         0          0          0          4          0          0   stdout.o
        44          0          0          0          0         80   uidiv.o
        98          0          0          0          0         92   uldiv.o
        48          0          0          0          0         68   cdcmple.o
        48          0          0          0          0         68   cdrcmple.o
        56          0          0          0          0         88   d2f.o
       334          0          0          0          0        148   dadd.o
       222          0          0          0          0        100   ddiv.o
       186          0          0          0          0        176   depilogue.o
        48          0          0          0          0         68   dfixul.o
        34          0          0          0          0         76   dflti.o
       228          0          0          0          0         96   dmul.o
        38          0          0          0          0         68   f2d.o
       110          0          0          0          0        168   fepilogue.o

    ----------------------------------------------------------------------
      6292        414         32         16          0       4052   Library Totals
         8          0          0          0          0          0   (incl. Padding)

    ----------------------------------------------------------------------

      Code (inc. data)   RO Data    RW Data    ZI Data      Debug   Library Name

      2112        282         32          0          0       1696   m_wm.l
      2820        132          0         16          0       1232   mc_w.l
      1352          0          0          0          0       1124   mf_w.l

    ----------------------------------------------------------------------
      6292        414         32         16          0       4052   Library Totals

    ----------------------------------------------------------------------

==============================================================================


      Code (inc. data)   RO Data    RW Data    ZI Data      Debug   

     17680       1246        480        208       2368     840799   Grand Totals
     17680       1246        480        208       2368     840799   ELF Image Totals
     17680       1246        480        208          0          0   ROM Totals

==============================================================================

    Total RO  Size (Code + RO Data)                18160 (  17.73kB)
    Total RW  Size (RW Data + ZI Data)              2576 (   2.52kB)
    Total ROM Size (Code + RO Data + RW Data)      18368 (  17.94kB)

==============================================================================

