Component: ARM Compiler 5.06 update 5 (build 528) Tool: armlink [4d35e2]

==============================================================================

Section Cross References

    startup_stm32f407xx.o(RESET) refers to startup_stm32f407xx.o(STACK) for __initial_sp
    startup_stm32f407xx.o(RESET) refers to startup_stm32f407xx.o(.text) for Reset_Handler
    startup_stm32f407xx.o(RESET) refers to stm32f4xx_it.o(i.NMI_Handler) for NMI_Handler
    startup_stm32f407xx.o(RESET) refers to stm32f4xx_it.o(i.HardFault_Handler) for HardFault_Handler
    startup_stm32f407xx.o(RESET) refers to stm32f4xx_it.o(i.MemManage_Handler) for MemManage_Handler
    startup_stm32f407xx.o(RESET) refers to stm32f4xx_it.o(i.BusFault_Handler) for BusFault_Handler
    startup_stm32f407xx.o(RESET) refers to stm32f4xx_it.o(i.UsageFault_Handler) for UsageFault_Handler
    startup_stm32f407xx.o(RESET) refers to stm32f4xx_it.o(i.SVC_Handler) for SVC_Handler
    startup_stm32f407xx.o(RESET) refers to stm32f4xx_it.o(i.DebugMon_Handler) for DebugMon_Handler
    startup_stm32f407xx.o(RESET) refers to stm32f4xx_it.o(i.PendSV_Handler) for PendSV_Handler
    startup_stm32f407xx.o(RESET) refers to stm32f4xx_it.o(i.SysTick_Handler) for SysTick_Handler
    startup_stm32f407xx.o(RESET) refers to stm32f4xx_it.o(i.TIM2_IRQHandler) for TIM2_IRQHandler
    startup_stm32f407xx.o(.text) refers to system_stm32f4xx.o(i.SystemInit) for SystemInit
    startup_stm32f407xx.o(.text) refers to entry.o(.ARM.Collect$$$$00000000) for __main
    main.o(i.HAL_TIM_PeriodElapsedCallback) refers to bmi08a.o(i.bmi08a_get_data) for bmi08a_get_data
    main.o(i.HAL_TIM_PeriodElapsedCallback) refers to imu.o(i.ACC_XYZ_Window_Filter) for ACC_XYZ_Window_Filter
    main.o(i.HAL_TIM_PeriodElapsedCallback) refers to bmi08g.o(i.bmi08g_get_data) for bmi08g_get_data
    main.o(i.HAL_TIM_PeriodElapsedCallback) refers to f2d.o(.text) for __aeabi_f2d
    main.o(i.HAL_TIM_PeriodElapsedCallback) refers to dmul.o(.text) for __aeabi_dmul
    main.o(i.HAL_TIM_PeriodElapsedCallback) refers to ddiv.o(.text) for __aeabi_ddiv
    main.o(i.HAL_TIM_PeriodElapsedCallback) refers to d2f.o(.text) for __aeabi_d2f
    main.o(i.HAL_TIM_PeriodElapsedCallback) refers to imu.o(i.Single_Window_Filter) for Single_Window_Filter
    main.o(i.HAL_TIM_PeriodElapsedCallback) refers to imu.o(i.LPF2_Calculate) for LPF2_Calculate
    main.o(i.HAL_TIM_PeriodElapsedCallback) refers to fabs.o(i.__hardfp_fabs) for __hardfp_fabs
    main.o(i.HAL_TIM_PeriodElapsedCallback) refers to cdcmple.o(.text) for __aeabi_cdcmple
    main.o(i.HAL_TIM_PeriodElapsedCallback) refers to dadd.o(.text) for __aeabi_dadd
    main.o(i.HAL_TIM_PeriodElapsedCallback) refers to stm32f4xx_hal_gpio.o(i.HAL_GPIO_TogglePin) for HAL_GPIO_TogglePin
    main.o(i.HAL_TIM_PeriodElapsedCallback) refers to tim.o(.bss) for htim2
    main.o(i.HAL_TIM_PeriodElapsedCallback) refers to imu.o(.data) for gyro_z1
    main.o(i.HAL_TIM_PeriodElapsedCallback) refers to main.o(.data) for .data
    main.o(i.HAL_TIM_PeriodElapsedCallback) refers to imu.o(.data) for accel_x
    main.o(i.HAL_TIM_PeriodElapsedCallback) refers to imu.o(.data) for accel_y
    main.o(i.HAL_TIM_PeriodElapsedCallback) refers to imu.o(.data) for accel_z
    main.o(i.HAL_TIM_PeriodElapsedCallback) refers to imu.o(.data) for gyro_x
    main.o(i.HAL_TIM_PeriodElapsedCallback) refers to imu.o(.data) for gyro_y
    main.o(i.HAL_TIM_PeriodElapsedCallback) refers to imu.o(.data) for gyro_z
    main.o(i.HAL_TIM_PeriodElapsedCallback) refers to imu.o(.data) for Yaw
    main.o(i.SystemClock_Config) refers to memseta.o(.text) for __aeabi_memclr4
    main.o(i.SystemClock_Config) refers to stm32f4xx_hal_rcc.o(i.HAL_RCC_OscConfig) for HAL_RCC_OscConfig
    main.o(i.SystemClock_Config) refers to stm32f4xx_hal_rcc.o(i.HAL_RCC_ClockConfig) for HAL_RCC_ClockConfig
    main.o(i.fputc) refers to stm32f4xx_hal_uart.o(i.HAL_UART_Transmit) for HAL_UART_Transmit
    main.o(i.fputc) refers to usart.o(.bss) for huart1
    main.o(i.main) refers to stm32f4xx_hal.o(i.HAL_Init) for HAL_Init
    main.o(i.main) refers to main.o(i.SystemClock_Config) for SystemClock_Config
    main.o(i.main) refers to gpio.o(i.MX_GPIO_Init) for MX_GPIO_Init
    main.o(i.main) refers to i2c.o(i.MX_I2C1_Init) for MX_I2C1_Init
    main.o(i.main) refers to imu.o(i.LPF2_ParamSet) for LPF2_ParamSet
    main.o(i.main) refers to usart.o(i.MX_USART1_UART_Init) for MX_USART1_UART_Init
    main.o(i.main) refers to tim.o(i.MX_TIM2_Init) for MX_TIM2_Init
    main.o(i.main) refers to stm32f4xx_hal_tim.o(i.HAL_TIM_Base_Start_IT) for HAL_TIM_Base_Start_IT
    main.o(i.main) refers to bmi088.o(i.bmi088_init) for bmi088_init
    main.o(i.main) refers to printfa.o(i.__0printf) for __2printf
    main.o(i.main) refers to bmi08a.o(i.bmi08a_get_regs) for bmi08a_get_regs
    main.o(i.main) refers to bmi08g.o(i.bmi08g_get_regs) for bmi08g_get_regs
    main.o(i.main) refers to bmi08a.o(i.bmi08a_soft_reset) for bmi08a_soft_reset
[...]
    ../clib/microlib/init/entry.s            0x00000000   Number         0  entry2.o ABSOLUTE
    ../clib/microlib/init/entry.s            0x00000000   Number         0  entry11b.o ABSOLUTE
    ../clib/microlib/init/entry.s            0x00000000   Number         0  entry9a.o ABSOLUTE
    ../clib/microlib/longlong.c              0x00000000   Number         0  llushr.o ABSOLUTE
    ../clib/microlib/longlong.c              0x00000000   Number         0  llsshr.o ABSOLUTE
    ../clib/microlib/longlong.c              0x00000000   Number         0  llshl.o ABSOLUTE
    ../clib/microlib/malloc/malloc.c         0x00000000   Number         0  mallocra.o ABSOLUTE
    ../clib/microlib/malloc/malloc.c         0x00000000   Number         0  malloc.o ABSOLUTE
    ../clib/microlib/malloc/malloc.c         0x00000000   Number         0  mallocr.o ABSOLUTE
    ../clib/microlib/malloc/malloc.c         0x00000000   Number         0  malloca.o ABSOLUTE
    ../clib/microlib/malloc/mvars.c          0x00000000   Number         0  mvars.o ABSOLUTE
    ../clib/microlib/printf/printf.c         0x00000000   Number         0  printf8.o ABSOLUTE
    ../clib/microlib/printf/printf.c         0x00000000   Number         0  printfa.o ABSOLUTE
    ../clib/microlib/printf/printf.c         0x00000000   Number         0  printf5.o ABSOLUTE
    ../clib/microlib/printf/printf.c         0x00000000   Number         0  printf6.o ABSOLUTE
    ../clib/microlib/printf/printf.c         0x00000000   Number         0  printf7.o ABSOLUTE
    ../clib/microlib/printf/printf.c         0x00000000   Number         0  printfb.o ABSOLUTE
    ../clib/microlib/printf/printf.c         0x00000000   Number         0  printf0.o ABSOLUTE
    ../clib/microlib/printf/printf.c         0x00000000   Number         0  printf1.o ABSOLUTE
    ../clib/microlib/printf/printf.c         0x00000000   Number         0  printf2.o ABSOLUTE
    ../clib/microlib/printf/printf.c         0x00000000   Number         0  printf3.o ABSOLUTE
    ../clib/microlib/printf/printf.c         0x00000000   Number         0  printf4.o ABSOLUTE
    ../clib/microlib/printf/stubs.s          0x00000000   Number         0  stubs.o ABSOLUTE
    ../clib/microlib/stdio/streams.c         0x00000000   Number         0  stdout.o ABSOLUTE
    ../clib/microlib/string/memcpy.c         0x00000000   Number         0  memcpya.o ABSOLUTE
    ../clib/microlib/string/memcpy.c         0x00000000   Number         0  memcpyb.o ABSOLUTE
    ../clib/microlib/string/memset.c         0x00000000   Number         0  memseta.o ABSOLUTE
    ../clib/microlib/stubs.s                 0x00000000   Number         0  iusefp.o ABSOLUTE
    ../fplib/microlib/d2f.c                  0x00000000   Number         0  d2f.o ABSOLUTE
    ../fplib/microlib/f2d.c                  0x00000000   Number         0  f2d.o ABSOLUTE
    ../fplib/microlib/fpadd.c                0x00000000   Number         0  dadd.o ABSOLUTE
    ../fplib/microlib/fpdiv.c                0x00000000   Number         0  ddiv.o ABSOLUTE
    ../fplib/microlib/fpepilogue.c           0x00000000   Number         0  fepilogue.o ABSOLUTE
    ../fplib/microlib/fpepilogue.c           0x00000000   Number         0  depilogue.o ABSOLUTE
    ../fplib/microlib/fpfix.c                0x00000000   Number         0  dfixul.o ABSOLUTE
    ../fplib/microlib/fpmul.c                0x00000000   Number         0  dmul.o ABSOLUTE
    ../fplib/microlib/fpneg.c                0x00000000   Number         0  dneg.o ABSOLUTE
    ../fplib/microlib/fpsqrt.c               0x00000000   Number         0  dsqrt.o ABSOLUTE
    ../mathlib/asin.c                        0x00000000   Number         0  asin_x.o ABSOLUTE
    ../mathlib/asin.c                        0x00000000   Number         0  asin.o ABSOLUTE
    ../mathlib/asinf.c                       0x00000000   Number         0  asinf_x.o ABSOLUTE
    ../mathlib/asinf.c                       0x00000000   Number         0  asinf.o ABSOLUTE
    ../mathlib/atan.c                        0x00000000   Number         0  atan_x.o ABSOLUTE
    ../mathlib/atan.c                        0x00000000   Number         0  atan.o ABSOLUTE
    ../mathlib/atan2.c                       0x00000000   Number         0  atan2_x.o ABSOLUTE
    ../mathlib/atan2.c                       0x00000000   Number         0  atan2.o ABSOLUTE
    ../mathlib/atan2f.c                      0x00000000   Number         0  atan2f.o ABSOLUTE
    ../mathlib/atan2f.c                      0x00000000   Number         0  atan2f_x.o ABSOLUTE
    ../mathlib/cosf.c                        0x00000000   Number         0  cosf_x.o ABSOLUTE
    ../mathlib/cosf.c                        0x00000000   Number         0  cosf.o ABSOLUTE
    ../mathlib/dunder.c                      0x00000000   Number         0  dunder.o ABSOLUTE
    ../mathlib/fabs.c                        0x00000000   Number         0  fabs.o ABSOLUTE
    ../mathlib/fpclassify.c                  0x00000000   Number         0  fpclassify.o ABSOLUTE
    ../mathlib/fpclassifyf.c                 0x00000000   Number         0  fpclassifyf.o ABSOLUTE
    ../mathlib/funder.c                      0x00000000   Number         0  funder.o ABSOLUTE
    ../mathlib/poly.c                        0x00000000   Number         0  poly.o ABSOLUTE
    ../mathlib/qnan.c                        0x00000000   Number         0  qnan.o ABSOLUTE
    ../mathlib/rredf.c                       0x00000000   Number         0  rredf.o ABSOLUTE
    ../mathlib/sqrt.c                        0x00000000   Number         0  sqrt_x.o ABSOLUTE
    ../mathlib/sqrt.c                        0x00000000   Number         0  sqrt.o ABSOLUTE
    ../mathlib/sqrtf.c                       0x00000000   Number         0  sqrtf_x.o ABSOLUTE
    ../mathlib/sqrtf.c                       0x00000000   Number         0  sqrtf.o ABSOLUTE
    ../mathlib/tanf.c                        0x00000000   Number         0  tanf_x.o ABSOLUTE
    ../mathlib/tanf.c                        0x00000000   Number         0  tanf.o ABSOLUTE
    ..\BMI088\bmi085.c                       0x00000000   Number         0  bmi085.o ABSOLUTE
    ..\BMI088\bmi088.c                       0x00000000   Number         0  bmi088.o ABSOLUTE
    ..\BMI088\bmi08a.c                       0x00000000   Number         0  bmi08a.o ABSOLUTE
    ..\BMI088\bmi08g.c                       0x00000000   Number         0  bmi08g.o ABSOLUTE
    ..\BMI088\imu.c                          0x00000000   Number         0  imu.o ABSOLUTE
    ..\Core\Src\gpio.c                       0x00000000   Number         0  gpio.o ABSOLUTE
    ..\Core\Src\i2c.c                        0x00000000   Number         0  i2c.o ABSOLUTE
    ..\Core\Src\main.c                       0x00000000   Number         0  main.o ABSOLUTE
    ..\Core\Src\stm32f4xx_hal_msp.c          0x00000000   Number         0  stm32f4xx_hal_msp.o ABSOLUTE
    ..\Core\Src\stm32f4xx_it.c               0x00000000   Number         0  stm32f4xx_it.o ABSOLUTE
    ..\Core\Src\system_stm32f4xx.c           0x00000000   Number         0  system_stm32f4xx.o ABSOLUTE
    ..\Core\Src\tim.c                        0x00000000   Number         0  tim.o ABSOLUTE
    ..\Core\Src\usart.c                      0x00000000   Number         0  usart.o ABSOLUTE
    ..\Drivers\STM32F4xx_HAL_Driver\Src\stm32f4xx_hal.c 0x00000000   Number         0  stm32f4xx_hal.o ABSOLUTE
    ..\Drivers\STM32F4xx_HAL_Driver\Src\stm32f4xx_hal_cortex.c 0x00000000   Number         0  stm32f4xx_hal_cortex.o ABSOLUTE
    ..\Drivers\STM32F4xx_HAL_Driver\Src\stm32f4xx_hal_dma.c 0x00000000   Number         0  stm32f4xx_hal_dma.o ABSOLUTE
    ..\Drivers\STM32F4xx_HAL_Driver\Src\stm32f4xx_hal_dma_ex.c 0x00000000   Number         0  stm32f4xx_hal_dma_ex.o ABSOLUTE
    ..\Drivers\STM32F4xx_HAL_Driver\Src\stm32f4xx_hal_exti.c 0x00000000   Number         0  stm32f4xx_hal_exti.o ABSOLUTE
    ..\Drivers\STM32F4xx_HAL_Driver\Src\stm32f4xx_hal_flash.c 0x00000000   Number         0  stm32f4xx_hal_flash.o ABSOLUTE
    ..\Drivers\STM32F4xx_HAL_Driver\Src\stm32f4xx_hal_flash_ex.c 0x00000000   Number         0  stm32f4xx_hal_flash_ex.o ABSOLUTE
    ..\Drivers\STM32F4xx_HAL_Driver\Src\stm32f4xx_hal_flash_ramfunc.c 0x00000000   Number         0  stm32f4xx_hal_flash_ramfunc.o ABSOLUTE
    ..\Drivers\STM32F4xx_HAL_Driver\Src\stm32f4xx_hal_gpio.c 0x00000000   Number         0  stm32f4xx_hal_gpio.o ABSOLUTE
    ..\Drivers\STM32F4xx_HAL_Driver\Src\stm32f4xx_hal_i2c.c 0x00000000   Number         0  stm32f4xx_hal_i2c.o ABSOLUTE
    ..\Drivers\STM32F4xx_HAL_Driver\Src\stm32f4xx_hal_i2c_ex.c 0x00000000   Number         0  stm32f4xx_hal_i2c_ex.o ABSOLUTE
    ..\Drivers\STM32F4xx_HAL_Driver\Src\stm32f4xx_hal_pwr.c 0x00000000   Number         0  stm32f4xx_hal_pwr.o ABSOLUTE
    ..\Drivers\STM32F4xx_HAL_Driver\Src\stm32f4xx_hal_pwr_ex.c 0x00000000   Number         0  stm32f4xx_hal_pwr_ex.o ABSOLUTE
    ..\Drivers\STM32F4xx_HAL_Driver\Src\stm32f4xx_hal_rcc.c 0x00000000   Number         0  stm32f4xx_hal_rcc.o ABSOLUTE
    ..\Drivers\STM32F4xx_HAL_Driver\Src\stm32f4xx_hal_rcc_ex.c 0x00000000   Number         0  stm32f4xx_hal_rcc_ex.o ABSOLUTE
    ..\Drivers\STM32F4xx_HAL_Driver\Src\stm32f4xx_hal_tim.c 0x00000000   Number         0  stm32f4xx_hal_tim.o ABSOLUTE
    ..\Drivers\STM32F4xx_HAL_Driver\Src\stm32f4xx_hal_tim_ex.c 0x00000000   Number         0  stm32f4xx_hal_tim_ex.o ABSOLUTE
    ..\Drivers\STM32F4xx_HAL_Driver\Src\stm32f4xx_hal_uart.c 0x00000000   Number         0  stm32f4xx_hal_uart.o ABSOLUTE
    ..\\BMI088\\imu.c                        0x00000000   Number         0  imu.o ABSOLUTE
    cdcmple.s                                0x00000000   Number         0  cdcmple.o ABSOLUTE
    cdrcmple.s                               0x00000000   Number         0  cdrcmple.o ABSOLUTE
    dc.s                                     0x00000000   Number         0  dc.o ABSOLUTE
    handlers.s                               0x00000000   Number         0  handlers.o ABSOLUTE
    init.s                                   0x00000000   Number         0  init.o ABSOLUTE
    startup_stm32f407xx.s                    0x00000000   Number         0  startup_stm32f407xx.o ABSOLUTE
    RESET                                    0x08000000   Section      392  startup_stm32f407xx.o(RESET)
    .ARM.Collect$$$$00000000                 0x08000188   Section        0  entry.o(.ARM.Collect$$$$00000000)
    .ARM.Collect$$$$00000001                 0x08000188   Section        4  entry2.o(.ARM.Collect$$$$00000001)
    .ARM.Collect$$$$00000004                 0x0800018c   Section        4  entry5.o(.ARM.Collect$$$$00000004)
    .ARM.Collect$$$$00000008                 0x08000190   Section        0  entry7b.o(.ARM.Collect$$$$00000008)
    .ARM.Collect$$$$0000000A                 0x08000190   Section        0  entry8b.o(.ARM.Collect$$$$0000000A)
    .ARM.Collect$$$$0000000B                 0x08000190   Section        8  entry9a.o(.ARM.Collect$$$$0000000B)
    .ARM.Collect$$$$0000000D                 0x08000198   Section        0  entry10a.o(.ARM.Collect$$$$0000000D)
    .ARM.Collect$$$$0000000F                 0x08000198   Section        0  entry11a.o(.ARM.Collect$$$$0000000F)
    .ARM.Collect$$$$00002712                 0x08000198   Section        4  entry2.o(.ARM.Collect$$$$00002712)
    __lit__00000000                          0x08000198   Data           4  entry2.o(.ARM.Collect$$$$00002712)
    .text                                    0x0800019c   Section       36  startup_stm32f407xx.o(.text)
    $v0                                      0x0800019c   Number         0  startup_stm32f407xx.o(.text)
    .text                                    0x080001c0   Section        0  uldiv.o(.text)
    .text                                    0x08000222   Section        0  memseta.o(.text)
    .text                                    0x08000246   Section        0  dadd.o(.text)
    .text                                    0x08000394   Section        0  dmul.o(.text)
    .text                                    0x08000478   Section        0  ddiv.o(.text)
    .text                                    0x08000556   Section        0  f2d.o(.text)
    .text                                    0x0800057c   Section       48  cdcmple.o(.text)
    .text                                    0x080005ac   Section        0  d2f.o(.text)
    .text                                    0x080005e4   Section        0  uidiv.o(.text)
    .text                                    0x08000610   Section        0  llshl.o(.text)
    .text                                    0x0800062e   Section        0  llushr.o(.text)
    .text                                    0x0800064e   Section        0  llsshr.o(.text)
    .text                                    0x08000672   Section        0  iusefp.o(.text)
    .text                                    0x08000672   Section        0  fepilogue.o(.text)
    .text                                    0x080006e0   Section        0  depilogue.o(.text)
    .text                                    0x0800079a   Section        0  dfixul.o(.text)
    .text                                    0x080007cc   Section       48  cdrcmple.o(.text)
    .text                                    0x080007fc   Section       36  init.o(.text)
    i.ACC_XYZ_Window_Filter                  0x08000820   Section        0  imu.o(i.ACC_XYZ_Window_Filter)
    i.AHRS                                   0x080008f0   Section        0  imu.o(i.AHRS)
    i.BusFault_Handler                       0x08000ad4   Section        0  stm32f4xx_it.o(i.BusFault_Handler)
    i.DebugMon_Handler                       0x08000ad6   Section        0  stm32f4xx_it.o(i.DebugMon_Handler)
    i.Error_Handler                          0x08000ad8   Section        0  main.o(i.Error_Handler)
    i.HAL_Delay                              0x08000adc   Section        0  stm32f4xx_hal.o(i.HAL_Delay)
    i.HAL_GPIO_Init                          0x08000b00   Section        0  stm32f4xx_hal_gpio.o(i.HAL_GPIO_Init)
    i.HAL_GPIO_TogglePin                     0x08000cf0   Section        0  stm32f4xx_hal_gpio.o(i.HAL_GPIO_TogglePin)
    i.HAL_GPIO_WritePin                      0x08000d00   Section        0  stm32f4xx_hal_gpio.o(i.HAL_GPIO_WritePin)
    i.HAL_GetTick                            0x08000d0c   Section        0  stm32f4xx_hal.o(i.HAL_GetTick)
    i.HAL_I2C_GetState                       0x08000d18   Section        0  stm32f4xx_hal_i2c.o(i.HAL_I2C_GetState)
    i.HAL_I2C_Init                           0x08000d20   Section        0  stm32f4xx_hal_i2c.o(i.HAL_I2C_Init)
    i.HAL_I2C_Mem_Read                       0x08000ea8   Section        0  stm32f4xx_hal_i2c.o(i.HAL_I2C_Mem_Read)
    i.HAL_I2C_Mem_Write                      0x080010ac   Section        0  stm32f4xx_hal_i2c.o(i.HAL_I2C_Mem_Write)
    i.HAL_I2C_MspInit                        0x080011dc   Section        0  i2c.o(i.HAL_I2C_MspInit)
    i.HAL_IncTick                            0x08001244   Section        0  stm32f4xx_hal.o(i.HAL_IncTick)
    i.HAL_Init                               0x08001254   Section        0  stm32f4xx_hal.o(i.HAL_Init)
    i.HAL_InitTick                           0x08001288   Section        0  stm32f4xx_hal.o(i.HAL_InitTick)
    i.HAL_MspInit                            0x080012c8   Section        0  stm32f4xx_hal_msp.o(i.HAL_MspInit)
    i.HAL_NVIC_EnableIRQ                     0x080012f8   Section        0  stm32f4xx_hal_cortex.o(i.HAL_NVIC_EnableIRQ)
    i.HAL_NVIC_SetPriority                   0x08001314   Section        0  stm32f4xx_hal_cortex.o(i.HAL_NVIC_SetPriority)
    i.HAL_NVIC_SetPriorityGrouping           0x08001354   Section        0  stm32f4xx_hal_cortex.o(i.HAL_NVIC_SetPriorityGrouping)
    i.HAL_RCC_ClockConfig                    0x08001378   Section        0  stm32f4xx_hal_rcc.o(i.HAL_RCC_ClockConfig)
    i.HAL_RCC_GetPCLK1Freq                   0x080014ac   Section        0  stm32f4xx_hal_rcc.o(i.HAL_RCC_GetPCLK1Freq)
    i.HAL_RCC_GetPCLK2Freq                   0x080014cc   Section        0  stm32f4xx_hal_rcc.o(i.HAL_RCC_GetPCLK2Freq)
    i.HAL_RCC_GetSysClockFreq                0x080014ec   Section        0  stm32f4xx_hal_rcc.o(i.HAL_RCC_GetSysClockFreq)
    i.HAL_RCC_OscConfig                      0x08001550   Section        0  stm32f4xx_hal_rcc.o(i.HAL_RCC_OscConfig)
    i.HAL_SYSTICK_Config                     0x080018bc   Section        0  stm32f4xx_hal_cortex.o(i.HAL_SYSTICK_Config)
    i.HAL_TIMEx_BreakCallback                0x080018e4   Section        0  stm32f4xx_hal_tim_ex.o(i.HAL_TIMEx_BreakCallback)
    i.HAL_TIMEx_CommutCallback               0x080018e6   Section        0  stm32f4xx_hal_tim_ex.o(i.HAL_TIMEx_CommutCallback)
    i.HAL_TIMEx_MasterConfigSynchronization  0x080018e8   Section        0  stm32f4xx_hal_tim_ex.o(i.HAL_TIMEx_MasterConfigSynchronization)
    i.HAL_TIM_Base_Init                      0x08001978   Section        0  stm32f4xx_hal_tim.o(i.HAL_TIM_Base_Init)
    i.HAL_TIM_Base_MspInit                   0x080019d4   Section        0  tim.o(i.HAL_TIM_Base_MspInit)
    i.HAL_TIM_Base_Start_IT                  0x08001a0c   Section        0  stm32f4xx_hal_tim.o(i.HAL_TIM_Base_Start_IT)
    i.HAL_TIM_ConfigClockSource              0x08001a8c   Section        0  stm32f4xx_hal_tim.o(i.HAL_TIM_ConfigClockSource)
    i.HAL_TIM_IC_CaptureCallback             0x08001b68   Section        0  stm32f4xx_hal_tim.o(i.HAL_TIM_IC_CaptureCallback)
    i.HAL_TIM_IRQHandler                     0x08001b6a   Section        0  stm32f4xx_hal_tim.o(i.HAL_TIM_IRQHandler)
    i.HAL_TIM_OC_DelayElapsedCallback        0x08001c9a   Section        0  stm32f4xx_hal_tim.o(i.HAL_TIM_OC_DelayElapsedCallback)
    i.HAL_TIM_PWM_PulseFinishedCallback      0x08001c9c   Section        0  stm32f4xx_hal_tim.o(i.HAL_TIM_PWM_PulseFinishedCallback)
    i.HAL_TIM_PeriodElapsedCallback          0x08001ca0   Section        0  main.o(i.HAL_TIM_PeriodElapsedCallback)
    i.HAL_TIM_TriggerCallback                0x08001f3c   Section        0  stm32f4xx_hal_tim.o(i.HAL_TIM_TriggerCallback)
    i.HAL_UART_Init                          0x08001f3e   Section        0  stm32f4xx_hal_uart.o(i.HAL_UART_Init)
    i.HAL_UART_MspInit                       0x08001fa4   Section        0  usart.o(i.HAL_UART_MspInit)
    i.HAL_UART_Transmit                      0x08002010   Section        0  stm32f4xx_hal_uart.o(i.HAL_UART_Transmit)
    i.HardFault_Handler                      0x080020b0   Section        0  stm32f4xx_it.o(i.HardFault_Handler)
    i.I2C_IsAcknowledgeFailed                0x080020b2   Section        0  stm32f4xx_hal_i2c.o(i.I2C_IsAcknowledgeFailed)
    I2C_IsAcknowledgeFailed                  0x080020b3   Thumb Code    46  stm32f4xx_hal_i2c.o(i.I2C_IsAcknowledgeFailed)
    i.I2C_RequestMemoryRead                  0x080020e0   Section        0  stm32f4xx_hal_i2c.o(i.I2C_RequestMemoryRead)
    I2C_RequestMemoryRead                    0x080020e1   Thumb Code   246  stm32f4xx_hal_i2c.o(i.I2C_RequestMemoryRead)
    i.I2C_RequestMemoryWrite                 0x080021dc   Section        0  stm32f4xx_hal_i2c.o(i.I2C_RequestMemoryWrite)
    I2C_RequestMemoryWrite                   0x080021dd   Thumb Code   162  stm32f4xx_hal_i2c.o(i.I2C_RequestMemoryWrite)
    i.I2C_WaitOnBTFFlagUntilTimeout          0x08002284   Section        0  stm32f4xx_hal_i2c.o(i.I2C_WaitOnBTFFlagUntilTimeout)
    I2C_WaitOnBTFFlagUntilTimeout            0x08002285   Thumb Code    86  stm32f4xx_hal_i2c.o(i.I2C_WaitOnBTFFlagUntilTimeout)
    i.I2C_WaitOnFlagUntilTimeout             0x080022dc   Section        0  stm32f4xx_hal_i2c.o(i.I2C_WaitOnFlagUntilTimeout)
    I2C_WaitOnFlagUntilTimeout               0x080022dd   Thumb Code   144  stm32f4xx_hal_i2c.o(i.I2C_WaitOnFlagUntilTimeout)
    i.I2C_WaitOnMasterAddressFlagUntilTimeout 0x0800236c   Section        0  stm32f4xx_hal_i2c.o(i.I2C_WaitOnMasterAddressFlagUntilTimeout)
    I2C_WaitOnMasterAddressFlagUntilTimeout  0x0800236d   Thumb Code   188  stm32f4xx_hal_i2c.o(i.I2C_WaitOnMasterAddressFlagUntilTimeout)
    i.I2C_WaitOnRXNEFlagUntilTimeout         0x08002428   Section        0  stm32f4xx_hal_i2c.o(i.I2C_WaitOnRXNEFlagUntilTimeout)
    I2C_WaitOnRXNEFlagUntilTimeout           0x08002429   Thumb Code   112  stm32f4xx_hal_i2c.o(i.I2C_WaitOnRXNEFlagUntilTimeout)
    i.I2C_WaitOnTXEFlagUntilTimeout          0x08002498   Section        0  stm32f4xx_hal_i2c.o(i.I2C_WaitOnTXEFlagUntilTimeout)
    I2C_WaitOnTXEFlagUntilTimeout            0x08002499   Thumb Code    86  stm32f4xx_hal_i2c.o(i.I2C_WaitOnTXEFlagUntilTimeout)
    i.LPF2_Calculate                         0x080024f0   Section        0  imu.o(i.LPF2_Calculate)
    i.LPF2_ParamSet                          0x08002564   Section        0  imu.o(i.LPF2_ParamSet)
    i.MX_GPIO_Init                           0x08002610   Section        0  gpio.o(i.MX_GPIO_Init)
    i.MX_I2C1_Init                           0x0800267c   Section        0  i2c.o(i.MX_I2C1_Init)
    i.MX_TIM2_Init                           0x080026bc   Section        0  tim.o(i.MX_TIM2_Init)
    i.MX_USART1_UART_Init                    0x08002720   Section        0  usart.o(i.MX_USART1_UART_Init)
    i.MemManage_Handler                      0x08002758   Section        0  stm32f4xx_it.o(i.MemManage_Handler)
    i.NMI_Handler                            0x0800275a   Section        0  stm32f4xx_it.o(i.NMI_Handler)
    i.PendSV_Handler                         0x0800275c   Section        0  stm32f4xx_it.o(i.PendSV_Handler)
    i.SVC_Handler                            0x0800275e   Section        0  stm32f4xx_it.o(i.SVC_Handler)
    i.Single_Window_Filter                   0x08002760   Section        0  imu.o(i.Single_Window_Filter)
    i.SysTick_Handler                        0x08002794   Section        0  stm32f4xx_it.o(i.SysTick_Handler)
    i.SystemClock_Config                     0x08002798   Section        0  main.o(i.SystemClock_Config)
    i.SystemInit                             0x0800282c   Section        0  system_stm32f4xx.o(i.SystemInit)
    i.TIM2_IRQHandler                        0x0800283c   Section        0  stm32f4xx_it.o(i.TIM2_IRQHandler)
    i.TIM_Base_SetConfig                     0x08002848   Section        0  stm32f4xx_hal_tim.o(i.TIM_Base_SetConfig)
    i.TIM_ETR_SetConfig                      0x08002920   Section        0  stm32f4xx_hal_tim.o(i.TIM_ETR_SetConfig)
    i.TIM_ITRx_SetConfig                     0x08002934   Section        0  stm32f4xx_hal_tim.o(i.TIM_ITRx_SetConfig)
    TIM_ITRx_SetConfig                       0x08002935   Thumb Code    16  stm32f4xx_hal_tim.o(i.TIM_ITRx_SetConfig)
    i.TIM_TI1_ConfigInputStage               0x08002944   Section        0  stm32f4xx_hal_tim.o(i.TIM_TI1_ConfigInputStage)
    TIM_TI1_ConfigInputStage                 0x08002945   Thumb Code    34  stm32f4xx_hal_tim.o(i.TIM_TI1_ConfigInputStage)
    i.TIM_TI2_ConfigInputStage               0x08002966   Section        0  stm32f4xx_hal_tim.o(i.TIM_TI2_ConfigInputStage)
    TIM_TI2_ConfigInputStage                 0x08002967   Thumb Code    36  stm32f4xx_hal_tim.o(i.TIM_TI2_ConfigInputStage)
    i.UART_EndRxTransfer                     0x0800298a   Section        0  stm32f4xx_hal_uart.o(i.UART_EndRxTransfer)
    UART_EndRxTransfer                       0x0800298b   Thumb Code    78  stm32f4xx_hal_uart.o(i.UART_EndRxTransfer)
    i.UART_SetConfig                         0x080029d8   Section        0  stm32f4xx_hal_uart.o(i.UART_SetConfig)
    UART_SetConfig                           0x080029d9   Thumb Code   258  stm32f4xx_hal_uart.o(i.UART_SetConfig)
    i.UART_WaitOnFlagUntilTimeout            0x08002ae4   Section        0  stm32f4xx_hal_uart.o(i.UART_WaitOnFlagUntilTimeout)
    UART_WaitOnFlagUntilTimeout              0x08002ae5   Thumb Code   114  stm32f4xx_hal_uart.o(i.UART_WaitOnFlagUntilTimeout)
    i.UsageFault_Handler                     0x08002b56   Section        0  stm32f4xx_it.o(i.UsageFault_Handler)
    i.__0printf                              0x08002b58   Section        0  printfa.o(i.__0printf)
    i.__ARM_fpclassifyf                      0x08002b78   Section        0  fpclassifyf.o(i.__ARM_fpclassifyf)
    i.__NVIC_SetPriority                     0x08002b9e   Section        0  stm32f4xx_hal_cortex.o(i.__NVIC_SetPriority)
    __NVIC_SetPriority                       0x08002b9f   Thumb Code    32  stm32f4xx_hal_cortex.o(i.__NVIC_SetPriority)
    i.__hardfp_asinf                         0x08002bc0   Section        0  asinf.o(i.__hardfp_asinf)
    i.__hardfp_atan2f                        0x08002cec   Section        0  atan2f.o(i.__hardfp_atan2f)
    i.__hardfp_cosf                          0x08002f3c   Section        0  cosf.o(i.__hardfp_cosf)
    i.__hardfp_fabs                          0x0800308c   Section        0  fabs.o(i.__hardfp_fabs)
    i.__hardfp_tanf                          0x080030a0   Section        0  tanf.o(i.__hardfp_tanf)
    i.__mathlib_flt_infnan                   0x0800321c   Section        0  funder.o(i.__mathlib_flt_infnan)
    i.__mathlib_flt_infnan2                  0x08003222   Section        0  funder.o(i.__mathlib_flt_infnan2)
    i.__mathlib_flt_invalid                  0x08003228   Section        0  funder.o(i.__mathlib_flt_invalid)
    i.__mathlib_flt_underflow                0x08003238   Section        0  funder.o(i.__mathlib_flt_underflow)
    i.__mathlib_rredf2                       0x08003248   Section        0  rredf.o(i.__mathlib_rredf2)
    i.__scatterload_copy                     0x0800339c   Section       14  handlers.o(i.__scatterload_copy)
    i.__scatterload_null                     0x080033aa   Section        2  handlers.o(i.__scatterload_null)
    i.__scatterload_zeroinit                 0x080033ac   Section       14  handlers.o(i.__scatterload_zeroinit)
    i.__set_errno                            0x080033bc   Section        0  errno.o(i.__set_errno)
    i._fp_digits                             0x080033c8   Section        0  printfa.o(i._fp_digits)
    _fp_digits                               0x080033c9   Thumb Code   366  printfa.o(i._fp_digits)
    i._printf_core                           0x0800354c   Section        0  printfa.o(i._printf_core)
    _printf_core                             0x0800354d   Thumb Code  1744  printfa.o(i._printf_core)
    i._printf_post_padding                   0x08003c28   Section        0  printfa.o(i._printf_post_padding)
    _printf_post_padding                     0x08003c29   Thumb Code    36  printfa.o(i._printf_post_padding)
    i._printf_pre_padding                    0x08003c4c   Section        0  printfa.o(i._printf_pre_padding)
    _printf_pre_padding                      0x08003c4d   Thumb Code    46  printfa.o(i._printf_pre_padding)
    i.bmi088_init                            0x08003c7a   Section        0  bmi088.o(i.bmi088_init)
    i.bmi08a_get_data                        0x08003c92   Section        0  bmi08a.o(i.bmi08a_get_data)
    i.bmi08a_get_meas_conf                   0x08003ce4   Section        0  bmi08a.o(i.bmi08a_get_meas_conf)
    i.bmi08a_get_power_mode                  0x08003d1c   Section        0  bmi08a.o(i.bmi08a_get_power_mode)
    i.bmi08a_get_regs                        0x08003d40   Section        0  bmi08a.o(i.bmi08a_get_regs)
    i.bmi08a_init                            0x08003d76   Section        0  bmi08a.o(i.bmi08a_init)
    i.bmi08a_set_meas_conf                   0x08003dc6   Section        0  bmi08a.o(i.bmi08a_set_meas_conf)
    i.bmi08a_set_power_mode                  0x08003e4e   Section        0  bmi08a.o(i.bmi08a_set_power_mode)
    i.bmi08a_soft_reset                      0x08003eaa   Section        0  bmi08a.o(i.bmi08a_soft_reset)
    i.bmi08g_get_data                        0x08003eea   Section        0  bmi08g.o(i.bmi08g_get_data)
    i.bmi08g_get_regs                        0x08003f3c   Section        0  bmi08g.o(i.bmi08g_get_regs)
    i.bmi08g_init                            0x08003f72   Section        0  bmi08g.o(i.bmi08g_init)
    i.bmi08g_set_meas_conf                   0x08003fa4   Section        0  bmi08g.o(i.bmi08g_set_meas_conf)
    i.bmi08g_set_power_mode                  0x0800402e   Section        0  bmi08g.o(i.bmi08g_set_power_mode)
    i.fputc                                  0x08004090   Section        0  main.o(i.fputc)
    i.free                                   0x080040ac   Section        0  malloc.o(i.free)
    i.get_regs                               0x080040fc   Section        0  bmi08a.o(i.get_regs)
    get_regs                                 0x080040fd   Thumb Code    96  bmi08a.o(i.get_regs)
    i.get_regs                               0x0800415c   Section        0  bmi08g.o(i.get_regs)
    get_regs                                 0x0800415d   Thumb Code    36  bmi08g.o(i.get_regs)
    i.invSqrt                                0x08004180   Section        0  imu.o(i.invSqrt)
    invSqrt                                  0x08004181   Thumb Code    40  imu.o(i.invSqrt)
    i.main                                   0x080041ac   Section        0  main.o(i.main)
    i.malloc                                 0x080043b4   Section        0  malloc.o(i.malloc)
    i.null_ptr_check                         0x08004420   Section        0  bmi08a.o(i.null_ptr_check)
    null_ptr_check                           0x08004421   Thumb Code    24  bmi08a.o(i.null_ptr_check)
    i.null_ptr_check                         0x08004438   Section        0  bmi08g.o(i.null_ptr_check)
    null_ptr_check                           0x08004439   Thumb Code    24  bmi08g.o(i.null_ptr_check)
    i.set_regs                               0x08004450   Section        0  bmi08a.o(i.set_regs)
    set_regs                                 0x08004451   Thumb Code    36  bmi08a.o(i.set_regs)
    i.set_regs                               0x08004474   Section        0  bmi08g.o(i.set_regs)
    set_regs                                 0x08004475   Thumb Code    36  bmi08g.o(i.set_regs)
    i.sqrtf                                  0x08004498   Section        0  sqrtf.o(i.sqrtf)
    i.stm32_i2c_read                         0x080044d8   Section        0  main.o(i.stm32_i2c_read)
    i.stm32_i2c_write                        0x080044f8   Section        0  main.o(i.stm32_i2c_write)
    .constdata                               0x08004520   Section       16  system_stm32f4xx.o(.constdata)
    .constdata                               0x08004530   Section        8  system_stm32f4xx.o(.constdata)
    .constdata                               0x08004538   Section       32  rredf.o(.constdata)
    twooverpi                                0x08004538   Data          32  rredf.o(.constdata)
    .data                                    0x20000000   Section       76  main.o(.data)
    Yaw_turn                                 0x20000001   Data           1  main.o(.data)
    count                                    0x20000008   Data           4  main.o(.data)
    gyro_bias_z                              0x2000000c   Data           4  main.o(.data)
    count1                                   0x20000010   Data           4  main.o(.data)
    gyro_ave_bias_z                          0x20000020   Data           8  main.o(.data)
    .data                                    0x2000004c   Section       68  imu.o(.data)
    exInt                                    0x20000070   Data           4  imu.o(.data)
    eyInt                                    0x20000074   Data           4  imu.o(.data)
    ezInt                                    0x20000078   Data           4  imu.o(.data)
    index                                    0x2000007c   Data           4  imu.o(.data)
    index                                    0x20000080   Data           4  imu.o(.data)
    .data                                    0x20000090   Section        4  imu.o(.data)
    .data                                    0x20000094   Section        4  imu.o(.data)
    .data                                    0x20000098   Section        4  imu.o(.data)
    .data                                    0x200000a0   Section        8  imu.o(.data)
    .data                                    0x200000a8   Section        4  imu.o(.data)
    .data                                    0x200000ac   Section        4  imu.o(.data)
    .data                                    0x200000b0   Section        4  imu.o(.data)
    .data                                    0x200000b4   Section       12  stm32f4xx_hal.o(.data)
    .data                                    0x200000c0   Section        4  system_stm32f4xx.o(.data)
    .data                                    0x200000c4   Section        4  stdout.o(.data)
    .data                                    0x200000c8   Section        4  mvars.o(.data)
    .data                                    0x200000cc   Section        4  mvars.o(.data)
    .data                                    0x200000d0   Section        4  errno.o(.data)
    _errno                                   0x200000d0   Data           4  errno.o(.data)
    .bss                                     0x200000d4   Section      588  imu.o(.bss)
    filter_buf_x                             0x200000d4   Data          84  imu.o(.bss)
    filter_buf_y                             0x20000128   Data          84  imu.o(.bss)
    filter_buf_z                             0x2000017c   Data          84  imu.o(.bss)
    filter_buf_x                             0x200001d0   Data          84  imu.o(.bss)
    filter_buf_y                             0x20000224   Data          84  imu.o(.bss)
    filter_buf_z                             0x20000278   Data          84  imu.o(.bss)
    filter_buf                               0x200002cc   Data          52  imu.o(.bss)
    .bss                                     0x20000320   Section       84  i2c.o(.bss)
    .bss                                     0x20000374   Section       72  tim.o(.bss)
    .bss                                     0x200003bc   Section       72  usart.o(.bss)
    HEAP                                     0x20000408   Section      512  startup_stm32f407xx.o(HEAP)
    STACK                                    0x20000608   Section     1024  startup_stm32f407xx.o(STACK)

    Global Symbols

    Symbol Name                              Value     Ov Type        Size  Object(Section)

    BuildAttributes$$THM_ISAv4$E$P$D$K$B$S$7EM$VFPi3$EXTD16$VFPS$VFMA$PE$A:L22UL41UL21$X:L11$S22US41US21$IEEE1$IW$USESV6$~STKCKD$USESV7$~SHL$OTIME$ROPI$IEEEX$EBA8$MICROLIB$REQ8$PRES8$EABIv2 0x00000000   Number         0  anon$$obj.o ABSOLUTE
    __ARM_use_no_argv                        0x00000000   Number         0  main.o ABSOLUTE
    _printf_a                                0x00000000   Number         0  stubs.o ABSOLUTE
    _printf_c                                0x00000000   Number         0  stubs.o ABSOLUTE
    _printf_charcount                        0x00000000   Number         0  stubs.o ABSOLUTE
    _printf_d                                0x00000000   Number         0  stubs.o ABSOLUTE
    _printf_e                                0x00000000   Number         0  stubs.o ABSOLUTE
    _printf_f                                0x00000000   Number         0  stubs.o ABSOLUTE
    _printf_flags                            0x00000000   Number         0  stubs.o ABSOLUTE
    _printf_fp_dec                           0x00000000   Number         0  stubs.o ABSOLUTE
    _printf_fp_hex                           0x00000000   Number         0  stubs.o ABSOLUTE
    _printf_g                                0x00000000   Number         0  stubs.o ABSOLUTE
    _printf_i                                0x00000000   Number         0  stubs.o ABSOLUTE
    _printf_int_dec                          0x00000000   Number         0  stubs.o ABSOLUTE
    _printf_l                                0x00000000   Number         0  stubs.o ABSOLUTE
    _printf_lc                               0x00000000   Number         0  stubs.o ABSOLUTE
    _printf_ll                               0x00000000   Number         0  stubs.o ABSOLUTE
    _printf_lld                              0x00000000   Number         0  stubs.o ABSOLUTE
    _printf_lli                              0x00000000   Number         0  stubs.o ABSOLUTE
    _printf_llo                              0x00000000   Number         0  stubs.o ABSOLUTE
    _printf_llu                              0x00000000   Number         0  stubs.o ABSOLUTE
    _printf_llx                              0x00000000   Number         0  stubs.o ABSOLUTE
    _printf_longlong_dec                     0x00000000   Number         0  stubs.o ABSOLUTE
    _printf_longlong_hex                     0x00000000   Number         0  stubs.o ABSOLUTE
    _printf_longlong_oct                     0x00000000   Number         0  stubs.o ABSOLUTE
    _printf_ls                               0x00000000   Number         0  stubs.o ABSOLUTE
    _printf_mbtowc                           0x00000000   Number         0  stubs.o ABSOLUTE
    _printf_n                                0x00000000   Number         0  stubs.o ABSOLUTE
    _printf_o                                0x00000000   Number         0  stubs.o ABSOLUTE
    _printf_p                                0x00000000   Number         0  stubs.o ABSOLUTE
    _printf_percent                          0x00000000   Number         0  stubs.o ABSOLUTE
    _printf_pre_padding                      0x00000000   Number         0  stubs.o ABSOLUTE
    _printf_return_value                     0x00000000   Number         0  stubs.o ABSOLUTE
    _printf_s                                0x00000000   Number         0  stubs.o ABSOLUTE
    _printf_sizespec                         0x00000000   Number         0  stubs.o ABSOLUTE
    _printf_str                              0x00000000   Number         0  stubs.o ABSOLUTE
    _printf_truncate_signed                  0x00000000   Number         0  stubs.o ABSOLUTE
    _printf_truncate_unsigned                0x00000000   Number         0  stubs.o ABSOLUTE
    _printf_u                                0x00000000   Number         0  stubs.o ABSOLUTE
    _printf_wc                               0x00000000   Number         0  stubs.o ABSOLUTE
    _printf_wctomb                           0x00000000   Number         0  stubs.o ABSOLUTE
    _printf_widthprec                        0x00000000   Number         0  stubs.o ABSOLUTE
    _printf_x                                0x00000000   Number         0  stubs.o ABSOLUTE
    __cpp_initialize__aeabi_                  - Undefined Weak Reference
    __cxa_finalize                            - Undefined Weak Reference
    __decompress                              - Undefined Weak Reference
    _clock_init                               - Undefined Weak Reference
    _microlib_exit                            - Undefined Weak Reference
    __Vectors_Size                           0x00000188   Number         0  startup_stm32f407xx.o ABSOLUTE
    __Vectors                                0x08000000   Data           4  startup_stm32f407xx.o(RESET)
    __Vectors_End                            0x08000188   Data           0  startup_stm32f407xx.o(RESET)
    __main                                   0x08000189   Thumb Code     0  entry.o(.ARM.Collect$$$$00000000)
    _main_stk                                0x08000189   Thumb Code     0  entry2.o(.ARM.Collect$$$$00000001)
    _main_scatterload                        0x0800018d   Thumb Code     0  entry5.o(.ARM.Collect$$$$00000004)
    __main_after_scatterload                 0x08000191   Thumb Code     0  entry5.o(.ARM.Collect$$$$00000004)
    _main_clock                              0x08000191   Thumb Code     0  entry7b.o(.ARM.Collect$$$$00000008)
    _main_cpp_init                           0x08000191   Thumb Code     0  entry8b.o(.ARM.Collect$$$$0000000A)
    _main_init                               0x08000191   Thumb Code     0  entry9a.o(.ARM.Collect$$$$0000000B)
    __rt_final_cpp                           0x08000199   Thumb Code     0  entry10a.o(.ARM.Collect$$$$0000000D)
    __rt_final_exit                          0x08000199   Thumb Code     0  entry11a.o(.ARM.Collect$$$$0000000F)
    Reset_Handler                            0x0800019d   Thumb Code     8  startup_stm32f407xx.o(.text)
    ADC_IRQHandler                           0x080001b7   Thumb Code     0  startup_stm32f407xx.o(.text)
    CAN1_RX0_IRQHandler                      0x080001b7   Thumb Code     0  startup_stm32f407xx.o(.text)
    CAN1_RX1_IRQHandler                      0x080001b7   Thumb Code     0  startup_stm32f407xx.o(.text)
    CAN1_SCE_IRQHandler                      0x080001b7   Thumb Code     0  startup_stm32f407xx.o(.text)
    CAN1_TX_IRQHandler                       0x080001b7   Thumb Code     0  startup_stm32f407xx.o(.text)
    CAN2_RX0_IRQHandler                      0x080001b7   Thumb Code     0  startup_stm32f407xx.o(.text)
    CAN2_RX1_IRQHandler                      0x080001b7   Thumb Code     0  startup_stm32f407xx.o(.text)
    CAN2_SCE_IRQHandler                      0x080001b7   Thumb Code     0  startup_stm32f407xx.o(.text)
    CAN2_TX_IRQHandler                       0x080001b7   Thumb Code     0  startup_stm32f407xx.o(.text)
    DCMI_IRQHandler                          0x080001b7   Thumb Code     0  startup_stm32f407xx.o(.text)
    DMA1_Stream0_IRQHandler                  0x080001b7   Thumb Code     0  startup_stm32f407xx.o(.text)
    DMA1_Stream1_IRQHandler                  0x080001b7   Thumb Code     0  startup_stm32f407xx.o(.text)
    DMA1_Stream2_IRQHandler                  0x080001b7   Thumb Code     0  startup_stm32f407xx.o(.text)
    DMA1_Stream3_IRQHandler                  0x080001b7   Thumb Code     0  startup_stm32f407xx.o(.text)
    DMA1_Stream4_IRQHandler                  0x080001b7   Thumb Code     0  startup_stm32f407xx.o(.text)
    DMA1_Stream5_IRQHandler                  0x080001b7   Thumb Code     0  startup_stm32f407xx.o(.text)
    DMA1_Stream6_IRQHandler                  0x080001b7   Thumb Code     0  startup_stm32f407xx.o(.text)
    DMA1_Stream7_IRQHandler                  0x080001b7   Thumb Code     0  startup_stm32f407xx.o(.text)
    DMA2_Stream0_IRQHandler                  0x080001b7   Thumb Code     0  startup_stm32f407xx.o(.text)
    DMA2_Stream1_IRQHandler                  0x080001b7   Thumb Code     0  startup_stm32f407xx.o(.text)
    DMA2_Stream2_IRQHandler                  0x080001b7   Thumb Code     0  startup_stm32f407xx.o(.text)
    DMA2_Stream3_IRQHandler                  0x080001b7   Thumb Code     0  startup_stm32f407xx.o(.text)
    DMA2_Stream4_IRQHandler                  0x080001b7   Thumb Code     0  startup_stm32f407xx.o(.text)
    DMA2_Stream5_IRQHandler                  0x080001b7   Thumb Code     0  startup_stm32f407xx.o(.text)
    DMA2_Stream6_IRQHandler                  0x080001b7   Thumb Code     0  startup_stm32f407xx.o(.text)
    DMA2_Stream7_IRQHandler                  0x080001b7   Thumb Code     0  startup_stm32f407xx.o(.text)
    ETH_IRQHandler                           0x080001b7   Thumb Code     0  startup_stm32f407xx.o(.text)
    ETH_WKUP_IRQHandler                      0x080001b7   Thumb Code     0  startup_stm32f407xx.o(.text)
    EXTI0_IRQHandler                         0x080001b7   Thumb Code     0  startup_stm32f407xx.o(.text)
    EXTI15_10_IRQHandler                     0x080001b7   Thumb Code     0  startup_stm32f407xx.o(.text)
    EXTI1_IRQHandler                         0x080001b7   Thumb Code     0  startup_stm32f407xx.o(.text)
    EXTI2_IRQHandler                         0x080001b7   Thumb Code     0  startup_stm32f407xx.o(.text)
    EXTI3_IRQHandler                         0x080001b7   Thumb Code     0  startup_stm32f407xx.o(.text)
    EXTI4_IRQHandler                         0x080001b7   Thumb Code     0  startup_stm32f407xx.o(.text)
    EXTI9_5_IRQHandler                       0x080001b7   Thumb Code     0  startup_stm32f407xx.o(.text)
    FLASH_IRQHandler                         0x080001b7   Thumb Code     0  startup_stm32f407xx.o(.text)
    FMC_IRQHandler                           0x080001b7   Thumb Code     0  startup_stm32f407xx.o(.text)
    FPU_IRQHandler                           0x080001b7   Thumb Code     0  startup_stm32f407xx.o(.text)
    HASH_RNG_IRQHandler                      0x080001b7   Thumb Code     0  startup_stm32f407xx.o(.text)
    I2C1_ER_IRQHandler                       0x080001b7   Thumb Code     0  startup_stm32f407xx.o(.text)
    I2C1_EV_IRQHandler                       0x080001b7   Thumb Code     0  startup_stm32f407xx.o(.text)
    I2C2_ER_IRQHandler                       0x080001b7   Thumb Code     0  startup_stm32f407xx.o(.text)
    I2C2_EV_IRQHandler                       0x080001b7   Thumb Code     0  startup_stm32f407xx.o(.text)
    I2C3_ER_IRQHandler                       0x080001b7   Thumb Code     0  startup_stm32f407xx.o(.text)
    I2C3_EV_IRQHandler                       0x080001b7   Thumb Code     0  startup_stm32f407xx.o(.text)
    OTG_FS_IRQHandler                        0x080001b7   Thumb Code     0  startup_stm32f407xx.o(.text)
    OTG_FS_WKUP_IRQHandler                   0x080001b7   Thumb Code     0  startup_stm32f407xx.o(.text)
    OTG_HS_EP1_IN_IRQHandler                 0x080001b7   Thumb Code     0  startup_stm32f407xx.o(.text)
    OTG_HS_EP1_OUT_IRQHandler                0x080001b7   Thumb Code     0  startup_stm32f407xx.o(.text)
    OTG_HS_IRQHandler                        0x080001b7   Thumb Code     0  startup_stm32f407xx.o(.text)
    OTG_HS_WKUP_IRQHandler                   0x080001b7   Thumb Code     0  startup_stm32f407xx.o(.text)
    PVD_IRQHandler                           0x080001b7   Thumb Code     0  startup_stm32f407xx.o(.text)
    RCC_IRQHandler                           0x080001b7   Thumb Code     0  startup_stm32f407xx.o(.text)
    RTC_Alarm_IRQHandler                     0x080001b7   Thumb Code     0  startup_stm32f407xx.o(.text)
    RTC_WKUP_IRQHandler                      0x080001b7   Thumb Code     0  startup_stm32f407xx.o(.text)
    SDIO_IRQHandler                          0x080001b7   Thumb Code     0  startup_stm32f407xx.o(.text)
    SPI1_IRQHandler                          0x080001b7   Thumb Code     0  startup_stm32f407xx.o(.text)
    SPI2_IRQHandler                          0x080001b7   Thumb Code     0  startup_stm32f407xx.o(.text)
    SPI3_IRQHandler                          0x080001b7   Thumb Code     0  startup_stm32f407xx.o(.text)
    TAMP_STAMP_IRQHandler                    0x080001b7   Thumb Code     0  startup_stm32f407xx.o(.text)
    TIM1_BRK_TIM9_IRQHandler                 0x080001b7   Thumb Code     0  startup_stm32f407xx.o(.text)
    TIM1_CC_IRQHandler                       0x080001b7   Thumb Code     0  startup_stm32f407xx.o(.text)
    TIM1_TRG_COM_TIM11_IRQHandler            0x080001b7   Thumb Code     0  startup_stm32f407xx.o(.text)
    TIM1_UP_TIM10_IRQHandler                 0x080001b7   Thumb Code     0  startup_stm32f407xx.o(.text)
    TIM3_IRQHandler                          0x080001b7   Thumb Code     0  startup_stm32f407xx.o(.text)
    TIM4_IRQHandler                          0x080001b7   Thumb Code     0  startup_stm32f407xx.o(.text)
    TIM5_IRQHandler                          0x080001b7   Thumb Code     0  startup_stm32f407xx.o(.text)
    TIM6_DAC_IRQHandler                      0x080001b7   Thumb Code     0  startup_stm32f407xx.o(.text)
    TIM7_IRQHandler                          0x080001b7   Thumb Code     0  startup_stm32f407xx.o(.text)
    TIM8_BRK_TIM12_IRQHandler                0x080001b7   Thumb Code     0  startup_stm32f407xx.o(.text)
    TIM8_CC_IRQHandler                       0x080001b7   Thumb Code     0  startup_stm32f407xx.o(.text)
    TIM8_TRG_COM_TIM14_IRQHandler            0x080001b7   Thumb Code     0  startup_stm32f407xx.o(.text)
    TIM8_UP_TIM13_IRQHandler                 0x080001b7   Thumb Code     0  startup_stm32f407xx.o(.text)
    UART4_IRQHandler                         0x080001b7   Thumb Code     0  startup_stm32f407xx.o(.text)
    UART5_IRQHandler                         0x080001b7   Thumb Code     0  startup_stm32f407xx.o(.text)
    USART1_IRQHandler                        0x080001b7   Thumb Code     0  startup_stm32f407xx.o(.text)
    USART2_IRQHandler                        0x080001b7   Thumb Code     0  startup_stm32f407xx.o(.text)
    USART3_IRQHandler                        0x080001b7   Thumb Code     0  startup_stm32f407xx.o(.text)
    USART6_IRQHandler                        0x080001b7   Thumb Code     0  startup_stm32f407xx.o(.text)
    WWDG_IRQHandler                          0x080001b7   Thumb Code     0  startup_stm32f407xx.o(.text)
    __aeabi_uldivmod                         0x080001c1   Thumb Code    98  uldiv.o(.text)
    __aeabi_memset                           0x08000223   Thumb Code    14  memseta.o(.text)
    __aeabi_memset4                          0x08000223   Thumb Code     0  memseta.o(.text)
    __aeabi_memset8                          0x08000223   Thumb Code     0  memseta.o(.text)
    __aeabi_memclr                           0x08000231   Thumb Code     4  memseta.o(.text)
    __aeabi_memclr4                          0x08000231   Thumb Code     0  memseta.o(.text)
    __aeabi_memclr8                          0x08000231   Thumb Code     0  memseta.o(.text)
    _memset$wrapper                          0x08000235   Thumb Code    18  memseta.o(.text)
    __aeabi_dadd                             0x08000247   Thumb Code   322  dadd.o(.text)
    __aeabi_dsub                             0x08000389   Thumb Code     6  dadd.o(.text)
    __aeabi_drsub                            0x0800038f   Thumb Code     6  dadd.o(.text)
    __aeabi_dmul                             0x08000395   Thumb Code   228  dmul.o(.text)
    __aeabi_ddiv                             0x08000479   Thumb Code   222  ddiv.o(.text)
    __aeabi_f2d                              0x08000557   Thumb Code    38  f2d.o(.text)
    __aeabi_cdcmpeq                          0x0800057d   Thumb Code     0  cdcmple.o(.text)
    __aeabi_cdcmple                          0x0800057d   Thumb Code    48  cdcmple.o(.text)
    __aeabi_d2f                              0x080005ad   Thumb Code    56  d2f.o(.text)
    __aeabi_uidiv                            0x080005e5   Thumb Code     0  uidiv.o(.text)
    __aeabi_uidivmod                         0x080005e5   Thumb Code    44  uidiv.o(.text)
    __aeabi_llsl                             0x08000611   Thumb Code    30  llshl.o(.text)
    _ll_shift_l                              0x08000611   Thumb Code     0  llshl.o(.text)
    __aeabi_llsr                             0x0800062f   Thumb Code    32  llushr.o(.text)
    _ll_ushift_r                             0x0800062f   Thumb Code     0  llushr.o(.text)
    __aeabi_lasr                             0x0800064f   Thumb Code    36  llsshr.o(.text)
    _ll_sshift_r                             0x0800064f   Thumb Code     0  llsshr.o(.text)
    __I$use$fp                               0x08000673   Thumb Code     0  iusefp.o(.text)
    _float_round                             0x08000673   Thumb Code    18  fepilogue.o(.text)
    _float_epilogue                          0x08000685   Thumb Code    92  fepilogue.o(.text)
    _double_round                            0x080006e1   Thumb Code    30  depilogue.o(.text)
    _double_epilogue                         0x080006ff   Thumb Code   156  depilogue.o(.text)
    __aeabi_d2ulz                            0x0800079b   Thumb Code    48  dfixul.o(.text)
    __aeabi_cdrcmple                         0x080007cd   Thumb Code    48  cdrcmple.o(.text)
    __scatterload                            0x080007fd   Thumb Code    28  init.o(.text)
    __scatterload_rt2                        0x080007fd   Thumb Code     0  init.o(.text)
    ACC_XYZ_Window_Filter                    0x08000821   Thumb Code   194  imu.o(i.ACC_XYZ_Window_Filter)
    AHRS                                     0x080008f1   Thumb Code   470  imu.o(i.AHRS)
    BusFault_Handler                         0x08000ad5   Thumb Code     2  stm32f4xx_it.o(i.BusFault_Handler)
    DebugMon_Handler                         0x08000ad7   Thumb Code     2  stm32f4xx_it.o(i.DebugMon_Handler)
    Error_Handler                            0x08000ad9   Thumb Code     4  main.o(i.Error_Handler)
    HAL_Delay                                0x08000add   Thumb Code    32  stm32f4xx_hal.o(i.HAL_Delay)
    HAL_GPIO_Init                            0x08000b01   Thumb Code   450  stm32f4xx_hal_gpio.o(i.HAL_GPIO_Init)
    HAL_GPIO_TogglePin                       0x08000cf1   Thumb Code    16  stm32f4xx_hal_gpio.o(i.HAL_GPIO_TogglePin)
    HAL_GPIO_WritePin                        0x08000d01   Thumb Code    10  stm32f4xx_hal_gpio.o(i.HAL_GPIO_WritePin)
    HAL_GetTick                              0x08000d0d   Thumb Code     6  stm32f4xx_hal.o(i.HAL_GetTick)
    HAL_I2C_GetState                         0x08000d19   Thumb Code     6  stm32f4xx_hal_i2c.o(i.HAL_I2C_GetState)
    HAL_I2C_Init                             0x08000d21   Thumb Code   376  stm32f4xx_hal_i2c.o(i.HAL_I2C_Init)
    HAL_I2C_Mem_Read                         0x08000ea9   Thumb Code   502  stm32f4xx_hal_i2c.o(i.HAL_I2C_Mem_Read)
    HAL_I2C_Mem_Write                        0x080010ad   Thumb Code   294  stm32f4xx_hal_i2c.o(i.HAL_I2C_Mem_Write)
    HAL_I2C_MspInit                          0x080011dd   Thumb Code    92  i2c.o(i.HAL_I2C_MspInit)
    HAL_IncTick                              0x08001245   Thumb Code    12  stm32f4xx_hal.o(i.HAL_IncTick)
    HAL_Init                                 0x08001255   Thumb Code    48  stm32f4xx_hal.o(i.HAL_Init)
    HAL_InitTick                             0x08001289   Thumb Code    54  stm32f4xx_hal.o(i.HAL_InitTick)
    HAL_MspInit                              0x080012c9   Thumb Code    42  stm32f4xx_hal_msp.o(i.HAL_MspInit)
    HAL_NVIC_EnableIRQ                       0x080012f9   Thumb Code    26  stm32f4xx_hal_cortex.o(i.HAL_NVIC_EnableIRQ)
    HAL_NVIC_SetPriority                     0x08001315   Thumb Code    60  stm32f4xx_hal_cortex.o(i.HAL_NVIC_SetPriority)
    HAL_NVIC_SetPriorityGrouping             0x08001355   Thumb Code    26  stm32f4xx_hal_cortex.o(i.HAL_NVIC_SetPriorityGrouping)
    HAL_RCC_ClockConfig                      0x08001379   Thumb Code   288  stm32f4xx_hal_rcc.o(i.HAL_RCC_ClockConfig)
    HAL_RCC_GetPCLK1Freq                     0x080014ad   Thumb Code    20  stm32f4xx_hal_rcc.o(i.HAL_RCC_GetPCLK1Freq)
    HAL_RCC_GetPCLK2Freq                     0x080014cd   Thumb Code    20  stm32f4xx_hal_rcc.o(i.HAL_RCC_GetPCLK2Freq)
    HAL_RCC_GetSysClockFreq                  0x080014ed   Thumb Code    88  stm32f4xx_hal_rcc.o(i.HAL_RCC_GetSysClockFreq)
    HAL_RCC_OscConfig                        0x08001551   Thumb Code   856  stm32f4xx_hal_rcc.o(i.HAL_RCC_OscConfig)
    HAL_SYSTICK_Config                       0x080018bd   Thumb Code    40  stm32f4xx_hal_cortex.o(i.HAL_SYSTICK_Config)
    HAL_TIMEx_BreakCallback                  0x080018e5   Thumb Code     2  stm32f4xx_hal_tim_ex.o(i.HAL_TIMEx_BreakCallback)
    HAL_TIMEx_CommutCallback                 0x080018e7   Thumb Code     2  stm32f4xx_hal_tim_ex.o(i.HAL_TIMEx_CommutCallback)
    HAL_TIMEx_MasterConfigSynchronization    0x080018e9   Thumb Code   116  stm32f4xx_hal_tim_ex.o(i.HAL_TIMEx_MasterConfigSynchronization)
    HAL_TIM_Base_Init                        0x08001979   Thumb Code    90  stm32f4xx_hal_tim.o(i.HAL_TIM_Base_Init)
    HAL_TIM_Base_MspInit                     0x080019d5   Thumb Code    50  tim.o(i.HAL_TIM_Base_MspInit)
    HAL_TIM_Base_Start_IT                    0x08001a0d   Thumb Code   100  stm32f4xx_hal_tim.o(i.HAL_TIM_Base_Start_IT)
    HAL_TIM_ConfigClockSource                0x08001a8d   Thumb Code   220  stm32f4xx_hal_tim.o(i.HAL_TIM_ConfigClockSource)
    HAL_TIM_IC_CaptureCallback               0x08001b69   Thumb Code     2  stm32f4xx_hal_tim.o(i.HAL_TIM_IC_CaptureCallback)
    HAL_TIM_IRQHandler                       0x08001b6b   Thumb Code   304  stm32f4xx_hal_tim.o(i.HAL_TIM_IRQHandler)
    HAL_TIM_OC_DelayElapsedCallback          0x08001c9b   Thumb Code     2  stm32f4xx_hal_tim.o(i.HAL_TIM_OC_DelayElapsedCallback)
    HAL_TIM_PWM_PulseFinishedCallback        0x08001c9d   Thumb Code     2  stm32f4xx_hal_tim.o(i.HAL_TIM_PWM_PulseFinishedCallback)
    HAL_TIM_PeriodElapsedCallback            0x08001ca1   Thumb Code   560  main.o(i.HAL_TIM_PeriodElapsedCallback)
    HAL_TIM_TriggerCallback                  0x08001f3d   Thumb Code     2  stm32f4xx_hal_tim.o(i.HAL_TIM_TriggerCallback)
    HAL_UART_Init                            0x08001f3f   Thumb Code   100  stm32f4xx_hal_uart.o(i.HAL_UART_Init)
    HAL_UART_MspInit                         0x08001fa5   Thumb Code    94  usart.o(i.HAL_UART_MspInit)
    HAL_UART_Transmit                        0x08002011   Thumb Code   160  stm32f4xx_hal_uart.o(i.HAL_UART_Transmit)
    HardFault_Handler                        0x080020b1   Thumb Code     2  stm32f4xx_it.o(i.HardFault_Handler)
    LPF2_Calculate                           0x080024f1   Thumb Code   112  imu.o(i.LPF2_Calculate)
    LPF2_ParamSet                            0x08002565   Thumb Code   160  imu.o(i.LPF2_ParamSet)
    MX_GPIO_Init                             0x08002611   Thumb Code   100  gpio.o(i.MX_GPIO_Init)
    MX_I2C1_Init                             0x0800267d   Thumb Code    50  i2c.o(i.MX_I2C1_Init)
    MX_TIM2_Init                             0x080026bd   Thumb Code    96  tim.o(i.MX_TIM2_Init)
    MX_USART1_UART_Init                      0x08002721   Thumb Code    48  usart.o(i.MX_USART1_UART_Init)
    MemManage_Handler                        0x08002759   Thumb Code     2  stm32f4xx_it.o(i.MemManage_Handler)
    NMI_Handler                              0x0800275b   Thumb Code     2  stm32f4xx_it.o(i.NMI_Handler)
    PendSV_Handler                           0x0800275d   Thumb Code     2  stm32f4xx_it.o(i.PendSV_Handler)
    SVC_Handler                              0x0800275f   Thumb Code     2  stm32f4xx_it.o(i.SVC_Handler)
    Single_Window_Filter                     0x08002761   Thumb Code    44  imu.o(i.Single_Window_Filter)
    SysTick_Handler                          0x08002795   Thumb Code     4  stm32f4xx_it.o(i.SysTick_Handler)
    SystemClock_Config                       0x08002799   Thumb Code   140  main.o(i.SystemClock_Config)
    SystemInit                               0x0800282d   Thumb Code    12  system_stm32f4xx.o(i.SystemInit)
    TIM2_IRQHandler                          0x0800283d   Thumb Code     6  stm32f4xx_it.o(i.TIM2_IRQHandler)
    TIM_Base_SetConfig                       0x08002849   Thumb Code   170  stm32f4xx_hal_tim.o(i.TIM_Base_SetConfig)
    TIM_ETR_SetConfig                        0x08002921   Thumb Code    20  stm32f4xx_hal_tim.o(i.TIM_ETR_SetConfig)
    UsageFault_Handler                       0x08002b57   Thumb Code     2  stm32f4xx_it.o(i.UsageFault_Handler)
    __0printf                                0x08002b59   Thumb Code    22  printfa.o(i.__0printf)
    __1printf                                0x08002b59   Thumb Code     0  printfa.o(i.__0printf)
    __2printf                                0x08002b59   Thumb Code     0  printfa.o(i.__0printf)
    __c89printf                              0x08002b59   Thumb Code     0  printfa.o(i.__0printf)
    printf                                   0x08002b59   Thumb Code     0  printfa.o(i.__0printf)
    __ARM_fpclassifyf                        0x08002b79   Thumb Code    38  fpclassifyf.o(i.__ARM_fpclassifyf)
    __hardfp_asinf                           0x08002bc1   Thumb Code   258  asinf.o(i.__hardfp_asinf)
    __hardfp_atan2f                          0x08002ced   Thumb Code   502  atan2f.o(i.__hardfp_atan2f)
    __hardfp_cosf                            0x08002f3d   Thumb Code   280  cosf.o(i.__hardfp_cosf)
    __hardfp_fabs                            0x0800308d   Thumb Code    20  fabs.o(i.__hardfp_fabs)
    __hardfp_tanf                            0x080030a1   Thumb Code   322  tanf.o(i.__hardfp_tanf)
    __mathlib_flt_infnan                     0x0800321d   Thumb Code     6  funder.o(i.__mathlib_flt_infnan)
    __mathlib_flt_infnan2                    0x08003223   Thumb Code     6  funder.o(i.__mathlib_flt_infnan2)
    __mathlib_flt_invalid                    0x08003229   Thumb Code    10  funder.o(i.__mathlib_flt_invalid)
    __mathlib_flt_underflow                  0x08003239   Thumb Code    10  funder.o(i.__mathlib_flt_underflow)
    __mathlib_rredf2                         0x08003249   Thumb Code   316  rredf.o(i.__mathlib_rredf2)
    __scatterload_copy                       0x0800339d   Thumb Code    14  handlers.o(i.__scatterload_copy)
    __scatterload_null                       0x080033ab   Thumb Code     2  handlers.o(i.__scatterload_null)
    __scatterload_zeroinit                   0x080033ad   Thumb Code    14  handlers.o(i.__scatterload_zeroinit)
    __set_errno                              0x080033bd   Thumb Code     6  errno.o(i.__set_errno)
    bmi088_init                              0x08003c7b   Thumb Code    24  bmi088.o(i.bmi088_init)
    bmi08a_get_data                          0x08003c93   Thumb Code    82  bmi08a.o(i.bmi08a_get_data)
    bmi08a_get_meas_conf                     0x08003ce5   Thumb Code    56  bmi08a.o(i.bmi08a_get_meas_conf)
    bmi08a_get_power_mode                    0x08003d1d   Thumb Code    36  bmi08a.o(i.bmi08a_get_power_mode)
    bmi08a_get_regs                          0x08003d41   Thumb Code    54  bmi08a.o(i.bmi08a_get_regs)
    bmi08a_init                              0x08003d77   Thumb Code    80  bmi08a.o(i.bmi08a_init)
    bmi08a_set_meas_conf                     0x08003dc7   Thumb Code   136  bmi08a.o(i.bmi08a_set_meas_conf)
    bmi08a_set_power_mode                    0x08003e4f   Thumb Code    92  bmi08a.o(i.bmi08a_set_power_mode)
    bmi08a_soft_reset                        0x08003eab   Thumb Code    64  bmi08a.o(i.bmi08a_soft_reset)
    bmi08g_get_data                          0x08003eeb   Thumb Code    82  bmi08g.o(i.bmi08g_get_data)
    bmi08g_get_regs                          0x08003f3d   Thumb Code    54  bmi08g.o(i.bmi08g_get_regs)
    bmi08g_init                              0x08003f73   Thumb Code    50  bmi08g.o(i.bmi08g_init)
    bmi08g_set_meas_conf                     0x08003fa5   Thumb Code   138  bmi08g.o(i.bmi08g_set_meas_conf)
    bmi08g_set_power_mode                    0x0800402f   Thumb Code    98  bmi08g.o(i.bmi08g_set_power_mode)
    fputc                                    0x08004091   Thumb Code    24  main.o(i.fputc)
    free                                     0x080040ad   Thumb Code    76  malloc.o(i.free)
    main                                     0x080041ad   Thumb Code   340  main.o(i.main)
    malloc                                   0x080043b5   Thumb Code    92  malloc.o(i.malloc)
    sqrtf                                    0x08004499   Thumb Code    62  sqrtf.o(i.sqrtf)
    stm32_i2c_read                           0x080044d9   Thumb Code    26  main.o(i.stm32_i2c_read)
    stm32_i2c_write                          0x080044f9   Thumb Code    36  main.o(i.stm32_i2c_write)
    AHBPrescTable                            0x08004520   Data          16  system_stm32f4xx.o(.constdata)
    APBPrescTable                            0x08004530   Data           8  system_stm32f4xx.o(.constdata)
    Region$$Table$$Base                      0x08004558   Number         0  anon$$obj.o(Region$$Table)
    Region$$Table$$Limit                     0x08004578   Number         0  anon$$obj.o(Region$$Table)
    data                                     0x20000000   Data           1  main.o(.data)
    rslt                                     0x20000002   Data           1  main.o(.data)
    t                                        0x20000004   Data           4  main.o(.data)
    user_accel_bmi088                        0x20000014   Data           6  main.o(.data)
    user_gyro_bmi088                         0x2000001a   Data           6  main.o(.data)
    dev                                      0x20000028   Data          36  main.o(.data)
    Kp                                       0x2000004c   Data           4  imu.o(.data)
    Ki                                       0x20000050   Data           4  imu.o(.data)
    q0                                       0x20000054   Data           4  imu.o(.data)
    q1                                       0x20000058   Data           4  imu.o(.data)
    q2                                       0x2000005c   Data           4  imu.o(.data)
    q3                                       0x20000060   Data           4  imu.o(.data)
    exInt                                    0x20000064   Data           4  imu.o(.data)
    eyInt                                    0x20000068   Data           4  imu.o(.data)
    ezInt                                    0x2000006c   Data           4  imu.o(.data)
    Pitch                                    0x20000084   Data           4  imu.o(.data)
    Roll                                     0x20000088   Data           4  imu.o(.data)
    Yaw                                      0x2000008c   Data           4  imu.o(.data)
    gyro_x                                   0x20000090   Data           4  imu.o(.data)
    gyro_y                                   0x20000094   Data           4  imu.o(.data)
    gyro_z                                   0x20000098   Data           4  imu.o(.data)
    gyro_z1                                  0x200000a0   Data           8  imu.o(.data)
    accel_x                                  0x200000a8   Data           4  imu.o(.data)
    accel_y                                  0x200000ac   Data           4  imu.o(.data)
    accel_z                                  0x200000b0   Data           4  imu.o(.data)
    uwTickFreq                               0x200000b4   Data           1  stm32f4xx_hal.o(.data)
    uwTickPrio                               0x200000b8   Data           4  stm32f4xx_hal.o(.data)
    uwTick                                   0x200000bc   Data           4  stm32f4xx_hal.o(.data)
    SystemCoreClock                          0x200000c0   Data           4  system_stm32f4xx.o(.data)
    __stdout                                 0x200000c4   Data           4  stdout.o(.data)
    __microlib_freelist                      0x200000c8   Data           4  mvars.o(.data)
    __microlib_freelist_initialised          0x200000cc   Data           4  mvars.o(.data)
    My_Filter                                0x20000300   Data          32  imu.o(.bss)
    hi2c1                                    0x20000320   Data          84  i2c.o(.bss)
    htim2                                    0x20000374   Data          72  tim.o(.bss)
    huart1                                   0x200003bc   Data          72  usart.o(.bss)
    __heap_base                              0x20000408   Data           0  startup_stm32f407xx.o(HEAP)
    __heap_limit                             0x20000608   Data           0  startup_stm32f407xx.o(HEAP)
    __initial_sp                             0x20000a08   Data           0  startup_stm32f407xx.o(STACK)



==============================================================================

Memory Map of the image

  Image Entry point : 0x08000189

  Load Region LR_IROM1 (Base: 0x08000000, Size: 0x0000464c, Max: 0x00080000, ABSOLUTE)

    Execution Region ER_IROM1 (Exec base: 0x08000000, Load base: 0x08000000, Size: 0x00004578, Max: 0x00080000, ABSOLUTE)

    Exec Addr    Load Addr    Size         Type   Attr      Idx    E Section Name        Object

    0x08000000   0x08000000   0x00000188   Data   RO            3    RESET               startup_stm32f407xx.o
    0x08000188   0x08000188   0x00000000   Code   RO         3960  * .ARM.Collect$$$$00000000  mc_w.l(entry.o)
    0x08000188   0x08000188   0x00000004   Code   RO         4344    .ARM.Collect$$$$00000001  mc_w.l(entry2.o)
    0x0800018c   0x0800018c   0x00000004   Code   RO         4347    .ARM.Collect$$$$00000004  mc_w.l(entry5.o)
    0x08000190   0x08000190   0x00000000   Code   RO         4349    .ARM.Collect$$$$00000008  mc_w.l(entry7b.o)
    0x08000190   0x08000190   0x00000000   Code   RO         4351    .ARM.Collect$$$$0000000A  mc_w.l(entry8b.o)
    0x08000190   0x08000190   0x00000008   Code   RO         4352    .ARM.Collect$$$$0000000B  mc_w.l(entry9a.o)
    0x08000198   0x08000198   0x00000000   Code   RO         4354    .ARM.Collect$$$$0000000D  mc_w.l(entry10a.o)
    0x08000198   0x08000198   0x00000000   Code   RO         4356    .ARM.Collect$$$$0000000F  mc_w.l(entry11a.o)
    0x08000198   0x08000198   0x00000004   Code   RO         4345    .ARM.Collect$$$$00002712  mc_w.l(entry2.o)
    0x0800019c   0x0800019c   0x00000024   Code   RO            4    .text               startup_stm32f407xx.o
    0x080001c0   0x080001c0   0x00000062   Code   RO         3963    .text               mc_w.l(uldiv.o)
    0x08000222   0x08000222   0x00000024   Code   RO         3965    .text               mc_w.l(memseta.o)
    0x08000246   0x08000246   0x0000014e   Code   RO         4256    .text               mf_w.l(dadd.o)
    0x08000394   0x08000394   0x000000e4   Code   RO         4258    .text               mf_w.l(dmul.o)
    0x08000478   0x08000478   0x000000de   Code   RO         4260    .text               mf_w.l(ddiv.o)
    0x08000556   0x08000556   0x00000026   Code   RO         4262    .text               mf_w.l(f2d.o)
    0x0800057c   0x0800057c   0x00000030   Code   RO         4264    .text               mf_w.l(cdcmple.o)
    0x080005ac   0x080005ac   0x00000038   Code   RO         4266    .text               mf_w.l(d2f.o)
    0x080005e4   0x080005e4   0x0000002c   Code   RO         4359    .text               mc_w.l(uidiv.o)
    0x08000610   0x08000610   0x0000001e   Code   RO         4361    .text               mc_w.l(llshl.o)
    0x0800062e   0x0800062e   0x00000020   Code   RO         4363    .text               mc_w.l(llushr.o)
    0x0800064e   0x0800064e   0x00000024   Code   RO         4365    .text               mc_w.l(llsshr.o)
    0x08000672   0x08000672   0x00000000   Code   RO         4380    .text               mc_w.l(iusefp.o)
    0x08000672   0x08000672   0x0000006e   Code   RO         4381    .text               mf_w.l(fepilogue.o)
    0x080006e0   0x080006e0   0x000000ba   Code   RO         4383    .text               mf_w.l(depilogue.o)
    0x0800079a   0x0800079a   0x00000030   Code   RO         4387    .text               mf_w.l(dfixul.o)
    0x080007ca   0x080007ca   0x00000002   PAD
    0x080007cc   0x080007cc   0x00000030   Code   RO         4389    .text               mf_w.l(cdrcmple.o)
    0x080007fc   0x080007fc   0x00000024   Code   RO         4391    .text               mc_w.l(init.o)
    0x08000820   0x08000820   0x000000d0   Code   RO          218    i.ACC_XYZ_Window_Filter  imu.o
    0x080008f0   0x080008f0   0x000001e4   Code   RO          219    i.AHRS              imu.o
    0x08000ad4   0x08000ad4   0x00000002   Code   RO          810    i.BusFault_Handler  stm32f4xx_it.o
    0x08000ad6   0x08000ad6   0x00000002   Code   RO          811    i.DebugMon_Handler  stm32f4xx_it.o
    0x08000ad8   0x08000ad8   0x00000004   Code   RO           13    i.Error_Handler     main.o
    0x08000adc   0x08000adc   0x00000024   Code   RO         2258    i.HAL_Delay         stm32f4xx_hal.o
    0x08000b00   0x08000b00   0x000001f0   Code   RO         1726    i.HAL_GPIO_Init     stm32f4xx_hal_gpio.o
    0x08000cf0   0x08000cf0   0x00000010   Code   RO         1729    i.HAL_GPIO_TogglePin  stm32f4xx_hal_gpio.o
    0x08000d00   0x08000d00   0x0000000a   Code   RO         1730    i.HAL_GPIO_WritePin  stm32f4xx_hal_gpio.o
    0x08000d0a   0x08000d0a   0x00000002   PAD
    0x08000d0c   0x08000d0c   0x0000000c   Code   RO         2264    i.HAL_GetTick       stm32f4xx_hal.o
    0x08000d18   0x08000d18   0x00000006   Code   RO          926    i.HAL_I2C_GetState  stm32f4xx_hal_i2c.o
    0x08000d1e   0x08000d1e   0x00000002   PAD
    0x08000d20   0x08000d20   0x00000188   Code   RO          927    i.HAL_I2C_Init      stm32f4xx_hal_i2c.o
    0x08000ea8   0x08000ea8   0x00000204   Code   RO          945    i.HAL_I2C_Mem_Read  stm32f4xx_hal_i2c.o
    0x080010ac   0x080010ac   0x00000130   Code   RO          948    i.HAL_I2C_Mem_Write  stm32f4xx_hal_i2c.o
    0x080011dc   0x080011dc   0x00000068   Code   RO          332    i.HAL_I2C_MspInit   i2c.o
    0x08001244   0x08001244   0x00000010   Code   RO         2270    i.HAL_IncTick       stm32f4xx_hal.o
    0x08001254   0x08001254   0x00000034   Code   RO         2271    i.HAL_Init          stm32f4xx_hal.o
    0x08001288   0x08001288   0x00000040   Code   RO         2272    i.HAL_InitTick      stm32f4xx_hal.o
    0x080012c8   0x080012c8   0x00000030   Code   RO          892    i.HAL_MspInit       stm32f4xx_hal_msp.o
    0x080012f8   0x080012f8   0x0000001a   Code   RO         2116    i.HAL_NVIC_EnableIRQ  stm32f4xx_hal_cortex.o
    0x08001312   0x08001312   0x00000002   PAD
    0x08001314   0x08001314   0x00000040   Code   RO         2122    i.HAL_NVIC_SetPriority  stm32f4xx_hal_cortex.o
    0x08001354   0x08001354   0x00000024   Code   RO         2123    i.HAL_NVIC_SetPriorityGrouping  stm32f4xx_hal_cortex.o
    0x08001378   0x08001378   0x00000134   Code   RO         1372    i.HAL_RCC_ClockConfig  stm32f4xx_hal_rcc.o
    0x080014ac   0x080014ac   0x00000020   Code   RO         1379    i.HAL_RCC_GetPCLK1Freq  stm32f4xx_hal_rcc.o
    0x080014cc   0x080014cc   0x00000020   Code   RO         1380    i.HAL_RCC_GetPCLK2Freq  stm32f4xx_hal_rcc.o
    0x080014ec   0x080014ec   0x00000064   Code   RO         1381    i.HAL_RCC_GetSysClockFreq  stm32f4xx_hal_rcc.o
    0x08001550   0x08001550   0x0000036c   Code   RO         1384    i.HAL_RCC_OscConfig  stm32f4xx_hal_rcc.o
    0x080018bc   0x080018bc   0x00000028   Code   RO         2127    i.HAL_SYSTICK_Config  stm32f4xx_hal_cortex.o
    0x080018e4   0x080018e4   0x00000002   Code   RO         3215    i.HAL_TIMEx_BreakCallback  stm32f4xx_hal_tim_ex.o
    0x080018e6   0x080018e6   0x00000002   Code   RO         3216    i.HAL_TIMEx_CommutCallback  stm32f4xx_hal_tim_ex.o
    0x080018e8   0x080018e8   0x00000090   Code   RO         3234    i.HAL_TIMEx_MasterConfigSynchronization  stm32f4xx_hal_tim_ex.o
    0x08001978   0x08001978   0x0000005a   Code   RO         2511    i.HAL_TIM_Base_Init  stm32f4xx_hal_tim.o
    0x080019d2   0x080019d2   0x00000002   PAD
    0x080019d4   0x080019d4   0x00000038   Code   RO          374    i.HAL_TIM_Base_MspInit  tim.o
    0x08001a0c   0x08001a0c   0x00000080   Code   RO         2516    i.HAL_TIM_Base_Start_IT  stm32f4xx_hal_tim.o
    0x08001a8c   0x08001a8c   0x000000dc   Code   RO         2520    i.HAL_TIM_ConfigClockSource  stm32f4xx_hal_tim.o
    0x08001b68   0x08001b68   0x00000002   Code   RO         2545    i.HAL_TIM_IC_CaptureCallback  stm32f4xx_hal_tim.o
    0x08001b6a   0x08001b6a   0x00000130   Code   RO         2559    i.HAL_TIM_IRQHandler  stm32f4xx_hal_tim.o
    0x08001c9a   0x08001c9a   0x00000002   Code   RO         2562    i.HAL_TIM_OC_DelayElapsedCallback  stm32f4xx_hal_tim.o
    0x08001c9c   0x08001c9c   0x00000002   Code   RO         2589    i.HAL_TIM_PWM_PulseFinishedCallback  stm32f4xx_hal_tim.o
    0x08001c9e   0x08001c9e   0x00000002   PAD
    0x08001ca0   0x08001ca0   0x0000029c   Code   RO           14    i.HAL_TIM_PeriodElapsedCallback  main.o
    0x08001f3c   0x08001f3c   0x00000002   Code   RO         2602    i.HAL_TIM_TriggerCallback  stm32f4xx_hal_tim.o
    0x08001f3e   0x08001f3e   0x00000064   Code   RO         3512    i.HAL_UART_Init     stm32f4xx_hal_uart.o
    0x08001fa2   0x08001fa2   0x00000002   PAD
    0x08001fa4   0x08001fa4   0x0000006c   Code   RO          416    i.HAL_UART_MspInit  usart.o
    0x08002010   0x08002010   0x000000a0   Code   RO         3520    i.HAL_UART_Transmit  stm32f4xx_hal_uart.o
    0x080020b0   0x080020b0   0x00000002   Code   RO          812    i.HardFault_Handler  stm32f4xx_it.o
    0x080020b2   0x080020b2   0x0000002e   Code   RO          970    i.I2C_IsAcknowledgeFailed  stm32f4xx_hal_i2c.o
    0x080020e0   0x080020e0   0x000000fc   Code   RO          980    i.I2C_RequestMemoryRead  stm32f4xx_hal_i2c.o
    0x080021dc   0x080021dc   0x000000a8   Code   RO          981    i.I2C_RequestMemoryWrite  stm32f4xx_hal_i2c.o
    0x08002284   0x08002284   0x00000056   Code   RO          985    i.I2C_WaitOnBTFFlagUntilTimeout  stm32f4xx_hal_i2c.o
    0x080022da   0x080022da   0x00000002   PAD
    0x080022dc   0x080022dc   0x00000090   Code   RO          986    i.I2C_WaitOnFlagUntilTimeout  stm32f4xx_hal_i2c.o
    0x0800236c   0x0800236c   0x000000bc   Code   RO          987    i.I2C_WaitOnMasterAddressFlagUntilTimeout  stm32f4xx_hal_i2c.o
    0x08002428   0x08002428   0x00000070   Code   RO          988    i.I2C_WaitOnRXNEFlagUntilTimeout  stm32f4xx_hal_i2c.o
    0x08002498   0x08002498   0x00000056   Code   RO          989    i.I2C_WaitOnTXEFlagUntilTimeout  stm32f4xx_hal_i2c.o
    0x080024ee   0x080024ee   0x00000002   PAD
    0x080024f0   0x080024f0   0x00000074   Code   RO          222    i.LPF2_Calculate    imu.o
    0x08002564   0x08002564   0x000000ac   Code   RO          223    i.LPF2_ParamSet     imu.o
    0x08002610   0x08002610   0x0000006c   Code   RO          307    i.MX_GPIO_Init      gpio.o
    0x0800267c   0x0800267c   0x00000040   Code   RO          333    i.MX_I2C1_Init      i2c.o
    0x080026bc   0x080026bc   0x00000064   Code   RO          375    i.MX_TIM2_Init      tim.o
    0x08002720   0x08002720   0x00000038   Code   RO          417    i.MX_USART1_UART_Init  usart.o
    0x08002758   0x08002758   0x00000002   Code   RO          813    i.MemManage_Handler  stm32f4xx_it.o
    0x0800275a   0x0800275a   0x00000002   Code   RO          814    i.NMI_Handler       stm32f4xx_it.o
    0x0800275c   0x0800275c   0x00000002   Code   RO          815    i.PendSV_Handler    stm32f4xx_it.o
    0x0800275e   0x0800275e   0x00000002   Code   RO          816    i.SVC_Handler       stm32f4xx_it.o
    0x08002760   0x08002760   0x00000034   Code   RO          225    i.Single_Window_Filter  imu.o
    0x08002794   0x08002794   0x00000004   Code   RO          817    i.SysTick_Handler   stm32f4xx_it.o
    0x08002798   0x08002798   0x00000094   Code   RO           15    i.SystemClock_Config  main.o
    0x0800282c   0x0800282c   0x00000010   Code   RO         3846    i.SystemInit        system_stm32f4xx.o
    0x0800283c   0x0800283c   0x0000000c   Code   RO          818    i.TIM2_IRQHandler   stm32f4xx_it.o
    0x08002848   0x08002848   0x000000d8   Code   RO         2604    i.TIM_Base_SetConfig  stm32f4xx_hal_tim.o
    0x08002920   0x08002920   0x00000014   Code   RO         2615    i.TIM_ETR_SetConfig  stm32f4xx_hal_tim.o
    0x08002934   0x08002934   0x00000010   Code   RO         2616    i.TIM_ITRx_SetConfig  stm32f4xx_hal_tim.o
    0x08002944   0x08002944   0x00000022   Code   RO         2622    i.TIM_TI1_ConfigInputStage  stm32f4xx_hal_tim.o
    0x08002966   0x08002966   0x00000024   Code   RO         2624    i.TIM_TI2_ConfigInputStage  stm32f4xx_hal_tim.o
    0x0800298a   0x0800298a   0x0000004e   Code   RO         3535    i.UART_EndRxTransfer  stm32f4xx_hal_uart.o
    0x080029d8   0x080029d8   0x0000010c   Code   RO         3538    i.UART_SetConfig    stm32f4xx_hal_uart.o
    0x08002ae4   0x08002ae4   0x00000072   Code   RO         3541    i.UART_WaitOnFlagUntilTimeout  stm32f4xx_hal_uart.o
    0x08002b56   0x08002b56   0x00000002   Code   RO          819    i.UsageFault_Handler  stm32f4xx_it.o
    0x08002b58   0x08002b58   0x00000020   Code   RO         4200    i.__0printf         mc_w.l(printfa.o)
    0x08002b78   0x08002b78   0x00000026   Code   RO         4298    i.__ARM_fpclassifyf  m_wm.l(fpclassifyf.o)
    0x08002b9e   0x08002b9e   0x00000020   Code   RO         2129    i.__NVIC_SetPriority  stm32f4xx_hal_cortex.o
    0x08002bbe   0x08002bbe   0x00000002   PAD
    0x08002bc0   0x08002bc0   0x0000012c   Code   RO         3894    i.__hardfp_asinf    m_wm.l(asinf.o)
    0x08002cec   0x08002cec   0x00000250   Code   RO         3918    i.__hardfp_atan2f   m_wm.l(atan2f.o)
    0x08002f3c   0x08002f3c   0x00000150   Code   RO         3930    i.__hardfp_cosf     m_wm.l(cosf.o)
    0x0800308c   0x0800308c   0x00000014   Code   RO         3942    i.__hardfp_fabs     m_wm.l(fabs.o)
    0x080030a0   0x080030a0   0x0000017c   Code   RO         3948    i.__hardfp_tanf     m_wm.l(tanf.o)
    0x0800321c   0x0800321c   0x00000006   Code   RO         4301    i.__mathlib_flt_infnan  m_wm.l(funder.o)
    0x08003222   0x08003222   0x00000006   Code   RO         4302    i.__mathlib_flt_infnan2  m_wm.l(funder.o)
    0x08003228   0x08003228   0x00000010   Code   RO         4303    i.__mathlib_flt_invalid  m_wm.l(funder.o)
    0x08003238   0x08003238   0x00000010   Code   RO         4306    i.__mathlib_flt_underflow  m_wm.l(funder.o)
    0x08003248   0x08003248   0x00000154   Code   RO         4317    i.__mathlib_rredf2  m_wm.l(rredf.o)
    0x0800339c   0x0800339c   0x0000000e   Code   RO         4397    i.__scatterload_copy  mc_w.l(handlers.o)
    0x080033aa   0x080033aa   0x00000002   Code   RO         4398    i.__scatterload_null  mc_w.l(handlers.o)
    0x080033ac   0x080033ac   0x0000000e   Code   RO         4399    i.__scatterload_zeroinit  mc_w.l(handlers.o)
    0x080033ba   0x080033ba   0x00000002   PAD
    0x080033bc   0x080033bc   0x0000000c   Code   RO         4375    i.__set_errno       mc_w.l(errno.o)
    0x080033c8   0x080033c8   0x00000184   Code   RO         4207    i._fp_digits        mc_w.l(printfa.o)
    0x0800354c   0x0800354c   0x000006dc   Code   RO         4208    i._printf_core      mc_w.l(printfa.o)
    0x08003c28   0x08003c28   0x00000024   Code   RO         4209    i._printf_post_padding  mc_w.l(printfa.o)
    0x08003c4c   0x08003c4c   0x0000002e   Code   RO         4210    i._printf_pre_padding  mc_w.l(printfa.o)
    0x08003c7a   0x08003c7a   0x00000018   Code   RO          763    i.bmi088_init       bmi088.o
    0x08003c92   0x08003c92   0x00000052   Code   RO          455    i.bmi08a_get_data   bmi08a.o
    0x08003ce4   0x08003ce4   0x00000038   Code   RO          461    i.bmi08a_get_meas_conf  bmi08a.o
    0x08003d1c   0x08003d1c   0x00000024   Code   RO          462    i.bmi08a_get_power_mode  bmi08a.o
    0x08003d40   0x08003d40   0x00000036   Code   RO          463    i.bmi08a_get_regs   bmi08a.o
    0x08003d76   0x08003d76   0x00000050   Code   RO          467    i.bmi08a_init       bmi08a.o
    0x08003dc6   0x08003dc6   0x00000088   Code   RO          474    i.bmi08a_set_meas_conf  bmi08a.o
    0x08003e4e   0x08003e4e   0x0000005c   Code   RO          475    i.bmi08a_set_power_mode  bmi08a.o
    0x08003eaa   0x08003eaa   0x00000040   Code   RO          477    i.bmi08a_soft_reset  bmi08a.o
    0x08003eea   0x08003eea   0x00000052   Code   RO          658    i.bmi08g_get_data   bmi08g.o
    0x08003f3c   0x08003f3c   0x00000036   Code   RO          661    i.bmi08g_get_regs   bmi08g.o
    0x08003f72   0x08003f72   0x00000032   Code   RO          662    i.bmi08g_init       bmi08g.o
    0x08003fa4   0x08003fa4   0x0000008a   Code   RO          665    i.bmi08g_set_meas_conf  bmi08g.o
    0x0800402e   0x0800402e   0x00000062   Code   RO          666    i.bmi08g_set_power_mode  bmi08g.o
    0x08004090   0x08004090   0x0000001c   Code   RO           16    i.fputc             main.o
    0x080040ac   0x080040ac   0x00000050   Code   RO         4228    i.free              mc_w.l(malloc.o)
    0x080040fc   0x080040fc   0x00000060   Code   RO          481    i.get_regs          bmi08a.o
    0x0800415c   0x0800415c   0x00000024   Code   RO          669    i.get_regs          bmi08g.o
    0x08004180   0x08004180   0x0000002c   Code   RO          226    i.invSqrt           imu.o
    0x080041ac   0x080041ac   0x00000208   Code   RO           17    i.main              main.o
    0x080043b4   0x080043b4   0x0000006c   Code   RO         4229    i.malloc            mc_w.l(malloc.o)
    0x08004420   0x08004420   0x00000018   Code   RO          483    i.null_ptr_check    bmi08a.o
    0x08004438   0x08004438   0x00000018   Code   RO          670    i.null_ptr_check    bmi08g.o
    0x08004450   0x08004450   0x00000024   Code   RO          485    i.set_regs          bmi08a.o
    0x08004474   0x08004474   0x00000024   Code   RO          672    i.set_regs          bmi08g.o
    0x08004498   0x08004498   0x0000003e   Code   RO         4334    i.sqrtf             m_wm.l(sqrtf.o)
    0x080044d6   0x080044d6   0x00000002   PAD
    0x080044d8   0x080044d8   0x00000020   Code   RO           18    i.stm32_i2c_read    main.o
    0x080044f8   0x080044f8   0x00000028   Code   RO           19    i.stm32_i2c_write   main.o
    0x08004520   0x08004520   0x00000010   Data   RO         3847    .constdata          system_stm32f4xx.o
    0x08004530   0x08004530   0x00000008   Data   RO         3848    .constdata          system_stm32f4xx.o
    0x08004538   0x08004538   0x00000020   Data   RO         4318    .constdata          m_wm.l(rredf.o)
    0x08004558   0x08004558   0x00000020   Data   RO         4395    Region$$Table       anon$$obj.o


    Execution Region RW_IRAM2 (Exec base: 0x10000000, Load base: 0x0800464c, Size: 0x00000000, Max: 0x00010000, ABSOLUTE)

    **** No section assigned to this execution region ****


    Execution Region RW_IRAM1 (Exec base: 0x20000000, Load base: 0x08004578, Size: 0x00000a08, Max: 0x00020000, ABSOLUTE)

    Exec Addr    Load Addr    Size         Type   Attr      Idx    E Section Name        Object

    0x20000000   0x08004578   0x0000004c   Data   RW           20    .data               main.o
    0x2000004c   0x080045c4   0x00000044   Data   RW          228    .data               imu.o
    0x20000090   0x08004608   0x00000004   Data   RW          229    .data               imu.o
    0x20000094   0x0800460c   0x00000004   Data   RW          230    .data               imu.o
    0x20000098   0x08004610   0x00000004   Data   RW          231    .data               imu.o
    0x2000009c   0x08004614   0x00000004   PAD
    0x200000a0   0x08004618   0x00000008   Data   RW          232    .data               imu.o
    0x200000a8   0x08004620   0x00000004   Data   RW          233    .data               imu.o
    0x200000ac   0x08004624   0x00000004   Data   RW          234    .data               imu.o
    0x200000b0   0x08004628   0x00000004   Data   RW          235    .data               imu.o
    0x200000b4   0x0800462c   0x0000000c   Data   RW         2278    .data               stm32f4xx_hal.o
    0x200000c0   0x08004638   0x00000004   Data   RW         3849    .data               system_stm32f4xx.o
    0x200000c4   0x0800463c   0x00000004   Data   RW         4358    .data               mc_w.l(stdout.o)
    0x200000c8   0x08004640   0x00000004   Data   RW         4371    .data               mc_w.l(mvars.o)
    0x200000cc   0x08004644   0x00000004   Data   RW         4372    .data               mc_w.l(mvars.o)
    0x200000d0   0x08004648   0x00000004   Data   RW         4376    .data               mc_w.l(errno.o)
    0x200000d4        -       0x0000024c   Zero   RW          227    .bss                imu.o
    0x20000320        -       0x00000054   Zero   RW          334    .bss                i2c.o
    0x20000374        -       0x00000048   Zero   RW          376    .bss                tim.o
    0x200003bc        -       0x00000048   Zero   RW          418    .bss                usart.o
    0x20000404   0x0800464c   0x00000004   PAD
    0x20000408        -       0x00000200   Zero   RW            2    HEAP                startup_stm32f407xx.o
    0x20000608        -       0x00000400   Zero   RW            1    STACK               startup_stm32f407xx.o


==============================================================================

Image component sizes


      Code (inc. data)   RO Data    RW Data    ZI Data      Debug   Object Name

        24          0          0          0          0       1091   bmi088.o
       756          0          0          0          0      10636   bmi08a.o
       518          0          0          0          0       6669   bmi08g.o
       108          8          0          0          0        927   gpio.o
       168         26          0          0         84       1701   i2c.o
      1076         56          0        100        588      11483   imu.o
      1440        310          0         76          0     720548   main.o
        36          8        392          0       1536        840   startup_stm32f407xx.o
       180         28          0         12          0       9453   stm32f4xx_hal.o
       198         14          0          0          0      33875   stm32f4xx_hal_cortex.o
       522         46          0          0          0       2861   stm32f4xx_hal_gpio.o
      2300         52          0          0          0      13865   stm32f4xx_hal_i2c.o
        48          6          0          0          0        870   stm32f4xx_hal_msp.o
      1348         76          0          0          0       5276   stm32f4xx_hal_rcc.o
      1072         74          0          0          0      10417   stm32f4xx_hal_tim.o
       148         28          0          0          0       2513   stm32f4xx_hal_tim_ex.o
       720         10          0          0          0       4880   stm32f4xx_hal_uart.o
        32          6          0          0          0       4696   stm32f4xx_it.o
        16          4         24          4          0       1147   system_stm32f4xx.o
       156         10          0          0         72       1718   tim.o
       164         22          0          0         72       1742   usart.o

    ----------------------------------------------------------------------
     11048        784        448        196       2356     847208   Object Totals
         0          0         32          0          0          0   (incl. Generated)
        18          0          0          4          4          0   (incl. Padding)

    ----------------------------------------------------------------------

      Code (inc. data)   RO Data    RW Data    ZI Data      Debug   Library Member Name

       300         42          0          0          0        176   asinf.o
       592         90          0          0          0        184   atan2f.o
       336         56          0          0          0        136   cosf.o
        20          0          0          0          0        124   fabs.o
        38          0          0          0          0        116   fpclassifyf.o
        44         12          0          0          0        464   funder.o
       340         24         32          0          0        160   rredf.o
        62          0          0          0          0        136   sqrtf.o
       380         58          0          0          0        200   tanf.o
         0          0          0          0          0          0   entry.o
         0          0          0          0          0          0   entry10a.o
         0          0          0          0          0          0   entry11a.o
         8          4          0          0          0          0   entry2.o
         4          0          0          0          0          0   entry5.o
         0          0          0          0          0          0   entry7b.o
         0          0          0          0          0          0   entry8b.o
         8          4          0          0          0          0   entry9a.o
        12          6          0          4          0         68   errno.o
        30          0          0          0          0          0   handlers.o
        36          8          0          0          0         68   init.o
         0          0          0          0          0          0   iusefp.o
        30          0          0          0          0         68   llshl.o
        36          0          0          0          0         68   llsshr.o
        32          0          0          0          0         68   llushr.o
       188         20          0          0          0        160   malloc.o
        36          0          0          0          0        108   memseta.o
         0          0          0          8          0          0   mvars.o
      2258         90          0          0          0        452   printfa.o
         0          0          0          4          0          0   stdout.o
        44          0          0          0          0         80   uidiv.o
        98          0          0          0          0         92   uldiv.o
        48          0          0          0          0         68   cdcmple.o
        48          0          0          0          0         68   cdrcmple.o
        56          0          0          0          0         88   d2f.o
       334          0          0          0          0        148   dadd.o
       222          0          0          0          0        100   ddiv.o
       186          0          0          0          0        176   depilogue.o
        48          0          0          0          0         68   dfixul.o
       228          0          0          0          0         96   dmul.o
        38          0          0          0          0         68   f2d.o
       110          0          0          0          0        168   fepilogue.o

    ----------------------------------------------------------------------
      6256        414         32         16          0       3976   Library Totals
         6          0          0          0          0          0   (incl. Padding)

    ----------------------------------------------------------------------

      Code (inc. data)   RO Data    RW Data    ZI Data      Debug   Library Name

      2112        282         32          0          0       1696   m_wm.l
      2820        132          0         16          0       1232   mc_w.l
      1318          0          0          0          0       1048   mf_w.l

    ----------------------------------------------------------------------
      6256        414         32         16          0       3976   Library Totals

    ----------------------------------------------------------------------

==============================================================================


      Code (inc. data)   RO Data    RW Data    ZI Data      Debug   

     17304       1198        480        212       2356     839844   Grand Totals
     17304       1198        480        212       2356     839844   ELF Image Totals
     17304       1198        480        212          0          0   ROM Totals

==============================================================================

    Total RO  Size (Code + RO Data)                17784 (  17.37kB)
    Total RW  Size (RW Data + ZI Data)              2568 (   2.51kB)
    Total ROM Size (Code + RO Data + RW Data)      17996 (  17.57kB)

==============================================================================

